******************************************************************************
               TMS320C6x Linker Unix v8.3.3                    
******************************************************************************
>> Linked Fri Oct  2 09:38:03 2020

OUTPUT FILE NAME:   <xwr16xx_mmw_demo_dss.xe674>
ENTRY POINT SYMBOL: "_c_int00"  address: 007fd4c0


MEMORY CONFIGURATION

         name            origin    length      used     unused   attr    fill
----------------------  --------  ---------  --------  --------  ----  --------
PAGE 0:
  L2SRAM_UMAP1          007e0000   00020000  00020000  00000000  RWIX
  L2SRAM_UMAP0          00800000   00020000  0001acda  00005326  RWIX
  L1PSRAM               00e00000   00004000  00000000  00004000  RWIX
  L1DSRAM               00f00000   00004000  00004000  00000000  RWIX
  L3SRAM                20000000   000c0000  000c0000  00000000  RWIX
  HSRAM                 21080000   00008000  00008000  00000000  RWIX

PAGE 1:
  L3SRAM                20000000   000c0000  00000000  000c0000  RWIX


SEGMENT ALLOCATION MAP

run origin  load origin   length   init length attrs members
----------  ----------- ---------- ----------- ----- -------
007e0000    007e0000    00023000   00023000    r-x
  007e0000    007e0000    00000200   00000200    r-x .vecs
  007e0200    007e0200    0001fe00   0001fe00    r-x .text.1
  00800000    00800000    00002580   00002580    r-x .text.2
  00802580    00802580    00000a80   00000a80    r-- .const.1
00803000    00803000    00011400   00000000    rw-
  00803000    00803000    00009400   00000000    rw- .dpc_l2Heap
  0080c400    0080c400    00008000   00000000    rw- systemHeap
00814400    00814400    00002d0a   00002d0a    r--
  00814400    00814400    00002d0a   00002d0a    r-- .const.2
0081710c    0081710c    00000004   00000000    rw-
  0081710c    0081710c    00000004   00000000    rw- .bss
00817110    00817110    00002344   00000000    rw-
  00817110    00817110    00002344   00000000    rw- .far
00819458    00819458    000017c8   00000ea4    rw-
  00819458    00819458    00000ea4   00000ea4    rw- .fardata
  0081a300    0081a300    00000800   00000000    rw- .stack
  0081ab00    0081ab00    00000120   00000000    rw- .cio
0081ac20    0081ac20    000000b8   000000b8    r--
  0081ac20    0081ac20    000000b8   000000b8    r-- .switch
0081acd8    0081acd8    0000000c   0000000c    rw-
  0081acd8    0081acd8    0000000c   0000000c    rw- .neardata
00f00000    00f00000    00004000   00000000    rw-
  00f00000    00f00000    00004000   00000000    rw- .dpc_l1Heap
20000000    20000000    000c0000   00000000    rw-
  20000000    20000000    000c0000   00000000    rw- .l3ram
21080000    21080000    00008000   00000000    rw-
  21080000    21080000    00008000   00000000    rw- .demoSharedMem


SECTION ALLOCATION MAP

 output                                  attributes/
section   page    origin      length       input sections
--------  ----  ----------  ----------   ----------------
xdc.meta   0    00000000    00000108     COPY SECTION
                  00000000    00000108     mmw_dss_pe674.oe674 (xdc.meta)

.vecs      0    007e0000    00000200     
                  007e0000    00000200     mmw_dss_pe674.oe674 (.vecs)

.bss       0    0081710c    00000004     UNINITIALIZED
                  0081710c    00000004     (.common:gObjDetObj)

.stack     0    0081a300    00000800     UNINITIALIZED
                  0081a300    00000008     boot.ae674 : boot.oe674 (.stack)
                  0081a308    000007f8     --HOLE--

.neardata 
*          0    0081acd8    0000000c     
                  0081acd8    00000004     dss_main.oe674 (.neardata)
                  0081acdc    00000004     libdpm_xwr16xx.ae674 : dpm_mailbox.oe674 (.neardata)
                  0081ace0    00000004     libedma_xwr16xx.ae674 : edma_low_level.oe674 (.neardata)

.cinit     0    00800000    00000000     UNINITIALIZED

.far       0    00817110    00002344     UNINITIALIZED
                  00817110    00001900     (.common:xdc_runtime_LoggerBuf_Instance_State_0_entryArr__A)
                  00818a10    000004d8     libedma_xwr16xx.ae674 : edma.oe674 (.far:EDMA_object)
                  00818ee8    00000320     mmw_dss_pe674.oe674 (.far:taskStackSection)
                  00819208    00000140     (.common:__TI_tmpnams)
                  00819348    000000d4     (.common:gMmwDssMCB)
                  0081941c    00000018     (.common:resultBuffer)
                  00819434    00000010     (.common:edmaDbg)
                  00819444    00000004     --HOLE--
                  00819448    00000008     (.common:parmbuf)
                  00819450    00000004     (.common:ti_sysbios_knl_Task_Instance_State_0_hookEnv__A)

.dpc_l1Heap 
*          0    00f00000    00004000     UNINITIALIZED
                  00f00000    00004000     dss_main.oe674 (.dpc_l1Heap)

.text.1    0    007e0200    0001fe00     
                  007e0200    00000ba0     sysbios.ae674 : BIOS.obj (.text:xdc_runtime_System_doPrint__I)
                  007e0da0    00000b00     libmmwavealg_xwr16xx.ae674 : mmwavelib_ffttwiddle_gen.oe674 (.text:mmwavelib_gen_twiddle_largefft_16x16_imre_sa)
                  007e18a0    00000960     libaoaproc_dsp_xwr16xx.ae674 : aoaprocdsp.oe674 (.text:AoAProcDSP_processMultipleVirtualAntennas)
                  007e2200    000008c0     objectdetection.oe674 (.text:DPC_ObjectDetection_ioctl)
                  007e2ac0    00000780     sysbios.ae674 : BIOS.obj (.text:ti_sysbios_family_c64p_Exception_handler__I)
                  007e3240    00000720     objectdetection.oe674 (.text:DPC_ObjDetDSP_rangeBiasRxChPhaseMeasure)
                  007e3960    000006a0     libmmwavealg_xwr16xx.ae674 : mmwavelib_cfarca_sogo.oe674 (.text:mmwavelib_cfarCadB_SOGO_wNoise)
                  007e4000    000006a0     sysbios.ae674 : BIOS.obj (.text:ti_sysbios_knl_Semaphore_pend__E)
                  007e46a0    00000680                   : BIOS.obj (.text:ti_sysbios_heaps_HeapMem_allocUnprotected__E)
                  007e4d20    00000660                   : BIOS.obj (.text:ti_sysbios_heaps_HeapMem_freeUnprotected__E)
                  007e5380    00000600     rts6740_elf.lib : divd.c.obj (.text:__c6xabi_divd)
                  007e5980    000005c0     libdopplerproc_dsp_xwr16xx.ae674 : dopplerprocdsp.oe674 (.text:DPU_DopplerProcDSP_process)
                  007e5f40    000005a0     objectdetection.oe674 (.text:DPC_ObjDetDSP_preStartConfig)
                  007e64e0    00000580     libaoaproc_dsp_xwr16xx.ae674 : aoaprocdsp.oe674 (.text:DPU_AoAProcDSP_config)
                  007e6a60    00000580     libmmwavealg_xwr16xx.ae674 : mmwavelib_peakpruning.oe674 (.text:mmwavelib_cfarPeakQualifiedInOrderPruning)
                  007e6fe0    00000580     sysbios.ae674 : BIOS.obj (.text:ti_sysbios_knl_Task_Instance_finalize__E)
                  007e7560    00000500     librangeproc_dsp_xwr16xx.ae674 : rangeprocdsp.oe674 (.text:DPU_RangeProcDSP_process)
                  007e7a60    000004e0     libmmwavealg_xwr16xx.ae674 : mmwavelib_windowcoef_gen.oe674 (.text:mmwavelib_windowCoef_gen)
                  007e7f40    000004c0     objectdetection.oe674 (.text:DPC_ObjDetDSP_AoAconfig)
                  007e8400    000004a0     libdopplerproc_dsp_xwr16xx.ae674 : dopplerprocdsp.oe674 (.text:DPU_DopplerProcDSP_config)
                  007e88a0    00000480     librangeproc_dsp_xwr16xx.ae674 : rangeprocdsp.oe674 (.text:DPU_RangeProcDSP_config)
                  007e8d20    00000480     dss_main.oe674 (.text:MmwDemo_DPC_ObjectDetection_dpmTask)
                  007e91a0    00000460     libmmwavealg_xwr16xx.ae674 : mmwavelib_cfarca.oe674 (.text:mmwavelib_cfarCadBwrap_wNoise)
                  007e9600    00000440     libcfarcaproc_dsp_xwr16xx.ae674 : cfarcaprocdsp.oe674 (.text:CFARCADSP_processRangeDomain)
                  007e9a40    00000440     sysbios.ae674 : BIOS.obj (.text:ti_sysbios_knl_Task_Instance_init__E)
                  007e9e80    00000420     libmailbox_xwr16xx.ae674 : mailbox.oe674 (.text:Mailbox_open)
                  007ea2a0    00000400     libaoaproc_dsp_xwr16xx.ae674 : aoaprocdsp.oe674 (.text:AoAProcDSP_RangeAzimuthHeatmap)
                  007ea6a0    000003e0     libmmwavealg_xwr16xx.ae674 : mmwavelib_peakpruning.oe674 (.text:mmwavelib_cfarPeakPruning)
                  007eaa80    000003e0     sysbios.ae674 : BIOS.obj (.text:ti_sysbios_knl_Task_sleep__E)
                  007eae60    000003e0                   : BIOS.obj (.text:ti_sysbios_utils_Load_updateThreadContexts__E)
                  007eb240    000003a0     libcfarcaproc_dsp_xwr16xx.ae674 : cfarcaprocdsp.oe674 (.text:DPU_CFARCAProcDSP_process)
                  007eb5e0    00000380     dsplib.ae64P : DSP_fft32x32_sa.oe64P (.text:psa)
                  007eb960    00000360     libdpm_xwr16xx.ae674 : dpm_core.oe674 (.text:DPM_init)
                  007ebcc0    00000360                          : dpm_msg.oe674 (.text:DPM_msgRecv)
                  007ec020    00000340     libcfarcaproc_dsp_xwr16xx.ae674 : cfarcaprocdsp.oe674 (.text:CFARCADSP_processDopplerDomain)
                  007ec360    00000340     librangeproc_dsp_xwr16xx.ae674 : rangeprocdsp.oe674 (.text:rangeProcDSP_dcRangeSignatureCompensation)
                  007ec6a0    00000300     objectdetection.oe674 (.text:DPC_ObjectDetection_execute)
                  007ec9a0    00000300     dsplib.ae64P : DSP_fft16x16_imre_sa.oe64P (.text:psa)
                  007ecca0    00000300     sysbios.ae674 : BIOS.obj (.text:xdc_runtime_LoggerBuf_write8__E)
                  007ecfa0    000002e0     rts6740_elf.lib : sin.c.obj (.text:sin)
                  007ed280    000002e0     sysbios.ae674 : BIOS.obj (.text:ti_sysbios_heaps_HeapMem_Instance_init__E)
                  007ed560    000002e0                   : BIOS.obj (.text:xdc_runtime_Core_createObject__I)
                  007ed840    000002c0     libaoaproc_dsp_xwr16xx.ae674 : aoaprocdsp.oe674 (.text:AoAProcDSP_dopplerCompensation)
                  007edb00    000002c0     objectdetection.oe674 (.text:DPC_ObjDetDSP_dopplerConfig)
                  007eddc0    000002c0     libedma_xwr16xx.ae674 : edma.oe674 (.text:EDMA_configChannel)
                  007ee080    000002c0                           : edma.oe674 (.text:EDMA_configErrorMonitoring)
                  007ee340    000002c0     sysbios.ae674 : BIOS.obj (.text:ti_sysbios_knl_Task_postInit__I)
                  007ee600    000002c0                   : BIOS.obj (.text:ti_sysbios_timers_rti_Timer_Module_startup__E)
                  007ee8c0    000002a0     libaoaproc_dsp_xwr16xx.ae674 : aoaprocdsp.oe674 (.text:AoAProcDSP_XYZestimation)
                  007eeb60    000002a0                                  : aoaprocdsp.oe674 (.text:DPU_AoAProcDSP_control)
                  007eee00    000002a0     libedma_xwr16xx.ae674 : edma.oe674 (.text:EDMA_open)
                  007ef0a0    000002a0     rts6740_elf.lib : divf.c.obj (.text:__c6xabi_divf)
                  007ef340    000002a0     sysbios.ae674 : BIOS.obj (.text:ti_sysbios_family_c64p_EventCombiner_dispatch__E)
                  007ef5e0    000002a0                   : BIOS.obj (.text:ti_sysbios_timers_rti_Timer_getFreq__E)
                  007ef880    00000280     libcfarcaproc_dsp_xwr16xx.ae674 : cfarcaprocdsp.oe674 (.text:DPU_CFARCAProcDSP_config)
                  007efb00    00000280     sysbios.ae674 : BIOS.obj (.text:ti_sysbios_family_c64p_Cache_Module_startup__E)
                  007efd80    00000280                   : BIOS.obj (.text:xdc_runtime_Startup_startMods__I)
                  007f0000    00000260     objectdetection.oe674 (.text:DPC_ObjDetDSP_rangeConfig)
                  007f0260    00000260     rts6740_elf.lib : imath64.c.obj (.text:__c6xabi_divull)
                  007f04c0    00000260     sysbios.ae674 : BIOS.obj (.text:ti_sysbios_gates_GateMutex_enter__E)
                  007f0720    00000240     libcfarcaproc_dsp_xwr16xx.ae674 : cfarcaprocdsp.oe674 (.text:DPU_CFARCAProcDSP_control)
                  007f0960    00000240     dss_main.oe674 (.text:MmwDemo_dssInitTask)
                  007f0ba0    00000240     libmmwavealg_xwr16xx.ae674 : mmwavelib_ffttwiddle_gen.oe674 (.text:mmwavelib_gen_twiddle_fft16x16_imre_sa)
                  007f0de0    00000240     sysbios.ae674 : BIOS.obj (.text:ti_sysbios_family_c64p_Exception_internalHandler__I)
                  007f1020    00000240                   : BIOS.obj (.text:xdc_runtime_Error_policyDefault__E)
                  007f1260    00000240     mmw_dss_pe674.oe674 (.text:xdc_runtime_System_printfExtend__I)
                  007f14a0    00000220     objectdetection.oe674 (.text:DPC_ObjDetDSP_CFARCAconfig)
                  007f16c0    00000220     libedma_xwr16xx.ae674 : edma.oe674 (.text:EDMA_transferComplete_isr)
                  007f18e0    00000220     libmailbox_xwr16xx.ae674 : mailbox.oe674 (.text:Mailbox_write)
                  007f1b00    00000220     sysbios.ae674 : BIOS.obj (.text:ti_sysbios_family_c64p_EventCombiner_dispatchPlug__E)
                  007f1d20    00000220                   : BIOS.obj (.text:ti_sysbios_family_c64p_EventCombiner_enableEvent__E)
                  007f1f40    00000220                   : BIOS.obj (.text:xdc_runtime_LoggerBuf_write4__E)
                  007f2160    00000200     objectdetection.oe674 (.text:DPC_ObjectDetection_init)
                  007f2360    00000200     libdpm_xwr16xx.ae674 : dpm_msg.oe674 (.text:DPM_msgResultHandler)
                  007f2560    00000200     libaoaproc_dsp_xwr16xx.ae674 : aoaprocdsp.oe674 (.text:DPU_AoAProcDSP_process)
                  007f2760    00000200     sysbios.ae674 : c64p_Hwi_disp_always.obj (.text:_ti_sysbios_family_c64p_Hwi_dispatchAlways)
                  007f2960    00000200     rts6740_elf.lib : atan.c.obj (.text:atan)
                  007f2b60    00000200     libmmwavealg_xwr16xx.ae674 : mmwavelib_log2abs.oe674 (.text:mmwavelib_log2Abs32)
                  007f2d60    00000200     sysbios.ae674 : BIOS.obj (.text:ti_sysbios_family_c64p_EventCombiner_disableEvent__E)
                  007f2f60    00000200                   : BIOS.obj (.text:ti_sysbios_utils_Load_idleFxn__E)
                  007f3160    00000200                   : BIOS.obj (.text:xdc_runtime_Core_constructObject__I)
                  007f3360    000001e0     libedma_xwr16xx.ae674 : edma.oe674 (.text:EDMA_init)
                  007f3540    000001e0     libmmwavealg_xwr16xx.ae674 : mmwavelib_ffttwiddle_gen.oe674 (.text:mmwavelib_gen_twiddle_smallfft_32x32)
                  007f3720    000001e0                                : mmwavelib_windowing.oe674 (.text:mmwavelib_windowing16x16_evenlen)
                  007f3900    000001e0     sysbios.ae674 : BIOS.obj (.text:ti_sysbios_knl_Semaphore_post__E)
                  007f3ae0    000001c0     libdpedma_base_xwr16xx.ae674 : dpedma.oe674 (.text:DPEDMA_configSyncAB)
                  007f3ca0    000001c0                                  : dpedma.oe674 (.text:DPEDMA_configSyncA_singleFrame)
                  007f3e60    000001c0     libmailbox_xwr16xx.ae674 : mailbox.oe674 (.text:Mailbox_read)
                  007f4020    000001c0     libsoc_xwr16xx.ae674 : soc.oe674 (.text:SOC_deregisterSysIntListener)
                  007f41e0    000001c0     rts6740_elf.lib : atan2.c.obj (.text:atan2)
                  007f43a0    000001c0                     : fputc.c.obj (.text:fputc)
                  007f4560    000001c0                     : frexp.c.obj (.text:frexp)
                  007f4720    000001c0     libmmwavealg_xwr16xx.ae674 : mmwavelib_secondpeak.oe674 (.text:mmwavelib_secondPeakSearch)
                  007f48e0    000001c0     rts6740_elf.lib : setvbuf.c.obj (.text:setvbuf)
                  007f4aa0    000001c0     sysbios.ae674 : BIOS.obj (.text:ti_sysbios_knl_Swi_restoreHwi__E)
                  007f4c60    000001c0                   : BIOS.obj (.text:ti_sysbios_knl_Task_checkStacks__E)
                  007f4e20    000001c0                   : BIOS.obj (.text:xdc_runtime_Text_putSite__E)
                  007f4fe0    000001a0     libedma_xwr16xx.ae674 : edma.oe674 (.text:EDMA_paramConfig_assist)
                  007f5180    000001a0     rts6740_elf.lib : hostrename.c.obj (.text:HOSTrename)
                  007f5320    000001a0     sysbios.ae674 : BIOS.obj (.text:ti_sysbios_family_c64p_Cache_getL2InitSize__I)
                  007f54c0    000001a0                   : BIOS.obj (.text:ti_sysbios_heaps_HeapBuf_Module_startup__E)
                  007f5660    000001a0                   : BIOS.obj (.text:ti_sysbios_knl_Swi_runLoop__I)
                  007f5800    000001a0                   : BIOS.obj (.text:ti_sysbios_knl_Task_exit__E)
                  007f59a0    000001a0                   : BIOS.obj (.text:ti_sysbios_timers_rti_Timer_startup__E)
                  007f5b40    00000180     libdpm_xwr16xx.ae674 : dpm_core.oe674 (.text:DPM_deinit)
                  007f5cc0    00000180                          : dpm_core.oe674 (.text:DPM_ioctl)
                  007f5e40    00000180     dss_main.oe674 (.text:MmwDemo_sensorStopEpilog)
                  007f5fc0    00000180     sysbios.ae674 : c64p_Exception_asm.obj (.text)
                  007f6140    00000180                   : BIOS.obj (.text:ti_sysbios_knl_Task_schedule__I)
                  007f62c0    00000180                   : BIOS.obj (.text:ti_sysbios_utils_Load_startup__E)
                  007f6440    00000160     libdpm_xwr16xx.ae674 : dpm_msg.oe674 (.text:DPM_msgResponseHandler)
                  007f65a0    00000160     librangeproc_dsp_xwr16xx.ae674 : rangeprocdsp.oe674 (.text:DPU_RangeProcDSP_control)
                  007f6700    00000160     libedma_xwr16xx.ae674 : edma.oe674 (.text:EDMA_getErrorStatusInfo)
                  007f6860    00000160     libmailbox_xwr16xx.ae674 : mailbox.oe674 (.text:Mailbox_close)
                  007f69c0    00000160     libsoc_xwr16xx.ae674 : soc.oe674 (.text:SOC_registerSysIntListener)
                  007f6b20    00000160     rts6740_elf.lib : sqrt.c.obj (.text:sqrt)
                  007f6c80    00000160     sysbios.ae674 : BIOS.obj (.text:ti_sysbios_family_c64p_Cache_getL1DInitSize__I)
                  007f6de0    00000160                   : BIOS.obj (.text:ti_sysbios_family_c64p_Cache_getL1PInitSize__I)
                  007f6f40    00000160                   : BIOS.obj (.text:ti_sysbios_family_c64p_Hwi_Module_startup__E)
                  007f70a0    00000160                   : BIOS.obj (.text:xdc_runtime_Core_deleteObject__I)
                  007f7200    00000160                   : BIOS.obj (.text:xdc_runtime_LoggerBuf_getFilterLevel__E)
                  007f7360    00000160                   : BIOS.obj (.text:xdc_runtime_LoggerBuf_setFilterLevel__E)
                  007f74c0    00000140     libaoaproc_dsp_xwr16xx.ae674 : aoaprocdsp.oe674 (.text:AoAProcDSP_ConvertFov)
                  007f7600    00000140     libedma_xwr16xx.ae674 : edma_low_level.oe674 (.text:EDMA3Init)
                  007f7740    00000140                           : edma.oe674 (.text:EDMA_clearErrors)
                  007f7880    00000140     dss_main.oe674 (.text:MmwDemo_DPC_ObjectDetection_reportFxn)
                  007f79c0    00000140     libsoc_xwr16xx.ae674 : soc.oe674 (.text:SOC_init)
                  007f7b00    00000140     librangeproc_dsp_xwr16xx.ae674 : rangeprocdsp.oe674 (.text:rangeProcDSP_ConfigDataOutEDMA)
                  007f7c40    00000140     sysbios.ae674 : BIOS.obj (.text:ti_sysbios_knl_Semaphore_Instance_init__E)
                  007f7d80    00000140                   : BIOS.obj (.text:ti_sysbios_knl_Task_Module_startup__E)
                  007f7ec0    00000140                   : BIOS.obj (.text:ti_sysbios_knl_Task_startCore__E)
                  007f8000    00000140                   : BIOS.obj (.text:ti_sysbios_timers_rti_Timer_initDevice__I)
                  007f8140    00000140                   : BIOS.obj (.text:ti_sysbios_utils_Load_addTask__E)
                  007f8280    00000140                   : BIOS.obj (.text:ti_sysbios_utils_Load_updateLoads__E)
                  007f83c0    00000140                   : BIOS.obj (.text:xdc_runtime_Memory_alloc__E)
                  007f8500    00000140                   : BIOS.obj (.text:xdc_runtime_Text_putLab__E)
                  007f8640    00000140                   : BIOS.obj (.text:xdc_runtime_Text_putMod__E)
                  007f8780    00000140                   : BIOS.obj (.text:xdc_runtime_Text_visitRope2__I)
                  007f88c0    00000120     objectdetection.oe674 (.text:DPC_ObjDetDSP_GetRxChPhaseComp)
                  007f89e0    00000120     objectdetection.oe674 (.text:DPC_ObjDetDSP_reconfigSubFrame)
                  007f8b00    00000120     libdpm_xwr16xx.ae674 : dpm_msg.oe674 (.text:DPM_msgDPCCfgHandler)
                  007f8c20    00000120     libedma_xwr16xx.ae674 : edma.oe674 (.text:EDMA_configParamSet)
                  007f8d40    00000120     boot.ae674 : autoinit.oe674 (.text:_auto_init_elf)
                  007f8e60    00000120     rts6740_elf.lib : getdevice.c.obj (.text:getdevice)
                  007f8f80    00000120     mathlib.ae674 : cossp.oe674 (.text:optasm)
                  007f90a0    00000120                   : sinsp.oe674 (.text:optasm)
                  007f91c0    00000120     sysbios.ae674 : BIOS.obj (.text:ti_sysbios_knl_Clock_workFunc__E)
                  007f92e0    00000120                   : BIOS.obj (.text:ti_sysbios_timers_rti_Timer_setPeriodMicroSecs__E)
                  007f9400    00000120                   : BIOS.obj (.text:ti_sysbios_utils_Load_taskCreateHook__E)
                  007f9520    00000120                   : BIOS.obj (.text:ti_sysbios_utils_Load_taskDeleteHook__E)
                  007f9640    00000100     libmailbox_xwr16xx.ae674 : mailbox.oe674 (.text:Mailbox_readFlush)
                  007f9740    00000100     libsoc_xwr16xx.ae674 : soc_xwr16xx_dss.oe674 (.text:SOC_deviceInit)
                  007f9840    00000100                          : soc_xwr16xx.oe674 (.text:SOC_translateAddress)
                  007f9940    00000100     rts6740_elf.lib : fclose.c.obj (.text:__TI_closefile)
                  007f9a40    00000100                     : fflush.c.obj (.text:fflush)
                  007f9b40    00000100                     : fseek.c.obj (.text:fseek)
                  007f9c40    00000100     dss_main.oe674 (.text:main)
                  007f9d40    00000100     libmmwavealg_xwr16xx.ae674 : mmwavelib_dftsinglebin.oe674 (.text:mmwavelib_dftSinCosTabelGen)
                  007f9e40    00000100     sysbios.ae674 : BIOS.obj (.text:xdc_runtime_Error_print__E)
                  007f9f40    00000100                   : BIOS.obj (.text:xdc_runtime_Startup_exec__E)
                  007fa040    000000e0     objectdetection.oe674 (.text:DPC_ObjectDetection_deinit)
                  007fa120    000000e0     libdpm_xwr16xx.ae674 : dpm_core.oe674 (.text:DPM_execute)
                  007fa200    000000e0                          : dpm_pipe.oe674 (.text:DPM_pipeSend)
                  007fa2e0    000000e0     libedma_xwr16xx.ae674 : edma.oe674 (.text:EDMA_isTransferComplete)
                  007fa3c0    000000e0                           : edma.oe674 (.text:EDMA_transferController_error_isr)
                  007fa4a0    000000e0     rts6740_elf.lib : hostlseek.c.obj (.text:HOSTlseek)
                  007fa580    000000e0                     : hostopen.c.obj (.text:HOSTopen)
                  007fa660    000000e0                     : hostwrite.c.obj (.text:HOSTwrite)
                  007fa740    000000e0     libmailbox_xwr16xx.ae674 : mailbox.oe674 (.text:Mailbox_boxFullISRMssDss)
                  007fa820    000000e0                              : mailbox.oe674 (.text:Mailbox_init)
                  007fa900    000000e0     rts6740_elf.lib : _io_perm.c.obj (.text:__TI_wrt_ok)
                  007fa9e0    000000e0                     : divi.asm.obj (.text:__divi)
                  007faac0    000000e0                     : close.c.obj (.text:close)
                  007faba0    000000e0                     : exit.c.obj (.text:exit)
                  007fac80    000000e0                     : memset.c.obj (.text:memset)
                  007fad60    000000e0     sysbios.ae674 : BIOS.obj (.text:ti_sysbios_utils_Load_updateCurrentThreadTime__E)
                  007fae40    000000c0     libaoaproc_dsp_xwr16xx.ae674 : aoaprocdsp.oe674 (.text:AoAProcDSP_computeHeatMapVal)
                  007faf00    000000c0     libcfarcaproc_dsp_xwr16xx.ae674 : cfarcaprocdsp.oe674 (.text:CFARCADSP_saveConfiguration)
                  007fafc0    000000c0     objectdetection.oe674 (.text:DPC_ObjectDetection_frameStart)
                  007fb080    000000c0     libdpm_xwr16xx.ae674 : dpm_mailbox.oe674 (.text:DPM_mboxRemoteMailboxCallbackFxn)
                  007fb140    000000c0                          : dpm_core.oe674 (.text:DPM_sendResult)
                  007fb200    000000c0     libdopplerproc_dsp_xwr16xx.ae674 : dopplerprocdsp.oe674 (.text:DPU_DopplerProcDSP_log2AbsAccum)
                  007fb2c0    000000c0     libosal_xwr16xx.ae674 : DebugP_tirtos.oe674 (.text:DebugP_log0)
                  007fb380    000000c0                           : DebugP_tirtos.oe674 (.text:DebugP_log1)
                  007fb440    000000c0                           : DebugP_tirtos.oe674 (.text:DebugP_log2)
                  007fb500    000000c0     libedma_xwr16xx.ae674 : edma.oe674 (.text:EDMA_error_isr)
                  007fb5c0    000000c0                           : edma.oe674 (.text:EDMA_startDmaTransfer)
                  007fb680    000000c0     rts6740_elf.lib : hostread.c.obj (.text:HOSTread)
                  007fb740    000000c0                     : hostunlink.c.obj (.text:HOSTunlink)
                  007fb800    000000c0     libmailbox_xwr16xx.ae674 : mailbox.oe674 (.text:Mailbox_boxFullISRProcessing)
                  007fb8c0    000000c0     data_path.oe674 (.text:MmwDemo_edmaOpen)
                  007fb980    000000c0     objectdetection.oe674 (.text:_DPC_Objdet_Assert)
                  007fba40    000000c0     rts6740_elf.lib : divu.asm.obj (.text:__divu)
                  007fbb00    000000c0                     : remi.asm.obj (.text:__remi)
                  007fbbc0    000000c0     libmmwavealg_xwr16xx.ae674 : mmwavelib_maxpow.oe674 (.text:mmwavelib_maxpow)
                  007fbc80    000000c0                                : mmwavelib_maxpow.oe674 (.text:mmwavelib_powerAndMax)
                  007fbd40    000000c0     rts6740_elf.lib : modf.c.obj (.text:modf)
                  007fbe00    000000c0     sysbios.ae674 : BIOS.obj (.text:ti_sysbios_family_c64p_Hwi_dispatchCore__I)
                  007fbec0    000000c0                   : BIOS.obj (.text:ti_sysbios_heaps_HeapMem_alloc__E)
                  007fbf80    000000c0                   : BIOS.obj (.text:ti_sysbios_heaps_HeapMem_getStats__E)
                  007fc040    000000c0                   : BIOS.obj (.text:ti_sysbios_knl_Swi_schedule__I)
                  007fc100    000000c0                   : BIOS.obj (.text:ti_sysbios_knl_Task_allBlockedFunction__I)
                  007fc1c0    000000c0     mmw_dss_pe674.oe674 (.text:ti_sysbios_knl_Task_create)
                  007fc280    000000c0     sysbios.ae674 : BIOS.obj (.text:ti_sysbios_knl_Task_stat__E)
                  007fc340    000000c0                   : BIOS.obj (.text:ti_sysbios_utils_Load_taskSwitchHook__E)
                  007fc400    000000c0     rts6740_elf.lib : tls.c.obj (.text:tls:init:__TI_tls_init)
                  007fc4c0    000000c0     sysbios.ae674 : BIOS.obj (.text:xdc_runtime_Assert_raise__I)
                  007fc580    000000c0                   : BIOS.obj (.text:xdc_runtime_LoggerBuf_Instance_init__E)
                  007fc640    000000c0     mmw_dss_pe674.oe674 (.text:xdc_runtime_LoggerBuf_Object__create__S)
                  007fc700    000000a0     libcfarcaproc_dsp_xwr16xx.ae674 : cfarcaprocdsp.oe674 (.text:CFARCADSP_configEDMARangeDomain)
                  007fc7a0    000000a0                                     : cfarcaprocdsp.oe674 (.text:CFARCADSP_fovConvertDoppler)
                  007fc840    000000a0     objectdetection.oe674 (.text:DPC_ObjDetDSP_GenDopplerWindow)
                  007fc8e0    000000a0     objectdetection.oe674 (.text:DPC_ObjDetDSP_GenRangeWindow)
                  007fc980    000000a0     objectdetection.oe674 (.text:DPC_ObjectDetection_start)
                  007fca20    000000a0     objectdetection.oe674 (.text:DPC_ObjectDetection_stop)
                  007fcac0    000000a0     libdpedma_base_xwr16xx.ae674 : dpedma.oe674 (.text:DPEDMA_setup_shadow_link)
                  007fcb60    000000a0     libdpm_xwr16xx.ae674 : dpm_mailbox.oe674 (.text:DPM_mboxInit)
                  007fcc00    000000a0                          : dpm_msg.oe674 (.text:DPM_msgStartHandler)
                  007fcca0    000000a0                          : dpm_msg.oe674 (.text:DPM_msgStopHandler)
                  007fcd40    000000a0                          : dpm_core.oe674 (.text:DPM_notifyExecute)
                  007fcde0    000000a0                          : dpm_pipe.oe674 (.text:DPM_pipeRecv)
                  007fce80    000000a0     libedma_xwr16xx.ae674 : edma_low_level.oe674 (.text:EDMA3EnableChInShadowReg)
                  007fcf20    000000a0                           : edma.oe674 (.text:EDMA_disableChannel)
                  007fcfc0    000000a0                           : edma.oe674 (.text:EDMA_enableChannel)
                  007fd060    000000a0     rts6740_elf.lib : hostclose.c.obj (.text:HOSTclose)
                  007fd100    000000a0     libmailbox_xwr16xx.ae674 : mailbox.oe674 (.text:Mailbox_boxEmptyISRProcessing)
                  007fd1a0    000000a0     libsoc_xwr16xx.ae674 : soc.oe674 (.text:SOC_SystemISR)
                  007fd240    000000a0     rts6740_elf.lib : fopen.c.obj (.text:__TI_cleanup)
                  007fd2e0    000000a0                     : fflush.c.obj (.text:__TI_doflush)
                  007fd380    000000a0                     : round.c.obj (.text:__c6xabi_nround)
                  007fd420    000000a0                     : remu.asm.obj (.text:__remu)
                  007fd4c0    000000a0     boot.ae674 : boot.oe674 (.text:_c_int00)
                  007fd560    000000a0     rts6740_elf.lib : getdevice.c.obj (.text:finddevice)
                  007fd600    000000a0                     : memcpy64.asm.obj (.text:memcpy)
                  007fd6a0    000000a0     libmmwavealg_xwr16xx.ae674 : mmwavelib_vecsum.oe674 (.text:mmwavelib_vecsum)
                  007fd740    000000a0                                : mmwavelib_windowing.oe674 (.text:mmwavelib_windowing16x32_IQswap)
                  007fd7e0    000000a0     mathlib.ae674 : sqrtsp.oe674 (.text:optasm)
                  007fd880    000000a0     sysbios.ae674 : BIOS.obj (.text:ti_sysbios_family_c64p_Exception_Module_startup__E)
                  007fd920    000000a0                   : BIOS.obj (.text:ti_sysbios_family_c64p_Hwi_dispatchC__I)
                  007fd9c0    000000a0                   : BIOS.obj (.text:ti_sysbios_family_c64p_Hwi_getStackInfo__E)
                  007fda60    000000a0                   : BIOS.obj (.text:ti_sysbios_hal_Hwi_checkStack)
                  007fdb00    000000a0                   : BIOS.obj (.text:ti_sysbios_knl_Semaphore_pendTimeout__I)
                  007fdba0    000000a0                   : BIOS.obj (.text:xdc_runtime_Core_assignLabel__I)
                  007fdc40    000000a0                   : BIOS.obj (.text:xdc_runtime_Core_assignParams__I)
                  007fdce0    000000a0                   : BIOS.obj (.text:xdc_runtime_LoggerBuf_Module_startup__E)
                  007fdd80    000000a0                   : BIOS.obj (.text:xdc_runtime_System_atexit__E)
                  007fde20    000000a0                   : BIOS.obj (.text:xdc_runtime_System_exit__E)
                  007fdec0    000000a0                   : BIOS.obj (.text:xdc_runtime_Text_printVisFxn__I)
                  007fdf60    000000a0                   : BIOS.obj (.text:xdc_runtime_Text_xprintf__I)
                  007fe000    00000080     libaoaproc_dsp_xwr16xx.ae674 : aoaprocdsp.oe674 (.text:AoAProcDSP_waitInData)
                  007fe080    00000080     libcfarcaproc_dsp_xwr16xx.ae674 : cfarcaprocdsp.oe674 (.text:CFARCADSP_fovConvertRange)
                  007fe100    00000080     objectdetection.oe674 (.text:DPC_ObjectDetection_chirpEvent)
                  007fe180    00000080     libdpm_xwr16xx.ae674 : dpm_mailbox.oe674 (.text:DPM_mboxSendResult)
                  007fe200    00000080                          : dpm_pipe.oe674 (.text:DPM_pipeDeinit)
                  007fe280    00000080                          : dpm_pipe.oe674 (.text:DPM_pipeInit)
                  007fe300    00000080                          : dpm_core.oe674 (.text:DPM_synch)
                  007fe380    00000080     libcfarcaproc_dsp_xwr16xx.ae674 : cfarcaprocdsp.oe674 (.text:DPU_CFARCAProcDSP_init)
                  007fe400    00000080     libdopplerproc_dsp_xwr16xx.ae674 : dopplerprocdsp.oe674 (.text:DPU_DopplerProcDSP_control)
                  007fe480    00000080                                      : dopplerprocdsp.oe674 (.text:DPU_DopplerProcDSP_init)
                  007fe500    00000080     libedma_xwr16xx.ae674 : edma_low_level.oe674 (.text:EDMA3MapChToEvtQ)
                  007fe580    00000080                           : edma.oe674 (.text:EDMA_getTransferControllerErrorStatusInfo)
                  007fe600    00000080                           : edma.oe674 (.text:EDMA_linkParamSets)
                  007fe680    00000080     libosal_xwr16xx.ae674 : SemaphoreP_tirtos.oe674 (.text:SemaphoreP_create)
                  007fe700    00000080     rts6740_elf.lib : trgmsg.c.obj (.text:__TI_readmsg)
                  007fe780    00000080                     : llshift.c.obj (.text:__c6xabi_llshl)
                  007fe800    00000080     sysbios.ae674 : c62_TaskSupport_asm.obj (.text:_ti_sysbios_family_c62_TaskSupport_swap__E)
                  007fe880    00000080     mmw_dss_pe674.oe674 (.text:ti_sysbios_BIOS_atExitFunc__I)
                  007fe900    00000080     mmw_dss_pe674.oe674 (.text:ti_sysbios_BIOS_registerRTSLock__I)
                  007fe980    00000080     mmw_dss_pe674.oe674 (.text:ti_sysbios_gates_GateHwi_Object__create__S)
                  007fea00    00000080     mmw_dss_pe674.oe674 (.text:ti_sysbios_gates_GateMutex_Object__create__S)
                  007fea80    00000080     mmw_dss_pe674.oe674 (.text:ti_sysbios_heaps_HeapMem_Object__create__S)
                  007feb00    00000080     sysbios.ae674 : BIOS.obj (.text:ti_sysbios_heaps_HeapMem_init__I)
                  007feb80    00000080     mmw_dss_pe674.oe674 (.text:ti_sysbios_knl_Clock_doTick__I)
                  007fec00    00000080     sysbios.ae674 : BIOS.obj (.text:ti_sysbios_knl_Idle_run__E)
                  007fec80    00000080     mmw_dss_pe674.oe674 (.text:ti_sysbios_knl_Semaphore_create)
                  007fed00    00000080     sysbios.ae674 : BIOS.obj (.text:ti_sysbios_knl_Swi_post__E)
                  007fed80    00000080                   : BIOS.obj (.text:ti_sysbios_knl_Swi_startup__E)
                  007fee00    00000080                   : BIOS.obj (.text:ti_sysbios_knl_Task_processVitalTaskFlag__I)
                  007fee80    00000080                   : BIOS.obj (.text:ti_sysbios_knl_Task_restore__E)
                  007fef00    00000080                   : BIOS.obj (.text:ti_sysbios_knl_Task_sleepTimeout__I)
                  007fef80    00000080     mmw_dss_pe674.oe674 (.text:ti_sysbios_rts_MemAlloc_alloc)
                  007ff000    00000080     sysbios.ae674 : BIOS.obj (.text:ti_sysbios_timers_rti_Timer_setPeriod__E)
                  007ff080    00000080                   : BIOS.obj (.text:ti_sysbios_timers_rti_Timer_stop__E)
                  007ff100    00000080     rts6740_elf.lib : unlink.c.obj (.text:unlink)
                  007ff180    00000080     sysbios.ae674 : BIOS.obj (.text:xdc_runtime_System_avprintf__E)
                  007ff200    00000080                   : BIOS.obj (.text:xdc_runtime_System_vprintf__E)
                  007ff280    00000060     libcfarcaproc_dsp_xwr16xx.ae674 : cfarcaprocdsp.oe674 (.text:CFARCADSP_waitEDMATransComplete)
                  007ff2e0    00000060     objectdetection.oe674 (.text:DPC_ObjDetDSP_MemPoolAlloc)
                  007ff340    00000060     libdpm_xwr16xx.ae674 : dpm_listlib.oe674 (.text:DPM_listCat)
                  007ff3a0    00000060                          : dpm_mailbox.oe674 (.text:DPM_mboxDeinit)
                  007ff400    00000060                          : dpm_msg.oe674 (.text:DPM_msgInitHeader)
                  007ff460    00000060     libaoaproc_dsp_xwr16xx.ae674 : aoaprocdsp.oe674 (.text:DPU_AoAProcDSP_deinit)
                  007ff4c0    00000060                                  : aoaprocdsp.oe674 (.text:DPU_AoAProcDSP_init)
                  007ff520    00000060     libcfarcaproc_dsp_xwr16xx.ae674 : cfarcaprocdsp.oe674 (.text:DPU_CFARCAProcDSP_deinit)
                  007ff580    00000060     libdopplerproc_dsp_xwr16xx.ae674 : dopplerprocdsp.oe674 (.text:DPU_DopplerProcDSP_deinit)
                  007ff5e0    00000060                                      : dopplerprocdsp.oe674 (.text:DPU_DopplerProcDSP_waitInData)
                  007ff640    00000060                                      : dopplerprocdsp.oe674 (.text:DPU_DopplerProcDSP_waitTransDetMatrix)
                  007ff6a0    00000060     librangeproc_dsp_xwr16xx.ae674 : rangeprocdsp.oe674 (.text:DPU_RangeProcDSP_deinit)
                  007ff700    00000060                                    : rangeprocdsp.oe674 (.text:DPU_RangeProcDSP_init)
                  007ff760    00000060     libedma_xwr16xx.ae674 : edma_low_level.oe674 (.text:EDMA3ClrEvt)
                  007ff7c0    00000060                           : edma_low_level.oe674 (.text:EDMA3ClrIntr)
                  007ff820    00000060                           : edma_low_level.oe674 (.text:EDMA3ClrMissEvt)
                  007ff880    00000060                           : edma_low_level.oe674 (.text:EDMA3DisableDmaEvt)
                  007ff8e0    00000060                           : edma_low_level.oe674 (.text:EDMA3DisableEvtIntr)
                  007ff940    00000060                           : edma_low_level.oe674 (.text:EDMA3EnableDmaEvt)
                  007ff9a0    00000060                           : edma_low_level.oe674 (.text:EDMA3EnableEvtIntr)
                  007ffa00    00000060                           : edma_low_level.oe674 (.text:EDMA3SetEvt)
                  007ffa60    00000060                           : edma.oe674 (.text:EDMA_configTransferControllerError)
                  007ffac0    00000060                           : edma.oe674 (.text:EDMA_isError)
                  007ffb20    00000060                           : edma.oe674 (.text:EDMA_setDestinationAddress)
                  007ffb80    00000060                           : edma.oe674 (.text:EDMA_setSourceAddress)
                  007ffbe0    00000060                           : edma.oe674 (.text:EDMA_validate_channelIdchannelType)
                  007ffc40    00000060     libmailbox_xwr16xx.ae674 : mailbox.oe674 (.text:Mailbox_Config_init)
                  007ffca0    00000060     data_path.oe674 (.text:MmwDemo_edmaInit)
                  007ffd00    00000060     libsoc_xwr16xx.ae674 : soc_xwr16xx.oe674 (.text:SOC_setDSSLinkState)
                  007ffd60    00000060                          : soc.oe674 (.text:SOC_unhaltBSS)
                  007ffdc0    00000060     rts6740_elf.lib : trgmsg.c.obj (.text:__TI_writemsg)
                  007ffe20    00000060                     : llshift.c.obj (.text:__c6xabi_llshru)
                  007ffe80    00000060                     : imath64.c.obj (.text:_subcull)
                  007ffee0    00000060     sysbios.ae674 : c64p_Hwi_asm_switch.obj (.text:_ti_sysbios_family_c64p_Hwi_switchAndDispatch__I)
                  007fff40    00000060                   : c64p_Hwi_asm_switch.obj (.text:_ti_sysbios_family_xxx_Hwi_switchAndRunFunc)
                  007fffa0    00000060     rts6740_elf.lib : lseek.c.obj (.text:lseek)

.text.2    0    00800000    00002580     
                  00800000    00000060     libmmwavealg_xwr16xx.ae674 : mmwavelib_accum.oe674 (.text:mmwavelib_accum16shift)
                  00800060    00000060                                : mmwavelib_vecsubc.oe674 (.text:mmwavelib_vecsubc)
                  008000c0    00000060     librangeproc_dsp_xwr16xx.ae674 : rangeprocdsp.oe674 (.text:rangeProcDSP_WaitEDMAComplete)
                  00800120    00000060     mmw_dss_pe674.oe674 (.text:ti_sysbios_BIOS_errorRaiseHook__I)
                  00800180    00000060     mmw_dss_pe674.oe674 (.text:ti_sysbios_BIOS_removeRTSLock__I)
                  008001e0    00000060     mmw_dss_pe674.oe674 (.text:ti_sysbios_BIOS_startFunc__I)
                  00800240    00000060     sysbios.ae674 : BIOS.obj (.text:ti_sysbios_family_c62_TaskSupport_stackUsed__E)
                  008002a0    00000060                   : BIOS.obj (.text:ti_sysbios_family_c62_TaskSupport_start__E)
                  00800300    00000060                   : BIOS.obj (.text:ti_sysbios_family_c64p_Cache_setMar__E)
                  00800360    00000060                   : BIOS.obj (.text:ti_sysbios_family_c64p_EventCombiner_Module_startup__E)
                  008003c0    00000060                   : BIOS.obj (.text:ti_sysbios_family_c64p_EventCombiner_unused__E)
                  00800420    00000060     mmw_dss_pe674.oe674 (.text:ti_sysbios_gates_GateMutex_Object__delete__S)
                  00800480    00000060     sysbios.ae674 : BIOS.obj (.text:ti_sysbios_hal_Hwi_initStack)
                  008004e0    00000060                   : BIOS.obj (.text:ti_sysbios_heaps_HeapMem_free__E)
                  00800540    00000060                   : BIOS.obj (.text:ti_sysbios_knl_Clock_Module_startup__E)
                  008005a0    00000060     mmw_dss_pe674.oe674 (.text:ti_sysbios_knl_Queue_construct)
                  00800600    00000060     mmw_dss_pe674.oe674 (.text:ti_sysbios_knl_Semaphore_Object__delete__S)
                  00800660    00000060     mmw_dss_pe674.oe674 (.text:ti_sysbios_knl_Semaphore_construct)
                  008006c0    00000060     sysbios.ae674 : BIOS.obj (.text:ti_sysbios_knl_Swi_Module_startup__E)
                  00800720    00000060                   : BIOS.obj (.text:ti_sysbios_knl_Task_enter__I)
                  00800780    00000060     rts6740_elf.lib : write.c.obj (.text:write)
                  008007e0    00000060     mmw_dss_pe674.oe674 (.text:xdc_runtime_LoggerBuf_Object__delete__S)
                  00800840    00000060     sysbios.ae674 : BIOS.obj (.text:xdc_runtime_SysStd_abort__E)
                  008008a0    00000040     libsoc_xwr16xx.ae674 : soc.oe674 (.text:CSL_FEXTR)
                  008008e0    00000040                          : soc_xwr16xx.oe674 (.text:CSL_FEXTR)
                  00800920    00000040     libmailbox_xwr16xx.ae674 : mailbox.oe674 (.text:CSL_FINSR)
                  00800960    00000040     libsoc_xwr16xx.ae674 : soc.oe674 (.text:CSL_FINSR)
                  008009a0    00000040                          : soc_xwr16xx.oe674 (.text:CSL_FINSR)
                  008009e0    00000040                          : soc_xwr16xx_dss.oe674 (.text:CSL_FINSR)
                  00800a20    00000040     libdpm_xwr16xx.ae674 : dpm_listlib.oe674 (.text:DPM_listAdd)
                  00800a60    00000040                          : dpm_listlib.oe674 (.text:DPM_listRemove)
                  00800aa0    00000040                          : dpm_mailbox.oe674 (.text:DPM_mboxMsgSend)
                  00800ae0    00000040                          : dpm_msg.oe674 (.text:DPM_msgAssertHandler)
                  00800b20    00000040                          : dpm_msg.oe674 (.text:DPM_msgBSSFaultHandler)
                  00800b60    00000040                          : dpm_msg.oe674 (.text:DPM_msgDPCInfoHandler)
                  00800ba0    00000040                          : dpm_pipe.oe674 (.text:DPM_pipeDequeue)
                  00800be0    00000040     libedma_xwr16xx.ae674 : edma_low_level.oe674 (.text:EDMA3MapQdmaChToPaRAM)
                  00800c20    00000040                           : edma_low_level.oe674 (.text:EDMA3SetPaRAM)
                  00800c60    00000040                           : edma_low_level.oe674 (.text:EDMA3SetQdmaTrigWord)
                  00800ca0    00000040     libosal_xwr16xx.ae674 : HwiP_tirtos.oe674 (.text:HwiP_create)
                  00800ce0    00000040                           : HwiP_tirtos.oe674 (.text:HwiP_delete)
                  00800d20    00000040     libmailbox_xwr16xx.ae674 : mailbox.oe674 (.text:Mailbox_boxEmptyISRBss)
                  00800d60    00000040                              : mailbox.oe674 (.text:Mailbox_boxEmptyISRMssDss)
                  00800da0    00000040                              : mailbox.oe674 (.text:Mailbox_boxFullISRBss)
                  00800de0    00000040     dss_main.oe674 (.text:MmwDemo_DPC_ObjectDetection_processFrameBeginCallBackFxn)
                  00800e20    00000040     dss_main.oe674 (.text:MmwDemo_DPC_ObjectDetection_processInterFrameBeginCallBackFxn)
                  00800e60    00000040     data_path.oe674 (.text:MmwDemo_EDMA_errorCallbackFxn)
                  00800ea0    00000040     data_path.oe674 (.text:MmwDemo_EDMA_transferControllerErrorCallbackFxn)
                  00800ee0    00000040     libsoc_xwr16xx.ae674 : soc_xwr16xx_dss.oe674 (.text:SOC_getInAddr_LUTType)
                  00800f20    00000040                          : soc_xwr16xx_dss.oe674 (.text:SOC_getOutAddr_LUTType)
                  00800f60    00000040                          : soc_xwr16xx.oe674 (.text:SOC_isMSSOperational)
                  00800fa0    00000040     rts6740_elf.lib : frcmpyd_div.c.obj (.text:__TI_frcmpyd_div)
                  00800fe0    00000040                     : strasg.asm.obj (.text:__strasgi_64plus)
                  00801020    00000040                     : args_main.c.obj (.text:_args_main)
                  00801060    00000040     sysbios.ae674 : c62_TaskSupport_asm.obj (.text:_ti_sysbios_family_c62_TaskSupport_buildTaskStack)
                  008010a0    00000040     mmw_dss_pe674.oe674 (.text:free)
                  008010e0    00000040     libmathutils.ae674 : mathutils.oe674 (.text:mathUtils_floorLog2)
                  00801120    00000040     libmmwavealg_xwr16xx.ae674 : mmwavelib_vecmul.oe674 (.text:mmwavelib_vecmul16x32_anylen)
                  00801160    00000040     mmw_dss_pe674.oe674 (.text:ti_sysbios_BIOS_exitFunc__I)
                  008011a0    00000040     mmw_dss_pe674.oe674 (.text:ti_sysbios_BIOS_rtsLock__I)
                  008011e0    00000040     mmw_dss_pe674.oe674 (.text:ti_sysbios_BIOS_rtsUnlock__I)
                  00801220    00000040     sysbios.ae674 : BIOS.obj (.text:ti_sysbios_family_c64p_Hwi_disableInterrupt__E)
                  00801260    00000040                   : BIOS.obj (.text:ti_sysbios_family_c64p_Hwi_enableInterrupt__E)
                  008012a0    00000040     mmw_dss_pe674.oe674 (.text:ti_sysbios_gates_GateHwi_Handle__label__S)
                  008012e0    00000040     mmw_dss_pe674.oe674 (.text:ti_sysbios_gates_GateHwi_Object__delete__S)
                  00801320    00000040     mmw_dss_pe674.oe674 (.text:ti_sysbios_gates_GateMutex_Handle__label__S)
                  00801360    00000040     sysbios.ae674 : BIOS.obj (.text:ti_sysbios_gates_GateMutex_Instance_init__E)
                  008013a0    00000040                   : BIOS.obj (.text:ti_sysbios_gates_GateMutex_leave__E)
                  008013e0    00000040     mmw_dss_pe674.oe674 (.text:ti_sysbios_heaps_HeapMem_Handle__label__S)
                  00801420    00000040     mmw_dss_pe674.oe674 (.text:ti_sysbios_heaps_HeapMem_Object__delete__S)
                  00801460    00000040     mmw_dss_pe674.oe674 (.text:ti_sysbios_heaps_HeapMem_Object__get__S)
                  008014a0    00000040     mmw_dss_pe674.oe674 (.text:ti_sysbios_knl_Semaphore_destruct)
                  008014e0    00000040     mmw_dss_pe674.oe674 (.text:ti_sysbios_knl_Swi_Object__get__S)
                  00801520    00000040     mmw_dss_pe674.oe674 (.text:ti_sysbios_knl_Task_Object__get__S)
                  00801560    00000040     sysbios.ae674 : BIOS.obj (.text:ti_sysbios_timers_rti_Timer_periodicStub__E)
                  008015a0    00000040                   : BIOS.obj (.text:xdc_runtime_Error_init__E)
                  008015e0    00000040     mmw_dss_pe674.oe674 (.text:xdc_runtime_LoggerBuf_Handle__label__S)
                  00801620    00000040     sysbios.ae674 : BIOS.obj (.text:xdc_runtime_LoggerBuf_Instance_finalize__E)
                  00801660    00000040     mmw_dss_pe674.oe674 (.text:xdc_runtime_LoggerBuf_Object__get__S)
                  008016a0    00000040     sysbios.ae674 : BIOS.obj (.text:xdc_runtime_LoggerBuf_write0__E)
                  008016e0    00000040                   : BIOS.obj (.text:xdc_runtime_LoggerBuf_write1__E)
                  00801720    00000040                   : BIOS.obj (.text:xdc_runtime_LoggerBuf_write2__E)
                  00801760    00000040     mmw_dss_pe674.oe674 (.text:xdc_runtime_System_aprintf__E)
                  008017a0    00000040     mmw_dss_pe674.oe674 (.text:xdc_runtime_System_printf__E)
                  008017e0    00000020     libcfarcaproc_dsp_xwr16xx.ae674 : cfarcaprocdsp.oe674 (.text:CFARCADSP_adjustCfarCfg)
                  00801800    00000020     objectdetection.oe674 (.text:DPC_ObjDetDSP_GetDopplerWinGenLen)
                  00801820    00000020     objectdetection.oe674 (.text:DPC_ObjDetDSP_GetRangeWinGenLen)
                  00801840    00000020     libdpm_xwr16xx.ae674 : dpm_core.oe674 (.text:DPM_chirpISR)
                  00801860    00000020                          : dpm_core.oe674 (.text:DPM_frameStartISR)
                  00801880    00000020                          : dpm_mailbox.oe674 (.text:DPM_mboxSynch)
                  008018a0    00000020     libedma_xwr16xx.ae674 : edma_low_level.oe674 (.text:EDMA3ChannelToParamMap)
                  008018c0    00000020                           : edma_low_level.oe674 (.text:EDMA3ClrCCErr)
                  008018e0    00000020                           : edma_low_level.oe674 (.text:EDMA3DisableQdmaEvt)
                  00801900    00000020                           : edma_low_level.oe674 (.text:EDMA3EnableQdmaEvt)
                  00801920    00000020                           : edma_low_level.oe674 (.text:EDMA3ErrIntrHighStatusGet)
                  00801940    00000020                           : edma_low_level.oe674 (.text:EDMA3GetCCErrStatus)
                  00801960    00000020                           : edma_low_level.oe674 (.text:EDMA3GetErrIntrStatus)
                  00801980    00000020                           : edma_low_level.oe674 (.text:EDMA3GetIntrStatus)
                  008019a0    00000020                           : edma_low_level.oe674 (.text:EDMA3IntrStatusHighGet)
                  008019c0    00000020                           : edma_low_level.oe674 (.text:EDMA3QdmaClrMissEvt)
                  008019e0    00000020                           : edma_low_level.oe674 (.text:EDMA3QdmaGetErrIntrStatus)
                  00801a00    00000020                           : edma_low_level.oe674 (.text:EDMAsetRegion)
                  00801a20    00000020     libosal_xwr16xx.ae674 : HwiP_tirtos.oe674 (.text:HwiP_Params_init)
                  00801a40    00000020                           : HwiP_tirtos.oe674 (.text:HwiP_disable)
                  00801a60    00000020                           : HwiP_tirtos.oe674 (.text:HwiP_disableInterrupt)
                  00801a80    00000020                           : HwiP_tirtos.oe674 (.text:HwiP_enableInterrupt)
                  00801aa0    00000020                           : HwiP_tirtos.oe674 (.text:HwiP_restore)
                  00801ac0    00000020                           : MemoryP_tirtos.oe674 (.text:MemoryP_ctrlAlloc)
                  00801ae0    00000020                           : MemoryP_tirtos.oe674 (.text:MemoryP_ctrlFree)
                  00801b00    00000020                           : MemoryP_tirtos.oe674 (.text:MemoryP_getStats)
                  00801b20    00000020     dss_main.oe674 (.text:MmwDemo_sleep)
                  00801b40    00000020     libsoc_xwr16xx.ae674 : soc_xwr16xx.oe674 (.text:SOC_ungateClock)
                  00801b60    00000020     libosal_xwr16xx.ae674 : SemaphoreP_tirtos.oe674 (.text:SemaphoreP_Params_init)
                  00801b80    00000020                           : SemaphoreP_tirtos.oe674 (.text:SemaphoreP_delete)
                  00801ba0    00000020                           : SemaphoreP_tirtos.oe674 (.text:SemaphoreP_pend)
                  00801bc0    00000020                           : SemaphoreP_tirtos.oe674 (.text:SemaphoreP_post)
                  00801be0    00000020                           : DebugP_tirtos.oe674 (.text:_DebugP_assert)
                  00801c00    00000020     rts6740_elf.lib : errno.c.obj (.text:__c6xabi_errno_addr)
                  00801c20    00000020                     : trunc.c.obj (.text:__c6xabi_trunc)
                  00801c40    00000020                     : push.asm.obj (.text:__pop_rts)
                  00801c60    00000020                     : push.asm.obj (.text:__push_rts)
                  00801c80    00000020                     : _lock.c.obj (.text:_nop)
                  00801ca0    00000020                     : _lock.c.obj (.text:_register_lock)
                  00801cc0    00000020                     : _lock.c.obj (.text:_register_unlock)
                  00801ce0    00000020     sysbios.ae674 : c62_TaskSupport_asm.obj (.text:_ti_sysbios_family_c62_TaskSupport_glue)
                  00801d00    00000020     rts6740_elf.lib : exit.c.obj (.text:abort)
                  00801d20    00000020     libmathutils.ae674 : mathutils.oe674 (.text:mathUtils_ceilLog2)
                  00801d40    00000020     rts6740_elf.lib : fputc.c.obj (.text:putchar)
                  00801d60    00000020     mmw_dss_pe674.oe674 (.text:ti_sysbios_BIOS_RtsGateProxy_enter__E)
                  00801d80    00000020     mmw_dss_pe674.oe674 (.text:ti_sysbios_BIOS_RtsGateProxy_leave__E)
                  00801da0    00000020     sysbios.ae674 : BIOS.obj (.text:ti_sysbios_BIOS_getCpuFreq__E)
                  00801dc0    00000020                   : BIOS.obj (.text:ti_sysbios_BIOS_linkedWithIncorrectBootLibrary__E)
                  00801de0    00000020     mmw_dss_pe674.oe674 (.text:ti_sysbios_BIOS_nullFunc__I)
                  00801e00    00000020     sysbios.ae674 : BIOS.obj (.text:ti_sysbios_BIOS_setThreadType__E)
                  00801e20    00000020                   : BIOS.obj (.text:ti_sysbios_BIOS_start__E)
                  00801e40    00000020     mmw_dss_pe674.oe674 (.text:ti_sysbios_family_c62_TaskSupport_Module__startupDone__S)
                  00801e60    00000020     sysbios.ae674 : BIOS.obj (.text:ti_sysbios_family_c62_TaskSupport_checkStack__E)
                  00801e80    00000020                   : BIOS.obj (.text:ti_sysbios_family_c62_TaskSupport_getStackAlignment__E)
                  00801ea0    00000020     mmw_dss_pe674.oe674 (.text:ti_sysbios_family_c64p_Hwi_Module__startupDone__F)
                  00801ec0    00000020     sysbios.ae674 : BIOS.obj (.text:ti_sysbios_family_c64p_Hwi_clearInterrupt__E)
                  00801ee0    00000020                   : BIOS.obj (.text:ti_sysbios_family_c64p_Hwi_startup__E)
                  00801f00    00000020                   : BIOS.obj (.text:ti_sysbios_family_c64p_Hwi_switchFromBootStack__E)
                  00801f20    00000020                   : BIOS.obj (.text:ti_sysbios_family_c64p_TimestampProvider_Module_startup__E)
                  00801f40    00000020                   : BIOS.obj (.text:ti_sysbios_family_c64p_TimestampProvider_get32__E)
                  00801f60    00000020                   : BIOS.obj (.text:ti_sysbios_family_c64p_TimestampProvider_get64__E)
                  00801f80    00000020                   : BIOS.obj (.text:ti_sysbios_gates_GateHwi_Instance_init__E)
                  00801fa0    00000020                   : BIOS.obj (.text:ti_sysbios_gates_GateHwi_enter__E)
                  00801fc0    00000020                   : BIOS.obj (.text:ti_sysbios_gates_GateHwi_leave__E)
                  00801fe0    00000020                   : BIOS.obj (.text:ti_sysbios_gates_GateHwi_query__E)
                  00802000    00000020                   : BIOS.obj (.text:ti_sysbios_gates_GateMutex_Instance_finalize__E)
                  00802020    00000020                   : BIOS.obj (.text:ti_sysbios_gates_GateMutex_query__E)
                  00802040    00000020                   : BIOS.obj (.text:ti_sysbios_hal_Hwi_Module_startup__E)
                  00802060    00000020     mmw_dss_pe674.oe674 (.text:ti_sysbios_heaps_HeapBuf_Object__get__S)
                  00802080    00000020     mmw_dss_pe674.oe674 (.text:ti_sysbios_heaps_HeapMem_Module_GateProxy_enter__E)
                  008020a0    00000020     mmw_dss_pe674.oe674 (.text:ti_sysbios_heaps_HeapMem_Module_GateProxy_leave__E)
                  008020c0    00000020     sysbios.ae674 : BIOS.obj (.text:ti_sysbios_heaps_HeapMem_isBlocking__E)
                  008020e0    00000020     mmw_dss_pe674.oe674 (.text:ti_sysbios_knl_Clock_TimerProxy_getMaxTicks__E)
                  00802100    00000020     sysbios.ae674 : BIOS.obj (.text:ti_sysbios_knl_Clock_logTick__E)
                  00802120    00000020                   : BIOS.obj (.text:ti_sysbios_knl_Idle_loop__E)
                  00802140    00000020                   : BIOS.obj (.text:ti_sysbios_knl_Queue_Instance_init__E)
                  00802160    00000020     mmw_dss_pe674.oe674 (.text:ti_sysbios_knl_Queue_Object__get__S)
                  00802180    00000020     mmw_dss_pe674.oe674 (.text:ti_sysbios_knl_Queue_destruct)
                  008021a0    00000020     sysbios.ae674 : BIOS.obj (.text:ti_sysbios_knl_Queue_empty__E)
                  008021c0    00000020                   : BIOS.obj (.text:ti_sysbios_knl_Semaphore_Instance_finalize__E)
                  008021e0    00000020     mmw_dss_pe674.oe674 (.text:ti_sysbios_knl_Semaphore_Params__init__S)
                  00802200    00000020     mmw_dss_pe674.oe674 (.text:ti_sysbios_knl_Semaphore_delete)
                  00802220    00000020     sysbios.ae674 : BIOS.obj (.text:ti_sysbios_knl_Swi_disable__E)
                  00802240    00000020     mmw_dss_pe674.oe674 (.text:ti_sysbios_knl_Task_Params__init__S)
                  00802260    00000020     sysbios.ae674 : BIOS.obj (.text:ti_sysbios_knl_Task_disable__E)
                  00802280    00000020                   : BIOS.obj (.text:ti_sysbios_knl_Task_startup__E)
                  008022a0    00000020     mmw_dss_pe674.oe674 (.text:ti_sysbios_timers_rti_Timer_Module__startupDone__F)
                  008022c0    00000020     sysbios.ae674 : BIOS.obj (.text:ti_sysbios_timers_rti_Timer_getMaxTicks__E)
                  008022e0    00000020                   : BIOS.obj (.text:ti_sysbios_utils_Load_getCPULoad__E)
                  00802300    00000020                   : BIOS.obj (.text:ti_sysbios_utils_Load_taskRegHook__E)
                  00802320    00000020     mmw_dss_pe674.oe674 (.text:xdc_runtime_IHeap_alloc)
                  00802340    00000020     mmw_dss_pe674.oe674 (.text:xdc_runtime_IHeap_free)
                  00802360    00000020     mmw_dss_pe674.oe674 (.text:xdc_runtime_IHeap_getStats)
                  00802380    00000020     mmw_dss_pe674.oe674 (.text:xdc_runtime_LoggerBuf_Module_GateProxy_enter__E)
                  008023a0    00000020     mmw_dss_pe674.oe674 (.text:xdc_runtime_LoggerBuf_Module_GateProxy_leave__E)
                  008023c0    00000020     sysbios.ae674 : BIOS.obj (.text:xdc_runtime_LoggerBuf_disable__E)
                  008023e0    00000020                   : BIOS.obj (.text:xdc_runtime_LoggerBuf_enable__E)
                  00802400    00000020                   : BIOS.obj (.text:xdc_runtime_Memory_free__E)
                  00802420    00000020                   : BIOS.obj (.text:xdc_runtime_Memory_getStats__E)
                  00802440    00000020     mmw_dss_pe674.oe674 (.text:xdc_runtime_Startup_exec__I)
                  00802460    00000020     mmw_dss_pe674.oe674 (.text:xdc_runtime_Startup_reset__I)
                  00802480    00000020     sysbios.ae674 : BIOS.obj (.text:xdc_runtime_Startup_rtsDone__E)
                  008024a0    00000020                   : BIOS.obj (.text:xdc_runtime_SysStd_exit__E)
                  008024c0    00000020                   : BIOS.obj (.text:xdc_runtime_SysStd_putch__E)
                  008024e0    00000020                   : BIOS.obj (.text:xdc_runtime_SysStd_ready__E)
                  00802500    00000020     mmw_dss_pe674.oe674 (.text:xdc_runtime_System_Module_GateProxy_enter__E)
                  00802520    00000020     mmw_dss_pe674.oe674 (.text:xdc_runtime_System_Module_GateProxy_leave__E)
                  00802540    00000020     sysbios.ae674 : BIOS.obj (.text:xdc_runtime_System_Module_startup__E)
                  00802560    00000020     mmw_dss_pe674.oe674 (.text:xdc_runtime_Text_visitRope__I)

.const.1   0    00802580    00000a80     
                  00802580    00000800     libmmwavealg_xwr16xx.ae674 : mmwavelib_ffttwiddle_gen.oe674 (.const:mmwavelib_twiddleTableCommon)
                  00802d80    00000230     objectdetection.oe674 (.const:.string)
                  00802fb0    0000004c     libmailbox_xwr16xx.ae674 : mailbox.oe674 (.const:.string)
                  00802ffc    00000004     mmw_dss_pe674.oe674 (.const:ti_sysbios_family_c62_TaskSupport_stackAlignment__C)

.dpc_l2Heap 
*          0    00803000    00009400     UNINITIALIZED
                  00803000    00009400     dss_main.oe674 (.dpc_l2Heap)

systemHeap 
*          0    0080c400    00008000     UNINITIALIZED
                  0080c400    00008000     mmw_dss_pe674.oe674 (systemHeap)

.const.2   0    00814400    00002d0a     
                  00814400    00001a59     mmw_dss_pe674.oe674 (.const:xdc_runtime_Text_charTab__A)
                  00815e59    00000001     --HOLE-- [fill = 0]
                  00815e5a    00000002     mmw_dss_pe674.oe674 (.const:ti_sysbios_family_c64p_Cache_Module__id__C)
                  00815e5c    00000630     sysbios.ae674 : BIOS.obj (.const:.string)
                  0081648c    00000340     dss_main.oe674 (.const:.string)
                  008167cc    00000004     mmw_dss_pe674.oe674 (.const:ti_sysbios_family_c64p_Cache_E_invalidL1CacheSize__C)
                  008167d0    000000e0     mmw_dss_pe674.oe674 (.const:xdc_runtime_Text_nodeTab__A)
                  008168b0    00000074     mmw_dss_pe674.oe674 (.const:.string)
                  00816924    00000004     mmw_dss_pe674.oe674 (.const:ti_sysbios_family_c64p_Cache_E_invalidL2CacheSize__C)
                  00816928    00000070     libmmwavealg_xwr16xx.ae674 : mmwavelib_ffttwiddle_gen.oe674 (.const:mmwavelib_twiddleTableLargeFFTSize)
                  00816998    00000058     libedma_xwr16xx.ae674 : edma.oe674 (.const:.string)
                  008169f0    00000044     mmw_dss_pe674.oe674 (.const:ti_sysbios_knl_Task_Object__PARAMS__C)
                  00816a34    00000004     mmw_dss_pe674.oe674 (.const:ti_sysbios_family_c64p_Cache_MAR0_31__C)
                  00816a38    00000040     libmmwavealg_xwr16xx.ae674 : mmwavelib_log2abs.oe674 (.const:.string:c_Log2LookUp)
                  00816a78    0000003c     libsoc_xwr16xx.ae674 : soc_xwr16xx_dss.oe674 (.const:.string)
                  00816ab4    0000003c     mmw_dss_pe674.oe674 (.const:xdc_runtime_LoggerBuf_Module__FXNS__C)
                  00816af0    00000038     libedma_xwr16xx.ae674 : edma_xwr1xxx.oe674 (.const:gEdmaHwAttrs)
                  00816b28    00000034     mmw_dss_pe674.oe674 (.const:xdc_runtime_Startup_sfxnTab__A)
                  00816b5c    00000004     mmw_dss_pe674.oe674 (.const:ti_sysbios_family_c64p_Cache_MAR128_159__C)
                  00816b60    00000028     libdpm_xwr16xx.ae674 : dpm_msg.oe674 (.const:gDPMMessageFxnTable)
                  00816b88    00000028     mmw_dss_pe674.oe674 (.const:ti_sysbios_heaps_HeapMem_Module__FXNS__C)
                  00816bb0    00000028     mmw_dss_pe674.oe674 (.const:xdc_runtime_LoggerBuf_Object__PARAMS__C)
                  00816bd8    00000024     libmailbox_xwr16xx.ae674 : mailbox.oe674 (.const:Mailbox_defaultCfg)
                  00816bfc    00000004     mmw_dss_pe674.oe674 (.const:ti_sysbios_family_c64p_Cache_MAR160_191__C)
                  00816c00    00000024     libmmwavealg_xwr16xx.ae674 : mmwavelib_dftsinglebin.oe674 (.const:mmwavelib_dftHalfBinExpValue)
                  00816c24    00000024     mmw_dss_pe674.oe674 (.const:ti_sysbios_gates_GateHwi_Module__FXNS__C)
                  00816c48    00000024     mmw_dss_pe674.oe674 (.const:ti_sysbios_gates_GateMutex_Module__FXNS__C)
                  00816c6c    00000024     mmw_dss_pe674.oe674 (.const:ti_sysbios_heaps_HeapMem_Object__PARAMS__C)
                  00816c90    00000024     mmw_dss_pe674.oe674 (.const:ti_sysbios_knl_Semaphore_Object__PARAMS__C)
                  00816cb4    00000020     libosal_xwr16xx.ae674 : SemaphoreP_tirtos.oe674 (.const:.string)
                  00816cd4    00000020     mmw_dss_pe674.oe674 (.const:ti_sysbios_gates_GateHwi_Object__DESC__C)
                  00816cf4    00000020     mmw_dss_pe674.oe674 (.const:ti_sysbios_gates_GateMutex_Object__DESC__C)
                  00816d14    00000020     mmw_dss_pe674.oe674 (.const:ti_sysbios_heaps_HeapMem_Object__DESC__C)
                  00816d34    00000020     mmw_dss_pe674.oe674 (.const:ti_sysbios_knl_Queue_Object__DESC__C)
                  00816d54    00000020     mmw_dss_pe674.oe674 (.const:ti_sysbios_knl_Semaphore_Object__DESC__C)
                  00816d74    00000020     mmw_dss_pe674.oe674 (.const:ti_sysbios_knl_Task_Object__DESC__C)
                  00816d94    00000020     mmw_dss_pe674.oe674 (.const:xdc_runtime_LoggerBuf_Object__DESC__C)
                  00816db4    0000001c     libosal_xwr16xx.ae674 : HwiP_tirtos.oe674 (.const:.string)
                  00816dd0    0000001a     mmw_dss_pe674.oe674 (.const:xdc_runtime_Startup_sfxnRts__A)
                  00816dea    00000002     mmw_dss_pe674.oe674 (.const:ti_sysbios_family_c64p_EventCombiner_Module__id__C)
                  00816dec    00000018     mmw_dss_pe674.oe674 (.const:ti_sysbios_gates_GateHwi_Object__PARAMS__C)
                  00816e04    00000018     mmw_dss_pe674.oe674 (.const:ti_sysbios_gates_GateMutex_Object__PARAMS__C)
                  00816e1c    00000018     mmw_dss_pe674.oe674 (.const:ti_sysbios_knl_Queue_Object__PARAMS__C)
                  00816e34    00000004     mmw_dss_pe674.oe674 (.const:ti_sysbios_family_c64p_Cache_MAR192_223__C)
                  00816e38    00000018     mmw_dss_pe674.oe674 (.const:ti_sysbios_knl_Task_hooks__A)
                  00816e50    00000014     data_path.oe674 (.const:.string)
                  00816e64    00000014     libdpm_xwr16xx.ae674 : dpm_mailbox.oe674 (.const:.string)
                  00816e78    00000010                          : dpm_core.oe674 (.const:.string)
                  00816e88    00000010                          : dpm_msg.oe674 (.const:.string)
                  00816e98    00000010                          : dpm_pipe.oe674 (.const:.string)
                  00816ea8    00000010     libedma_xwr16xx.ae674 : edma.oe674 (.const:EDMA_config$1)
                  00816eb8    00000010     mmw_dss_pe674.oe674 (.const:ti_sysbios_family_c64p_EventCombiner_EVTMASK__C)
                  00816ec8    0000000c     libmmwavealg_xwr16xx.ae674 : mmwavelib_ffttwiddle_gen.oe674 (.const:$P$T1$2)
                  00816ed4    00000004     mmw_dss_pe674.oe674 (.const:ti_sysbios_family_c64p_Cache_MAR224_255__C)
                  00816ed8    0000000c     mmw_dss_pe674.oe674 (.const:ti_sysbios_knl_Idle_funcList__A)
                  00816ee4    00000008     mmw_dss_pe674.oe674 (.const:ti_sysbios_knl_Idle_funcList__C)
                  00816eec    00000008     mmw_dss_pe674.oe674 (.const:ti_sysbios_knl_Task_hooks__C)
                  00816ef4    00000004     mmw_dss_pe674.oe674 (.const:ti_sysbios_family_c64p_Cache_MAR32_63__C)
                  00816ef8    00000008     mmw_dss_pe674.oe674 (.const:xdc_runtime_Startup_firstFxns__A)
                  00816f00    00000008     mmw_dss_pe674.oe674 (.const:xdc_runtime_Startup_firstFxns__C)
                  00816f08    00000008     mmw_dss_pe674.oe674 (.const:xdc_runtime_Startup_lastFxns__C)
                  00816f10    00000004     mmw_dss_pe674.oe674 (.const:ti_sysbios_family_c64p_Cache_MAR64_95__C)
                  00816f14    00000004     mmw_dss_pe674.oe674 (.const:ti_sysbios_family_c64p_Cache_MAR96_127__C)
                  00816f18    00000004     mmw_dss_pe674.oe674 (.const:ti_sysbios_family_c64p_EventCombiner_A_invalidEventId__C)
                  00816f1c    00000004     mmw_dss_pe674.oe674 (.const:ti_sysbios_family_c64p_EventCombiner_EVTRegs__C)
                  00816f20    00000004     mmw_dss_pe674.oe674 (.const:ti_sysbios_family_c64p_EventCombiner_E_unpluggedEvent__C)
                  00816f24    00000004     mmw_dss_pe674.oe674 (.const:ti_sysbios_family_c64p_EventCombiner_Module__diagsEnabled__C)
                  00816f28    00000004     mmw_dss_pe674.oe674 (.const:ti_sysbios_family_c64p_EventCombiner_Module__diagsIncluded__C)
                  00816f2c    00000004     mmw_dss_pe674.oe674 (.const:ti_sysbios_family_c64p_EventCombiner_Module__diagsMask__C)
                  00816f30    00000004     mmw_dss_pe674.oe674 (.const:ti_sysbios_family_c64p_Exception_E_exceptionMax__C)
                  00816f34    00000004     mmw_dss_pe674.oe674 (.const:ti_sysbios_family_c64p_Exception_exceptionHook__C)
                  00816f38    00000004     mmw_dss_pe674.oe674 (.const:ti_sysbios_family_c64p_Exception_externalHook__C)
                  00816f3c    00000004     mmw_dss_pe674.oe674 (.const:ti_sysbios_family_c64p_Exception_internalHook__C)
                  00816f40    00000004     mmw_dss_pe674.oe674 (.const:ti_sysbios_family_c64p_Exception_nmiHook__C)
                  00816f44    00000004     mmw_dss_pe674.oe674 (.const:ti_sysbios_family_c64p_Hwi_INTRMUX1Address__C)
                  00816f48    00000004     mmw_dss_pe674.oe674 (.const:ti_sysbios_gates_GateMutex_A_badContext__C)
                  00816f4c    00000004     mmw_dss_pe674.oe674 (.const:ti_sysbios_gates_GateMutex_Instance_State_sem__O)
                  00816f50    00000004     mmw_dss_pe674.oe674 (.const:ti_sysbios_gates_GateMutex_Module__diagsEnabled__C)
                  00816f54    00000004     mmw_dss_pe674.oe674 (.const:ti_sysbios_gates_GateMutex_Module__diagsIncluded__C)
                  00816f58    00000004     mmw_dss_pe674.oe674 (.const:ti_sysbios_gates_GateMutex_Module__diagsMask__C)
                  00816f5c    00000004     mmw_dss_pe674.oe674 (.const:ti_sysbios_hal_Hwi_E_stackOverflow__C)
                  00816f60    00000004     mmw_dss_pe674.oe674 (.const:ti_sysbios_heaps_HeapBuf_Instance_State_freeList__O)
                  00816f64    00000004     mmw_dss_pe674.oe674 (.const:ti_sysbios_heaps_HeapBuf_Object__count__C)
                  00816f68    00000004     mmw_dss_pe674.oe674 (.const:ti_sysbios_heaps_HeapBuf_numConstructedHeaps__C)
                  00816f6c    00000004     mmw_dss_pe674.oe674 (.const:ti_sysbios_heaps_HeapMem_A_align__C)
                  00816f70    00000004     mmw_dss_pe674.oe674 (.const:ti_sysbios_heaps_HeapMem_A_heapSize__C)
                  00816f74    00000004     mmw_dss_pe674.oe674 (.const:ti_sysbios_heaps_HeapMem_A_invalidFree__C)
                  00816f78    00000004     mmw_dss_pe674.oe674 (.const:ti_sysbios_heaps_HeapMem_A_zeroBlock__C)
                  00816f7c    00000004     mmw_dss_pe674.oe674 (.const:ti_sysbios_heaps_HeapMem_E_memory__C)
                  00816f80    00000004     mmw_dss_pe674.oe674 (.const:ti_sysbios_heaps_HeapMem_Module__diagsEnabled__C)
                  00816f84    00000004     mmw_dss_pe674.oe674 (.const:ti_sysbios_heaps_HeapMem_Module__diagsIncluded__C)
                  00816f88    00000004     mmw_dss_pe674.oe674 (.const:ti_sysbios_heaps_HeapMem_Module__diagsMask__C)
                  00816f8c    00000004     mmw_dss_pe674.oe674 (.const:ti_sysbios_heaps_HeapMem_Module__gateObj__C)
                  00816f90    00000004     mmw_dss_pe674.oe674 (.const:ti_sysbios_heaps_HeapMem_Object__count__C)
                  00816f94    00000004     mmw_dss_pe674.oe674 (.const:ti_sysbios_heaps_HeapMem_reqAlign__C)
                  00816f98    00000004     mmw_dss_pe674.oe674 (.const:ti_sysbios_knl_Clock_Module_State_clockQ__O)
                  00816f9c    00000004     mmw_dss_pe674.oe674 (.const:ti_sysbios_knl_Semaphore_A_badContext__C)
                  00816fa0    00000004     mmw_dss_pe674.oe674 (.const:ti_sysbios_knl_Semaphore_A_noEvents__C)
                  00816fa4    00000004     mmw_dss_pe674.oe674 (.const:ti_sysbios_knl_Semaphore_A_overflow__C)
                  00816fa8    00000004     mmw_dss_pe674.oe674 (.const:ti_sysbios_knl_Semaphore_A_pendTaskDisabled__C)
                  00816fac    00000004     mmw_dss_pe674.oe674 (.const:ti_sysbios_knl_Semaphore_Instance_State_pendQ__O)
                  00816fb0    00000004     mmw_dss_pe674.oe674 (.const:ti_sysbios_knl_Semaphore_Module__diagsEnabled__C)
                  00816fb4    00000004     mmw_dss_pe674.oe674 (.const:ti_sysbios_knl_Semaphore_Module__diagsIncluded__C)
                  00816fb8    00000004     mmw_dss_pe674.oe674 (.const:ti_sysbios_knl_Semaphore_Module__diagsMask__C)
                  00816fbc    00000004     mmw_dss_pe674.oe674 (.const:ti_sysbios_knl_Swi_Object__count__C)
                  00816fc0    00000004     mmw_dss_pe674.oe674 (.const:ti_sysbios_knl_Task_A_badPriority__C)
                  00816fc4    00000004     mmw_dss_pe674.oe674 (.const:ti_sysbios_knl_Task_A_badTaskState__C)
                  00816fc8    00000004     mmw_dss_pe674.oe674 (.const:ti_sysbios_knl_Task_A_badThreadType__C)
                  00816fcc    00000004     mmw_dss_pe674.oe674 (.const:ti_sysbios_knl_Task_A_badTimeout__C)
                  00816fd0    00000004     mmw_dss_pe674.oe674 (.const:ti_sysbios_knl_Task_A_noPendElem__C)
                  00816fd4    00000004     mmw_dss_pe674.oe674 (.const:ti_sysbios_knl_Task_A_sleepTaskDisabled__C)
                  00816fd8    00000004     mmw_dss_pe674.oe674 (.const:ti_sysbios_knl_Task_E_spOutOfBounds__C)
                  00816fdc    00000004     mmw_dss_pe674.oe674 (.const:ti_sysbios_knl_Task_E_stackOverflow__C)
                  00816fe0    00000004     mmw_dss_pe674.oe674 (.const:ti_sysbios_knl_Task_Module_State_inactiveQ__O)
                  00816fe4    00000004     mmw_dss_pe674.oe674 (.const:ti_sysbios_knl_Task_Module__diagsEnabled__C)
                  00816fe8    00000004     mmw_dss_pe674.oe674 (.const:ti_sysbios_knl_Task_Module__diagsIncluded__C)
                  00816fec    00000004     mmw_dss_pe674.oe674 (.const:ti_sysbios_knl_Task_Module__diagsMask__C)
                  00816ff0    00000004     mmw_dss_pe674.oe674 (.const:ti_sysbios_knl_Task_Object__count__C)
                  00816ff4    00000004     mmw_dss_pe674.oe674 (.const:ti_sysbios_knl_Task_Object__heap__C)
                  00816ff8    00000004     mmw_dss_pe674.oe674 (.const:ti_sysbios_knl_Task_allBlockedFunc__C)
                  00816ffc    00000004     mmw_dss_pe674.oe674 (.const:ti_sysbios_knl_Task_defaultStackHeap__C)
                  00817000    00000004     mmw_dss_pe674.oe674 (.const:ti_sysbios_knl_Task_defaultStackSize__C)
                  00817004    00000004     mmw_dss_pe674.oe674 (.const:ti_sysbios_knl_Task_numConstructedTasks__C)
                  00817008    00000004     mmw_dss_pe674.oe674 (.const:ti_sysbios_timers_rti_Timer_E_cannotSupport__C)
                  0081700c    00000004     mmw_dss_pe674.oe674 (.const:ti_sysbios_timers_rti_Timer_Module__diagsEnabled__C)
                  00817010    00000004     mmw_dss_pe674.oe674 (.const:ti_sysbios_timers_rti_Timer_Module__diagsIncluded__C)
                  00817014    00000004     mmw_dss_pe674.oe674 (.const:ti_sysbios_timers_rti_Timer_Module__diagsMask__C)
                  00817018    00000004     mmw_dss_pe674.oe674 (.const:ti_sysbios_timers_rti_Timer_numTimerDevices__C)
                  0081701c    00000004     mmw_dss_pe674.oe674 (.const:ti_sysbios_timers_rti_Timer_startupNeeded__C)
                  00817020    00000004     mmw_dss_pe674.oe674 (.const:ti_sysbios_utils_Load_Module_State_taskList__O)
                  00817024    00000004     mmw_dss_pe674.oe674 (.const:ti_sysbios_utils_Load_Module__diagsEnabled__C)
                  00817028    00000004     mmw_dss_pe674.oe674 (.const:ti_sysbios_utils_Load_Module__diagsIncluded__C)
                  0081702c    00000004     mmw_dss_pe674.oe674 (.const:ti_sysbios_utils_Load_Module__diagsMask__C)
                  00817030    00000004     mmw_dss_pe674.oe674 (.const:ti_sysbios_utils_Load_postUpdate__C)
                  00817034    00000004     mmw_dss_pe674.oe674 (.const:ti_sysbios_utils_Load_windowInMs__C)
                  00817038    00000004     mmw_dss_pe674.oe674 (.const:xdc_runtime_Assert_E_assertFailed__C)
                  0081703c    00000004     mmw_dss_pe674.oe674 (.const:xdc_runtime_Core_A_initializedParams__C)
                  00817040    00000004     mmw_dss_pe674.oe674 (.const:xdc_runtime_Core_Module__diagsEnabled__C)
                  00817044    00000004     mmw_dss_pe674.oe674 (.const:xdc_runtime_Core_Module__diagsIncluded__C)
                  00817048    00000004     mmw_dss_pe674.oe674 (.const:xdc_runtime_Core_Module__diagsMask__C)
                  0081704c    00000004     mmw_dss_pe674.oe674 (.const:xdc_runtime_Error_E_memory__C)
                  00817050    00000004     mmw_dss_pe674.oe674 (.const:xdc_runtime_Error_policyFxn__C)
                  00817054    00000004     mmw_dss_pe674.oe674 (.const:xdc_runtime_Error_policy__C)
                  00817058    00000004     mmw_dss_pe674.oe674 (.const:xdc_runtime_Error_raiseHook__C)
                  0081705c    00000004     mmw_dss_pe674.oe674 (.const:xdc_runtime_IFilterLogger_Interface__BASE__C)
                  00817060    00000004     mmw_dss_pe674.oe674 (.const:xdc_runtime_IGateProvider_Interface__BASE__C)
                  00817064    00000004     mmw_dss_pe674.oe674 (.const:xdc_runtime_IHeap_Interface__BASE__C)
                  00817068    00000004     mmw_dss_pe674.oe674 (.const:xdc_runtime_ILogger_Interface__BASE__C)
                  0081706c    00000004     mmw_dss_pe674.oe674 (.const:xdc_runtime_IModule_Interface__BASE__C)
                  00817070    00000004     mmw_dss_pe674.oe674 (.const:xdc_runtime_LoggerBuf_E_badLevel__C)
                  00817074    00000004     mmw_dss_pe674.oe674 (.const:xdc_runtime_LoggerBuf_Module__gateObj__C)
                  00817078    00000004     mmw_dss_pe674.oe674 (.const:xdc_runtime_LoggerBuf_Object__count__C)
                  0081707c    00000004     mmw_dss_pe674.oe674 (.const:xdc_runtime_LoggerBuf_statusLogger__C)
[...]
008167cc  ti_sysbios_family_c64p_Cache_E_invalidL1CacheSize__C         
008167d0  xdc_runtime_Text_nodeTab__A                                  
00816924  ti_sysbios_family_c64p_Cache_E_invalidL2CacheSize__C         
00816928  mmwavelib_twiddleTableLargeFFTSize                           
008169f0  ti_sysbios_knl_Task_Object__PARAMS__C                        
00816a34  ti_sysbios_family_c64p_Cache_MAR0_31__C                      
00816ab4  xdc_runtime_LoggerBuf_Module__FXNS__C                        
00816af0  gEdmaHwAttrs                                                 
00816b28  xdc_runtime_Startup_sfxnTab__A                               
00816b5c  ti_sysbios_family_c64p_Cache_MAR128_159__C                   
00816b60  gDPMMessageFxnTable                                          
00816b88  ti_sysbios_heaps_HeapMem_Module__FXNS__C                     
00816bb0  xdc_runtime_LoggerBuf_Object__PARAMS__C                      
00816bd8  Mailbox_defaultCfg                                           
00816bfc  ti_sysbios_family_c64p_Cache_MAR160_191__C                   
00816c00  mmwavelib_dftHalfBinExpValue                                 
00816c24  ti_sysbios_gates_GateHwi_Module__FXNS__C                     
00816c48  ti_sysbios_gates_GateMutex_Module__FXNS__C                   
00816c6c  ti_sysbios_heaps_HeapMem_Object__PARAMS__C                   
00816c90  ti_sysbios_knl_Semaphore_Object__PARAMS__C                   
00816cd4  ti_sysbios_gates_GateHwi_Object__DESC__C                     
00816cf4  ti_sysbios_gates_GateMutex_Object__DESC__C                   
00816d14  ti_sysbios_heaps_HeapMem_Object__DESC__C                     
00816d34  ti_sysbios_knl_Queue_Object__DESC__C                         
00816d54  ti_sysbios_knl_Semaphore_Object__DESC__C                     
00816d74  ti_sysbios_knl_Task_Object__DESC__C                          
00816d94  xdc_runtime_LoggerBuf_Object__DESC__C                        
00816dd0  xdc_runtime_Startup_sfxnRts__A                               
00816dea  ti_sysbios_family_c64p_EventCombiner_Module__id__C           
00816dec  ti_sysbios_gates_GateHwi_Object__PARAMS__C                   
00816e04  ti_sysbios_gates_GateMutex_Object__PARAMS__C                 
00816e1c  ti_sysbios_knl_Queue_Object__PARAMS__C                       
00816e34  ti_sysbios_family_c64p_Cache_MAR192_223__C                   
00816e38  ti_sysbios_knl_Task_hooks__A                                 
00816eb8  ti_sysbios_family_c64p_EventCombiner_EVTMASK__C              
00816ed4  ti_sysbios_family_c64p_Cache_MAR224_255__C                   
00816ed8  ti_sysbios_knl_Idle_funcList__A                              
00816ee4  ti_sysbios_knl_Idle_funcList__C                              
00816eec  ti_sysbios_knl_Task_hooks__C                                 
00816ef4  ti_sysbios_family_c64p_Cache_MAR32_63__C                     
00816ef8  xdc_runtime_Startup_firstFxns__A                             
00816f00  xdc_runtime_Startup_firstFxns__C                             
00816f08  xdc_runtime_Startup_lastFxns__C                              
00816f10  ti_sysbios_family_c64p_Cache_MAR64_95__C                     
00816f14  ti_sysbios_family_c64p_Cache_MAR96_127__C                    
00816f18  ti_sysbios_family_c64p_EventCombiner_A_invalidEventId__C     
00816f1c  ti_sysbios_family_c64p_EventCombiner_EVTRegs__C              
00816f20  ti_sysbios_family_c64p_EventCombiner_E_unpluggedEvent__C     
00816f24  ti_sysbios_family_c64p_EventCombiner_Module__diagsEnabled__C 
00816f28  ti_sysbios_family_c64p_EventCombiner_Module__diagsIncluded__C
00816f2c  ti_sysbios_family_c64p_EventCombiner_Module__diagsMask__C    
00816f30  ti_sysbios_family_c64p_Exception_E_exceptionMax__C           
00816f34  ti_sysbios_family_c64p_Exception_exceptionHook__C            
00816f38  ti_sysbios_family_c64p_Exception_externalHook__C             
00816f3c  ti_sysbios_family_c64p_Exception_internalHook__C             
00816f40  ti_sysbios_family_c64p_Exception_nmiHook__C                  
00816f44  ti_sysbios_family_c64p_Hwi_INTRMUX1Address__C                
00816f48  ti_sysbios_gates_GateMutex_A_badContext__C                   
00816f4c  ti_sysbios_gates_GateMutex_Instance_State_sem__O             
00816f50  ti_sysbios_gates_GateMutex_Module__diagsEnabled__C           
00816f54  ti_sysbios_gates_GateMutex_Module__diagsIncluded__C          
00816f58  ti_sysbios_gates_GateMutex_Module__diagsMask__C              
00816f5c  ti_sysbios_hal_Hwi_E_stackOverflow__C                        
00816f60  ti_sysbios_heaps_HeapBuf_Instance_State_freeList__O          
00816f64  ti_sysbios_heaps_HeapBuf_Object__count__C                    
00816f68  ti_sysbios_heaps_HeapBuf_numConstructedHeaps__C              
00816f6c  ti_sysbios_heaps_HeapMem_A_align__C                          
00816f70  ti_sysbios_heaps_HeapMem_A_heapSize__C                       
00816f74  ti_sysbios_heaps_HeapMem_A_invalidFree__C                    
00816f78  ti_sysbios_heaps_HeapMem_A_zeroBlock__C                      
00816f7c  ti_sysbios_heaps_HeapMem_E_memory__C                         
00816f80  ti_sysbios_heaps_HeapMem_Module__diagsEnabled__C             
00816f84  ti_sysbios_heaps_HeapMem_Module__diagsIncluded__C            
00816f88  ti_sysbios_heaps_HeapMem_Module__diagsMask__C                
00816f8c  ti_sysbios_heaps_HeapMem_Module__gateObj__C                  
00816f90  ti_sysbios_heaps_HeapMem_Object__count__C                    
00816f94  ti_sysbios_heaps_HeapMem_reqAlign__C                         
00816f98  ti_sysbios_knl_Clock_Module_State_clockQ__O                  
00816f9c  ti_sysbios_knl_Semaphore_A_badContext__C                     
00816fa0  ti_sysbios_knl_Semaphore_A_noEvents__C                       
00816fa4  ti_sysbios_knl_Semaphore_A_overflow__C                       
00816fa8  ti_sysbios_knl_Semaphore_A_pendTaskDisabled__C               
00816fac  ti_sysbios_knl_Semaphore_Instance_State_pendQ__O             
00816fb0  ti_sysbios_knl_Semaphore_Module__diagsEnabled__C             
00816fb4  ti_sysbios_knl_Semaphore_Module__diagsIncluded__C            
00816fb8  ti_sysbios_knl_Semaphore_Module__diagsMask__C                
00816fbc  ti_sysbios_knl_Swi_Object__count__C                          
00816fc0  ti_sysbios_knl_Task_A_badPriority__C                         
00816fc4  ti_sysbios_knl_Task_A_badTaskState__C                        
00816fc8  ti_sysbios_knl_Task_A_badThreadType__C                       
00816fcc  ti_sysbios_knl_Task_A_badTimeout__C                          
00816fd0  ti_sysbios_knl_Task_A_noPendElem__C                          
00816fd4  ti_sysbios_knl_Task_A_sleepTaskDisabled__C                   
00816fd8  ti_sysbios_knl_Task_E_spOutOfBounds__C                       
00816fdc  ti_sysbios_knl_Task_E_stackOverflow__C                       
00816fe0  ti_sysbios_knl_Task_Module_State_inactiveQ__O                
00816fe4  ti_sysbios_knl_Task_Module__diagsEnabled__C                  
00816fe8  ti_sysbios_knl_Task_Module__diagsIncluded__C                 
00816fec  ti_sysbios_knl_Task_Module__diagsMask__C                     
00816ff0  ti_sysbios_knl_Task_Object__count__C                         
00816ff4  ti_sysbios_knl_Task_Object__heap__C                          
00816ff8  ti_sysbios_knl_Task_allBlockedFunc__C                        
00816ffc  ti_sysbios_knl_Task_defaultStackHeap__C                      
00817000  ti_sysbios_knl_Task_defaultStackSize__C                      
00817004  ti_sysbios_knl_Task_numConstructedTasks__C                   
00817008  ti_sysbios_timers_rti_Timer_E_cannotSupport__C               
0081700c  ti_sysbios_timers_rti_Timer_Module__diagsEnabled__C          
00817010  ti_sysbios_timers_rti_Timer_Module__diagsIncluded__C         
00817014  ti_sysbios_timers_rti_Timer_Module__diagsMask__C             
00817018  ti_sysbios_timers_rti_Timer_numTimerDevices__C               
0081701c  ti_sysbios_timers_rti_Timer_startupNeeded__C                 
00817020  ti_sysbios_utils_Load_Module_State_taskList__O               
00817024  ti_sysbios_utils_Load_Module__diagsEnabled__C                
00817028  ti_sysbios_utils_Load_Module__diagsIncluded__C               
0081702c  ti_sysbios_utils_Load_Module__diagsMask__C                   
00817030  ti_sysbios_utils_Load_postUpdate__C                          
00817034  ti_sysbios_utils_Load_windowInMs__C                          
00817038  xdc_runtime_Assert_E_assertFailed__C                         
0081703c  xdc_runtime_Core_A_initializedParams__C                      
00817040  xdc_runtime_Core_Module__diagsEnabled__C                     
00817044  xdc_runtime_Core_Module__diagsIncluded__C                    
00817048  xdc_runtime_Core_Module__diagsMask__C                        
0081704c  xdc_runtime_Error_E_memory__C                                
00817050  xdc_runtime_Error_policyFxn__C                               
00817054  xdc_runtime_Error_policy__C                                  
00817058  xdc_runtime_Error_raiseHook__C                               
0081705c  xdc_runtime_IFilterLogger_Interface__BASE__C                 
00817060  xdc_runtime_IGateProvider_Interface__BASE__C                 
00817064  xdc_runtime_IHeap_Interface__BASE__C                         
00817068  xdc_runtime_ILogger_Interface__BASE__C                       
0081706c  xdc_runtime_IModule_Interface__BASE__C                       
00817070  xdc_runtime_LoggerBuf_E_badLevel__C                          
00817074  xdc_runtime_LoggerBuf_Module__gateObj__C                     
00817078  xdc_runtime_LoggerBuf_Object__count__C                       
0081707c  xdc_runtime_LoggerBuf_statusLogger__C                        
00817080  xdc_runtime_Main_Module__diagsEnabled__C                     
00817084  xdc_runtime_Main_Module__diagsIncluded__C                    
00817088  xdc_runtime_Main_Module__diagsMask__C                        
0081708c  xdc_runtime_Main_Module__loggerFxn1__C                       
00817090  xdc_runtime_Main_Module__loggerFxn2__C                       
00817094  xdc_runtime_Main_Module__loggerFxn4__C                       
00817098  xdc_runtime_Main_Module__loggerObj__C                        
0081709c  xdc_runtime_Memory_defaultHeapInstance__C                    
008170a0  xdc_runtime_Startup_execImpl__C                              
008170a4  xdc_runtime_Startup_maxPasses__C                             
008170a8  xdc_runtime_Startup_sfxnRts__C                               
008170ac  xdc_runtime_Startup_sfxnTab__C                               
008170b0  xdc_runtime_System_Module__gateObj__C                        
008170b4  xdc_runtime_System_abortFxn__C                               
008170b8  xdc_runtime_System_exitFxn__C                                
008170bc  xdc_runtime_System_extendFxn__C                              
008170c0  xdc_runtime_System_maxAtexitHandlers__C                      
008170c4  xdc_runtime_Text_charTab__C                                  
008170c8  xdc_runtime_Text_nameEmpty__C                                
008170cc  xdc_runtime_Text_nameStatic__C                               
008170d0  xdc_runtime_Text_nameUnknown__C                              
008170d4  xdc_runtime_Text_nodeTab__C                                  
008170d8  xdc_runtime_Text_visitRopeFxn__C                             
008170dc  ti_sysbios_family_c64p_Exception_Module__id__C               
008170de  ti_sysbios_family_c64p_Exception_useInternalBuffer__C        
008170e0  ti_sysbios_gates_GateMutex_Module__id__C                     
008170e2  ti_sysbios_hal_Hwi_Module__id__C                             
008170e4  ti_sysbios_heaps_HeapMem_Module__id__C                       
008170e6  ti_sysbios_knl_Semaphore_Module__id__C                       
008170e8  ti_sysbios_knl_Task_Module__id__C                            
008170ea  ti_sysbios_timers_rti_Timer_Module__id__C                    
008170ec  ti_sysbios_timers_rti_Timer_continueOnSuspend__C             
008170ee  ti_sysbios_utils_Load_Module__id__C                          
008170f0  ti_sysbios_utils_Load_autoAddTasks__C                        
008170f2  ti_sysbios_utils_Load_updateInIdle__C                        
008170f4  xdc_runtime_Core_Module__id__C                               
008170f6  xdc_runtime_Error_maxDepth__C                                
008170f8  xdc_runtime_LoggerBuf_Module__id__C                          
008170fa  xdc_runtime_LoggerBuf_filterByLevel__C                       
008170fc  xdc_runtime_Main_Module__id__C                               
008170fe  xdc_runtime_Main_Module__loggerDefined__C                    
00817100  xdc_runtime_Memory_Module__id__C                             
00817102  xdc_runtime_Text_charCnt__C                                  
00817104  xdc_runtime_Text_isLoaded__C                                 
00817106  xdc_runtime_Text_registryModsLastId__C                       
00817108  xdc_runtime_Text_unnamedModsLastId__C                        
0081710c  __TI_STATIC_BASE                                             
0081710c  gObjDetObj                                                   
00817110  xdc_runtime_LoggerBuf_Instance_State_0_entryArr__A           
00818ee8  ti_sysbios_knl_Task_Instance_State_0_stack__A                
00819208  __TI_tmpnams                                                 
00819348  gMmwDssMCB                                                   
0081941c  resultBuffer                                                 
00819434  edmaDbg                                                      
00819448  parmbuf                                                      
00819450  ti_sysbios_knl_Task_Instance_State_0_hookEnv__A              
00819458  ti_sysbios_family_c64p_EventCombiner_Module__state__V        
00819858  _ftable                                                      
00819a38  _stream                                                      
00819ad8  ti_sysbios_utils_Load_Module__state__V                       
00819b70  ti_sysbios_knl_Swi_Module_State_0_readyQ__A                  
00819bf0  ti_sysbios_knl_Task_Module_State_0_readyQ__A                 
00819c70  _device                                                      
00819ce8  ti_sysbios_family_c64p_Hwi_Object__table__V                  
00819d60  ti_sysbios_family_c64p_Hwi_Module__state__V                  
00819dcc  _lock                                                        
00819dd0  ti_sysbios_knl_Task_Object__table__V                         
00819e2c  gMailboxMCB                                                  
00819e7c  ti_sysbios_knl_Task_Module__state__V                         
00819ec4  _unlock                                                      
00819f08  SOC_TranslateAddr_LUT                                        
00819f88  ti_sysbios_gates_GateMutex_Object__table__V                  
00819fc8  ti_sysbios_timers_rti_Timer_Object__table__V                 
0081a004  ti_sysbios_family_c64p_Exception_Module__state__V            
0081a034  __TI_ft_end                                                  
0081a038  ti_sysbios_knl_Swi_Object__table__V                          
0081a068  ti_sysbios_knl_Clock_Module__state__V                        
0081a094  gDPC_ObjectDetectionCfg                                      
0081a0b8  ti_sysbios_BIOS_Module__state__V                             
0081a0dc  __errno                                                      
0081a0dc  errno                                                        
0081a0e0  xdc_runtime_LoggerBuf_Object__table__V                       
0081a104  ti_sysbios_family_c64p_Cache_Module__state__V                
0081a128  gSOCHwAttrib                                                 
0081a148  xdc_runtime_Error_IgnoreBlock                                
0081a168  xdc_runtime_System_Module_State_0_atexitHandlers__A          
0081a188  ti_sysbios_knl_Swi_Module__state__V                          
0081a1a4  ti_sysbios_heaps_HeapBuf_Module__state__V                    
0081a1a8  ti_sysbios_utils_Load_Module_State_0_taskEnv__A              
0081a1c4  gMailboxDssBssHwCfg                                          
0081a1dc  gMailboxDssMssHwCfg                                          
0081a1f4  xdc_runtime_Memory_Module__state__V                          
0081a1f8  ti_sysbios_heaps_HeapMem_Object__table__V                    
0081a210  ti_sysbios_timers_rti_Timer_Module_State_0_device__A         
0081a228  gDPMRemoteTable                                              
0081a23c  xdc_runtime_Error_Module__state__V                           
0081a23e  xdc_runtime_Main_Module__root__V                             
0081a240  ti_sysbios_timers_rti_Timer_Module_State_0_intFreqs__A       
0081a250  ti_sysbios_timers_rti_Timer_Module__state__V                 
0081a260  __TI_cleanup_ptr                                             
0081a264  __TI_dtors_ptr                                               
0081a268  __TI_enable_exit_profile_output                              
0081a26c  ti_sysbios_knl_Task_Module__root__V                          
0081a278  gDPMHwAttrib                                                 
0081a280  ti_sysbios_gates_GateHwi_Module__root__V                     
0081a288  ti_sysbios_gates_GateMutex_Module__root__V                   
0081a290  ti_sysbios_hal_Hwi_Object__table__V                          
0081a298  ti_sysbios_heaps_HeapMem_Module__root__V                     
0081a2a0  ti_sysbios_knl_Queue_Module__root__V                         
0081a2a8  ti_sysbios_knl_Semaphore_Module__root__V                     
0081a2b0  ti_sysbios_timers_rti_Timer_Module_State_0_handles__A        
0081a2b8  xdc_runtime_LoggerBuf_Module__root__V                        
0081a2c0  xdc_runtime_Registry_Module__state__V                        
0081a2c8  xdc_runtime_Startup_Module__state__V                         
0081a2d0  xdc_runtime_System_Module__state__V                          
0081a2d8  xdc_runtime_LoggerBuf_Module__state__V                       
0081a2e0  ti_sysbios_gates_GateHwi_Object__table__V                    
0081a2e8  ti_sysbios_knl_Task_Module_State_0_idleTask__A               
0081a2f0  ti_sysbios_utils_Load_Module_State_0_runningTask__A          
0081a2f8  ti_sysbios_utils_Load_Module_State_0_taskStartTime__A        
0081a300  _stack                                                       
0081ab00  __CIOBUF_                                                    
0081ab00  __TI_STACK_END                                               
0081acdc  gDPM                                                         
0081ace0  regionId                                                     
00f00000  gDPC_ObjDetL1Heap                                            
20000000  gMmwL3                                                       
21080000  gHSRAM                                                       
ffffffff  __TI_pprof_out_hndl                                          
ffffffff  __TI_prof_data_size                                          
ffffffff  __TI_prof_data_start                                         
ffffffff  __binit__                                                    
ffffffff  __c_args__                                                   
ffffffff  binit                                                        
UNDEFED   __TI_CINIT_Base                                              
UNDEFED   __TI_CINIT_Limit                                             
UNDEFED   __TI_Handler_Table_Base                                      
UNDEFED   __TI_Handler_Table_Limit                                     
UNDEFED   __TI_INITARRAY_Base                                          
UNDEFED   __TI_INITARRAY_Limit                                         
UNDEFED   __TI_TLS_INIT_Base                                           
UNDEFED   __TI_TLS_INIT_Limit                                          

[814 symbols]
