******************************************************************************
                  TI ARM Linker Unix v16.9.6                   
******************************************************************************
>> Linked Tue Oct  2 23:36:17 2018

OUTPUT FILE NAME:   <xwr16xx_mmw_demo_mss.xer4f>
ENTRY POINT SYMBOL: "_c_int00"  address: 0000e63c


MEMORY CONFIGURATION

         name            origin    length      used     unused   attr    fill
----------------------  --------  ---------  --------  --------  ----  --------
  VECTORS               00000000   00000100  0000003c  000000c4     X
  PROG_RAM              00000100   0003ff00  00015426  0002aada  R  X
  DATA_RAM              08000000   00030000  0000e974  0002168c  RW  
  L3_RAM                51000000   000c0000  00000000  000c0000  RW  
  HS_RAM                52080000   00008000  00000000  00008000  RW  


SEGMENT ALLOCATION MAP

run origin  load origin   length   init length attrs members
----------  ----------- ---------- ----------- ----- -------
00000000    00000000    0000003c   0000003c    r--
  00000000    00000000    0000003c   0000003c    r-- .vecs
00000100    00000100    00015430   00015430    r-x
  00000100    00000100    00012652   00012652    r-x .text
  00012758    00012758    000029ec   000029ec    r-- .const
  00015148    00015148    000003e8   000003e8    r-- .cinit
08000000    08000000    0000e978   00000000    rw-
  08000000    08000000    0000a000   00000000    rw- systemHeap
  0800a000    0800a000    00002190   00000000    rw- .bss
  0800c190    0800c190    00001000   00000000    rw- .stack
  0800d190    0800d190    00000fe4   00000000    rw- .data
  0800e178    0800e178    00000800   00000000    rw- .myFiqStack


SECTION ALLOCATION MAP

 output                                  attributes/
section   page    origin      length       input sections
--------  ----  ----------  ----------   ----------------
.vecs      0    00000000    0000003c     
                  00000000    0000003c     mss_mmw_per4ft.oer4ft (.vecs)

.myFiqStack 
*          0    0800e178    00000800     UNINITIALIZED
                  0800e178    00000800     mss_mmw_per4ft.oer4ft (.myFiqStack)

xdc.meta   0    00000000    00000104     COPY SECTION
                  00000000    00000104     mss_mmw_per4ft.oer4ft (xdc.meta)

.text      0    00000100    00012652     
                  00000100    0000107a     rtsv7R4_T_le_v3D16_eabi.lib : _printfi.obj (.text)
                  0000117a    00000002     libmmwave_xwr16xx.aer4f : mmwave_link.oer4f (.text:MMWave_maskHostIRQ)
                  0000117c    00000656     cli.oer4f (.text:MmwDemo_CLIInit)
                  000017d2    0000000e     cli.oer4f (.text:MmwDemo_CLISensorStop)
                  000017e0    000004d9     sysbios.aer4ft : BIOS.obj (.text:xdc_runtime_System_doPrint__I)
                  00001cb9    00000001     --HOLE-- [fill = 0]
                  00001cba    00000002     mss_main.oer4f (.text:MmwDemo_mssMmwaveCloseCallbackFxn)
                  00001cbc    000004b0     mss_main.oer4f (.text:MmwDemo_mssInitTask)
                  0000216c    000003cc     libcli_xwr16xx.aer4f : cli_mmwave.oer4f (.text:CLI_MMWaveVersion)
                  00002538    00000008     libosal_xwr16xx.aer4f : HwiP_tirtos.oer4f (.text:HwiP_disable)
                  00002540    00000398     sysbios.aer4ft : BIOS.obj (.text:ti_sysbios_knl_Event_pend__E)
                  000028d8    00000008     libmmwave_xwr16xx.aer4f : mmwave.oer4f (.text:MMWave_decodeErrorLevel)
                  000028e0    00000304     sysbios.aer4ft : BIOS.obj (.text:ti_sysbios_knl_Semaphore_pend__E)
                  00002be4    000002f0     libsoc_xwr16xx.aer4f : soc_xwr16xx_mss.oer4f (.text:SOC_deviceInit)
                  00002ed4    000002b8     rtsv7R4_T_le_v3D16_eabi.lib : ull_div32.obj (.text)
                  0000318c    00000004     libosal_xwr16xx.aer4f : HwiP_tirtos.oer4f (.text:HwiP_disableInterrupt)
                  00003190    000002a0     sysbios.aer4ft : BIOS.obj (.text:ti_sysbios_heaps_HeapMem_freeUnprotected__E)
                  00003430    00000284     libmmwave_xwr16xx.aer4f : mmwave_xwr16xx.oer4f (.text:MMWave_deviceExecuteFxn)
                  000036b4    00000280     mss_main.oer4f (.text:MmwDemo_mboxReadTask)
                  00003934    0000000c     libcli_xwr16xx.aer4f : cli_mmwave.oer4f (.text:CLI_getMMWaveExtensionConfig)
                  00003940    00000280     sysbios.aer4ft : BIOS.obj (.text:ti_sysbios_family_arm_exc_Exception_excDumpContext__I)
                  00003bc0    00000264                    : BIOS.obj (.text:ti_sysbios_knl_Task_Instance_finalize__E)
                  00003e24    00000260     libmailbox_xwr16xx.aer4f : mailbox.oer4f (.text:Mailbox_open)
                  00004084    00000244     libcli_xwr16xx.aer4f : cli_mmwave.oer4f (.text:CLI_MMWaveProfileCfg)
                  000042c8    00000240     mss_main.oer4f (.text:MmwDemo_mssCtrlPathTask)
                  00004508    00000238     mss_main.oer4f (.text:MmwDemo_mssDataPathConfig)
                  00004740    00000228     sysbios.aer4ft : BIOS.obj (.text:ti_sysbios_heaps_HeapMem_allocUnprotected__E)
                  00004968    00000008     libmmwave_xwr16xx.aer4f : mmwave_link.oer4f (.text:MMWave_mboxCallbackFxn)
                  00004970    00000218     sysbios.aer4ft : BIOS.obj (.text:ti_sysbios_knl_Task_sleep__E)
                  00004b88    00000214     libuart_xwr16xx.aer4f : uartsci.oer4f (.text:UartSci_open)
                  00004d9c    00000200     libcrc_xwr16xx.aer4f : crc.oer4f (.text:CRC_open)
                  00004f9c    000001f0     libdma_xwr16xx.aer4f : dma.oer4f (.text:DMA_setChannelParams)
                  0000518c    000001e4     rtsv7R4_T_le_v3D16_eabi.lib : strtod.obj (.text)
                  00005370    000001e4     sysbios.aer4ft : BIOS.obj (.text:ti_sysbios_family_arm_v7r_vim_Hwi_dispatchIRQC__I)
                  00005554    0000000c     libmmwave_xwr16xx.aer4f : mmwave_xwr16xx.oer4f (.text:MMWave_deviceMailboxCallbackFxn)
                  00005560    000001e4     sysbios.aer4ft : BIOS.obj (.text:ti_sysbios_timers_rti_Timer_Module_startup__E)
                  00005744    000001d8     libcli_xwr16xx.aer4f : cli_mmwave.oer4f (.text:CLI_MMWaveChirpCfg)
                  0000591c    00000004     libmmwave_xwr16xx.aer4f : mmwave_link.oer4f (.text:MMWave_disableDevice)
                  00005920    000001cc     sysbios.aer4ft : BIOS.obj (.text:ti_sysbios_knl_Task_Module_startup__E)
                  00005aec    000001c8     rtsv7R4_T_le_v3D16_eabi.lib : fopen.obj (.text)
                  00005cb4    0000000c     libmmwave_xwr16xx.aer4f : mmwave_osal.oer4f (.text:MMWave_osalMutexUnlock)
                  00005cc0    000001bc     sysbios.aer4ft : BIOS.obj (.text:ti_sysbios_knl_Task_Instance_init__E)
                  00005e7c    000001ac     mss_main.oer4f (.text:MmwDemo_bpmConfig)
                  00006028    000001a8     libcli_xwr16xx.aer4f : cli_mmwave.oer4f (.text:CLI_MMWaveSubFrameCfg)
                  000061d0    000001a4     libmmwave_xwr16xx.aer4f : mmwave_xwr16xx.oer4f (.text:MMWave_serializeCfg)
                  00006374    0000000c                             : mmwave_osal.oer4f (.text:MMWave_osalSemSignal)
                  00006380    00000198     sysbios.aer4ft : BIOS.obj (.text:xdc_runtime_Error_policyDefault__E)
                  00006518    00000184     libmmwavelink_xwr16xx.aer4f : rl_driver.oer4f (.text:rlDriverCmdInvoke)
                  0000669c    00000180                                 : rl_driver.oer4f (.text:rlDriverRxHdrRead)
                  0000681c    00000004     libmmwave_xwr16xx.aer4f : mmwave_link.oer4f (.text:MMWave_enableDevice)
                  00006820    0000017c     sysbios.aer4ft : BIOS.obj (.text:ti_sysbios_family_arm_exc_Exception_excHandler__I)
                  0000699c    00000170     libgpio_xwr16xx.aer4f : gpio.oer4f (.text:GPIO_setConfig)
                  00006b0c    00000004     libmmwave_xwr16xx.aer4f : mmwave_listlib.oer4f (.text:MMWave_listGetHead)
                  00006b10    00000168     sysbios.aer4ft : BIOS.obj (.text:ti_sysbios_knl_Event_post__E)
                  00006c78    00000008     libosal_xwr16xx.aer4f : SemaphoreP_tirtos.oer4f (.text:SemaphoreP_Params_init)
                  00006c80    00000160     sysbios.aer4ft : BIOS.obj (.text:ti_sysbios_family_arm_v7r_vim_Hwi_reconfig__E)
                  00006de0    00000150     cli.oer4f (.text:MmwDemo_CLICalibDcRangeSig)
                  00006f30    00000150     mss_main.oer4f (.text:main)
                  00007080    0000014c     libcli_xwr16xx.aer4f : cli_mmwave.oer4f (.text:CLI_MMWaveFrameCfg)
                  000071cc    0000014c                          : cli.oer4f (.text:CLI_task)
                  00007318    0000014c     libmmwave_xwr16xx.aer4f : mmwave_link.oer4f (.text:MMWave_initMMWaveLink)
                  00007464    0000014a     libuart_xwr16xx.aer4f : uartsci.oer4f (.text:UartSci_ISR)
                  000075ae    00000002     mss_main.oer4f (.text:MmwDemo_mssMmwaveOpenCallbackFxn)
                  000075b0    00000148     libmmwave_xwr16xx.aer4f : mmwave_link.oer4f (.text:MMWave_openLink)
                  000076f8    00000008     libmmwavelink_xwr16xx.aer4f : rl_driver.oer4f (.text:rlDriverConstructOutMsg)
                  00007700    00000148     sysbios.aer4ft : BIOS.obj (.text:ti_sysbios_knl_Semaphore_post__E)
                  00007848    00000008     libmmwavelink_xwr16xx.aer4f : rl_driver.oer4f (.text:rlDriverGetHandle)
                  00007850    00000140     sysbios.aer4ft : BIOS.obj (.text:ti_sysbios_heaps_HeapMem_Instance_init__E)
                  00007990    00000138                    : BIOS.obj (.text:ti_sysbios_knl_Clock_workFunc__E)
                  00007ac8    00000008                    : BIOS.obj (.text:ti_sysbios_family_arm_v7a_Pmu_getEnabled__E)
                  00007ad0    00000138                    : BIOS.obj (.text:xdc_runtime_Core_createObject__I)
                  00007c08    00000006     libosal_xwr16xx.aer4f : HwiP_tirtos.oer4f (.text:HwiP_restore)
                  00007c0e    00000002     libuart_xwr16xx.aer4f : uartsci.oer4f (.text:UartSci_init)
                  00007c10    00000134     sysbios.aer4ft : BIOS.obj (.text:xdc_runtime_Startup_startMods__I)
                  00007d44    00000130     cli.oer4f (.text:MmwDemo_CLICompRangeBiasAndRxChanPhaseCfg)
                  00007e74    0000012c     libcli_xwr16xx.aer4f : cli_mmwave.oer4f (.text:CLI_MMWaveContModeCfg)
                  00007fa0    00000128     libmmwavelink_xwr16xx.aer4f : rl_driver.oer4f (.text:rlDriverMsgRead)
                  000080c8    00000124     libcli_xwr16xx.aer4f : cli_mmwave.oer4f (.text:CLI_MMWaveAdvFrameCfg)
                  000081ec    00000004     libmmwave_xwr16xx.aer4f : mmwave_listlib.oer4f (.text:MMWave_listGetNext)
                  000081f0    00000118     sysbios.aer4ft : BIOS.obj (.text:ti_sysbios_family_arm_v7r_vim_Hwi_Instance_init__E)
                  00008308    00000114     libmmwavelink_xwr16xx.aer4f : rl_driver.oer4f (.text:rlDriverCmdSendRetry)
                  0000841c    00000004     libmmwave_xwr16xx.aer4f : mmwave_link.oer4f (.text:MMWave_mboxClose)
                  00008420    00000114     sysbios.aer4ft : BIOS.obj (.text:ti_sysbios_knl_Swi_run__I)
                  00008534    0000010c     libmmwave_xwr16xx.aer4f : mmwave_xwr16xx.oer4f (.text:MMWave_deviceInitFxn)
                  00008640    00000108     libmailbox_xwr16xx.aer4f : mailbox.oer4f (.text:Mailbox_write)
                  00008748    00000104     libmmwave_xwr16xx.aer4f : mmwave_link.oer4f (.text:MMWave_startLink)
                  0000884c    00000104     mss_main.oer4f (.text:MmwDemo_mssMmwaveEventCallbackFxn)
                  00008950    00000104     sysbios.aer4ft : BIOS.obj (.text:ti_sysbios_timers_rti_Timer_getFreq__E)
                  00008a54    00000100     libcli_xwr16xx.aer4f : cli_mmwave.oer4f (.text:CLI_MMWaveBPMCfgAdvanced)
                  00008b54    0000000c     mss_main.oer4f (.text:MmwDemo_mboxCallback)
                  00008b60    00000100     sysbios.aer4ft : BIOS.obj (.text:xdc_runtime_Core_constructObject__I)
                  00008c60    000000fc     libcrc_xwr16xx.aer4f : crc.oer4f (.text:CRC_computeSignature)
                  00008d5c    000000fc     libdma_xwr16xx.aer4f : dma.oer4f (.text:DMA_disableInterrupt)
                  00008e58    000000fc     libmmwavelink_xwr16xx.aer4f : rl_driver.oer4f (.text:rlDriverInit)
                  00008f54    000000f8                                 : rl_driver.oer4f (.text:rlDriverRdVerifyMsg)
                  0000904c    000000f8     mss_mmw_per4ft.oer4ft (.text:xdc_runtime_System_printfExtend__I)
                  00009144    0000000c     libuart_xwr16xx.aer4f : UART.oer4f (.text:UART_Params_init)
                  00009150    000000f0     sysbios.aer4ft : BIOS.obj (.text:ti_sysbios_family_arm_v7r_vim_Hwi_Module_startup__E)
                  00009240    000000ec     rtsv7R4_T_le_v3D16_eabi.lib : s_scalbn.obj (.text)
                  0000932c    00000004     libmmwave_xwr16xx.aer4f : mmwave_link.oer4f (.text:MMWave_mboxRead)
                  00009330    000000ec     sysbios.aer4ft : BIOS.obj (.text:ti_sysbios_heaps_HeapBuf_Module_startup__E)
                  0000941c    000000e4     libdma_xwr16xx.aer4f : dma.oer4f (.text:DMA_clearChannelInterruptFlag)
                  00009500    000000e4     libmmwave_xwr16xx.aer4f : mmwave_link.oer4f (.text:MMWave_asyncEventHandler)
                  000095e4    000000e0     libcli_xwr16xx.aer4f : cli.oer4f (.text:CLI_open)
                  000096c4    000000dc     cli.oer4f (.text:MmwDemo_CLIPeakGroupingCfg)
                  000097a0    000000dc     rtsv7R4_T_le_v3D16_eabi.lib : setvbuf.obj (.text)
                  0000987c    000000d8     libdma_xwr16xx.aer4f : dma.oer4f (.text:DMA_enableInterrupt)
                  00009954    000000d8     libmmwave_xwr16xx.aer4f : mmwave.oer4f (.text:MMWave_init)
                  00009a2c    000000d8     cli.oer4f (.text:MmwDemo_CLIChirpQualityRxSatMonCfg)
                  00009b04    000000d4     libmailbox_xwr16xx.aer4f : mailbox.oer4f (.text:Mailbox_read)
                  00009bd8    000000d4     mss_main.oer4f (.text:MmwDemo_mssDataPathStop)
                  00009cac    000000d4     libmmwavelink_xwr16xx.aer4f : rl_sensor.oer4f (.text:rlSetMultiBpmChirpConfig)
                  00009d80    000000d4     sysbios.aer4ft : BIOS.obj (.text:ti_sysbios_knl_Task_schedule__I)
                  00009e54    000000d0     libsoc_xwr16xx.aer4f : soc_xwr16xx_mss.oer4f (.text:SOC_controlSecureFirewall)
                  00009f24    000000d0     sysbios.aer4ft : exc_Exception_asm.obj (.text:ti_sysbios_family_arm_exc_Exception_excHandlerAsm__I)
                  00009ff4    0000000c     libuart_xwr16xx.aer4f : uartsci_dma.oer4f (.text:UartSci_isDMAEnabled)
                  0000a000    000000d0     sysbios.aer4ft : BIOS.obj (.text:ti_sysbios_knl_Task_exit__E)
                  0000a0d0    000000cc     libmmwavelink_xwr16xx.aer4f : rl_sensor.oer4f (.text:rlRfCalibDataRestore)
                  0000a19c    000000cc                                 : rl_sensor.oer4f (.text:rlSetChirpConfig)
                  0000a268    000000cc     rtsv7R4_T_le_v3D16_eabi.lib : fflush.obj (.text)
                  0000a334    0000000c     sysbios.aer4ft : arm_IntrinsicsSupport_asm.obj (.text:_ti_sysbios_family_arm_IntrinsicsSupport_maxbitA)
                  0000a340    000000cc                    : BIOS.obj (.text:ti_sysbios_knl_Task_checkStacks__E)
                  0000a40c    000000c8     libmmwave_xwr16xx.aer4f : mmwave_fullcfg.oer4f (.text:MMWave_addChirp)
                  0000a4d4    000000c8                             : mmwave_link.oer4f (.text:MMWave_configBPM)
                  0000a59c    000000c8                             : mmwave_fullcfg.oer4f (.text:MMWave_flushCfg)
                  0000a664    000000c8                             : mmwave_fullcfg.oer4f (.text:MMWave_getChirpHandle)
                  0000a72c    000000c4     cli.oer4f (.text:MmwDemo_CLILvdsStreamCfg)
                  0000a7f0    000000c4     sysbios.aer4ft : BIOS.obj (.text:ti_sysbios_family_arm_v7a_Pmu_configureCounter__E)
                  0000a8b4    000000c0     cli.oer4f (.text:MmwDemo_CLIChirpQualitySigImgMonCfg)
                  0000a974    000000c0     libmmwavelink_xwr16xx.aer4f : rl_driver.oer4f (.text:rlDriverMsgWrite)
                  0000aa34    000000c0                                 : rl_sensor.oer4f (.text:rlSetFrameConfig)
                  0000aaf4    0000000c     rtsv7R4_T_le_v3D16_eabi.lib : copy_zero_init.obj (.text:decompress:ZI)
                  0000ab00    000000c0     sysbios.aer4ft : BIOS.obj (.text:ti_sysbios_timers_rti_Timer_startup__E)
                  0000abc0    000000bc     libcli_xwr16xx.aer4f : cli.oer4f (.text:CLI_help)
                  0000ac7c    000000bc     libgpio_xwr16xx.aer4f : gpio.oer4f (.text:GPIO_write)
                  0000ad38    000000bc     libmmwave_xwr16xx.aer4f : mmwave_link.oer4f (.text:MMWave_computeCRC)
                  0000adf4    000000bc     cli.oer4f (.text:MmwDemo_CLIBpmCfg)
                  0000aeb0    000000bc     cli.oer4f (.text:MmwDemo_CLICfarCfg)
                  0000af6c    000000bc     rtsv7R4_T_le_v3D16_eabi.lib : open.obj (.text)
                  0000b028    000000b8     cli.oer4f (.text:MmwDemo_CLIMeasureRangeBiasAndRxChanPhaseCfg)
                  0000b0e0    000000b8     sysbios.aer4ft : BIOS.obj (.text:ti_sysbios_knl_Task_postInit__I)
                  0000b198    000000b6     libsoc_xwr16xx.aer4f : soc_mpu.o (.text)
                  0000b24e    00000002     rtsv7R4_T_le_v3D16_eabi.lib : i_div0.obj (.text)
                  0000b250    000000b4     mss_main.oer4f (.text:MmwDemo_mssDataPathStart)
                  0000b304    0000000c     libmmwavelink_xwr16xx.aer4f : rl_driver.oer4f (.text:rlDriverGetPlatformId)
                  0000b310    000000b4     sysbios.aer4ft : BIOS.obj (.text:ti_sysbios_gates_GateMutex_enter__E)
                  0000b3c4    0000000c                    : BIOS.obj (.text:ti_sysbios_family_arm_v7a_Pmu_configureCounterI__I)
                  0000b3d0    000000b4                    : BIOS.obj (.text:ti_sysbios_knl_Task_startCore__E)
                  0000b484    000000b2     libuart_xwr16xx.aer4f : uartsci_dma.oer4f (.text:UartSci_openDMA)
                  0000b536    00000002     mss_mmw_per4ft.oer4ft (.text:ti_sysbios_BIOS_nullFunc__I)
                  0000b538    000000b0     libmmwave_xwr16xx.aer4f : mmwave_fullcfg.oer4f (.text:MMWave_addProfile)
                  0000b5e8    000000b0     libmmwavelink_xwr16xx.aer4f : rl_sensor.oer4f (.text:rlSetProfileConfig)
                  0000b698    00000006                                 : rl_controller.oer4f (.text:rlGetSubBlockId)
                  0000b69e    00000002     mss_mmw_per4ft.oer4ft (.text:xdc_runtime_Startup_reset__I)
                  0000b6a0    000000b0     sysbios.aer4ft : BIOS.obj (.text:xdc_runtime_Text_putMod__E)
                  0000b750    000000ae     rtsv7R4_T_le_v3D16_eabi.lib : _io_perm.obj (.text)
                  0000b7fe    00000002     --HOLE-- [fill = 0]
                  0000b800    000000ac     libesm_xwr16xx.aer4f : esm.oer4f (.text:ESM_processInterrupt)
                  0000b8ac    000000ac     cli.oer4f (.text:MmwDemo_CLISetDataLogger)
                  0000b958    000000a8     libcli_xwr16xx.aer4f : cli_mmwave.oer4f (.text:CLI_MMWaveExtensionHelp)
                  0000ba00    000000a8     libmmwave_xwr16xx.aer4f : mmwave_link.oer4f (.text:MMWave_configureProfileChirp)
                  0000baa8    000000a8                             : mmwave_fullcfg.oer4f (.text:MMWave_getBpmChirpHandle)
                  0000bb50    000000a8     libpinmux_xwr16xx.aer4f : pinmux.oer4f (.text:Pinmux_Set_OverrideCtrl)
                  0000bbf8    000000a8     libmmwavelink_xwr16xx.aer4f : rl_sensor.oer4f (.text:rlSetAdvFrameConfig)
                  0000bca0    000000a4     libdma_xwr16xx.aer4f : dma.oer4f (.text:DMA_assignChannel)
                  0000bd44    000000a4                          : dma.oer4f (.text:DMA_getChannelInterruptFlag)
                  0000bde8    000000a4     libesm_xwr16xx.aer4f : esm.oer4f (.text:ESM_init)
                  0000be8c    000000a4     libmmwave_xwr16xx.aer4f : mmwave_fullcfg.oer4f (.text:MMWave_addBpmChirp)
                  0000bf30    000000a4                             : mmwave.oer4f (.text:MMWave_start)
                  0000bfd4    000000a4     cli.oer4f (.text:MmwDemo_CLIGuiMonSel)
                  0000c078    000000a4     libsoc_xwr16xx.aer4f : soc_xwr16xx_mss.oer4f (.text:SOC_unhaltDSS)
                  0000c11c    00000004     libmmwave_xwr16xx.aer4f : mmwave_link.oer4f (.text:MMWave_registerInterruptHandler)
                  0000c120    000000a4     sysbios.aer4ft : BIOS.obj (.text:ti_sysbios_knl_Swi_post__E)
                  0000c1c4    000000a0     mss_main.oer4f (.text:MmwDemo_waitSensorStopComplete)
                  0000c264    000000a0     auto_init.aer4ft : auto_init.oer4ft (.text)
                  0000c304    000000a0     libmmwavelink_xwr16xx.aer4f : rl_driver.oer4f (.text:rlDriverWaitForResponse)
                  0000c3a4    0000000c     mss_mmw_per4ft.oer4ft (.text:ti_sysbios_knl_Queue_Object__get__S)
                  0000c3b0    0000009e     sysbios.aer4ft : BIOS.obj (.text:xdc_runtime_Text_putSite__E)
                  0000c44e    00000002     --HOLE-- [fill = 0]
                  0000c450    0000009c     libmmwave_xwr16xx.aer4f : mmwave_link.oer4f (.text:MMWave_configLink)
                  0000c4ec    0000009c                             : mmwave_fullcfg.oer4f (.text:MMWave_getProfileHandle)
                  0000c588    0000009c     libuart_xwr16xx.aer4f : uartsci.oer4f (.text:UartSci_write)
                  0000c624    0000009c     rtsv7R4_T_le_v3D16_eabi.lib : memcpy_t2.obj (.text)
                  0000c6c0    0000009c     sysbios.aer4ft : BIOS.obj (.text:ti_sysbios_family_arm_v7r_vim_Hwi_initIntController__I)
                  0000c75c    00000004     libmmwave_xwr16xx.aer4f : mmwave_link.oer4f (.text:MMWave_unmaskHostIRQ)
                  0000c760    0000009c     sysbios.aer4ft : BIOS.obj (.text:ti_sysbios_family_arm_v7r_vim_Hwi_mapChannel__I)
                  0000c7fc    00000004     libmmwave_xwr16xx.aer4f : mmwave_link.oer4f (.text:MMWave_waitIRQStatus)
                  0000c800    0000009c     sysbios.aer4ft : BIOS.obj (.text:ti_sysbios_knl_Semaphore_Instance_init__E)
                  0000c89c    00000004     mss_main.oer4f (.text:MmwDemo_sleep)
                  0000c8a0    0000009c     sysbios.aer4ft : BIOS.obj (.text:ti_sysbios_knl_Task_blockI__E)
                  0000c93c    00000098     libmmwave_xwr16xx.aer4f : mmwave_fullcfg.oer4f (.text:MMWave_getChirpCfg)
                  0000c9d4    00000098     rtsv7R4_T_le_v3D16_eabi.lib : fclose.obj (.text)
                  0000ca6c    00000098                                 : fputc.obj (.text)
                  0000cb04    00000098     sysbios.aer4ft : vim_Hwi_asm_switch.obj (.text)
                  0000cb9c    00000096     libuart_xwr16xx.aer4f : uartsci.oer4f (.text:UartSci_readChar)
                  0000cc32    00000002     --HOLE-- [fill = 0]
                  0000cc34    00000094     libmmwavelink_xwr16xx.aer4f : rl_driver.oer4f (.text:rlDriverDeInit)
                  0000ccc8    00000094                                 : rl_driver.oer4f (.text:rlDriverMsgReadCmdCtx)
                  0000cd5c    00000094     sysbios.aer4ft : vim_Hwi_asm.obj (.text:ti_sysbios_family_arm_v7r_vim_Hwi_dispatchIRQ__I)
                  0000cdf0    00000090     libgpio_xwr16xx.aer4f : gpio.oer4f (.text:GPIO_init)
                  0000ce80    00000090     libmailbox_xwr16xx.aer4f : mailbox.oer4f (.text:Mailbox_close)
                  0000cf10    00000090     cli.oer4f (.text:MmwDemo_CLIADCBufCfg)
                  0000cfa0    00000090     libuart_xwr16xx.aer4f : uartsci_dma.oer4f (.text:UartSci_initiateTxDMA)
                  0000d030    00000090                           : uartsci.oer4f (.text:UartSci_read)
                  0000d0c0    00000090     sysbios.aer4ft : BIOS.obj (.text:ti_sysbios_family_arm_v7a_Pmu_startCounter__E)
                  0000d150    0000008c     libcli_xwr16xx.aer4f : cli_mmwave.oer4f (.text:CLI_MMWaveDataOutputMode)
                  0000d1dc    0000008c     cli.oer4f (.text:MmwDemo_CLIAnalogMonitorCfg)
                  0000d268    0000008c     mss_main.oer4f (.text:MmwDemo_waitSensorStartComplete)
                  0000d2f4    0000008c     libsoc_xwr16xx.aer4f : soc_xwr16xx.oer4f (.text:SOC_translateAddress)
                  0000d380    0000008c     libuart_xwr16xx.aer4f : uartsci_dma.oer4f (.text:UartSci_initiateRxDMA)
                  0000d40c    0000008c     libmmwavelink_xwr16xx.aer4f : rl_device.oer4f (.text:rlDevicePowerOn)
                  0000d498    0000008c                                 : rl_driver.oer4f (.text:rlDriverMsgCmdReply)
                  0000d524    0000000a     libosal_xwr16xx.aer4f : MemoryP_tirtos.oer4f (.text:MemoryP_ctrlFree)
                  0000d52e    00000002     --HOLE-- [fill = 0]
                  0000d530    0000008c     sysbios.aer4ft : BIOS.obj (.text:ti_sysbios_family_arm_v7r_vim_Hwi_Instance_finalize__E)
                  0000d5bc    00000004     mss_mmw_per4ft.oer4ft (.text:ti_sysbios_BIOS_RtsGateProxy_enter__E)
                  0000d5c0    0000008c     sysbios.aer4ft : BIOS.obj (.text:ti_sysbios_knl_Task_unblockI__E)
                  0000d64c    00000004     mss_mmw_per4ft.oer4ft (.text:ti_sysbios_BIOS_RtsGateProxy_leave__E)
                  0000d650    0000008c     sysbios.aer4ft : BIOS.obj (.text:xdc_runtime_Memory_alloc__E)
                  0000d6dc    00000088     libmmwave_xwr16xx.aer4f : mmwave_fullcfg.oer4f (.text:MMWave_getProfileCfg)
                  0000d764    00000088     cli.oer4f (.text:MmwDemo_CLIMultiObjBeamForming)
                  0000d7ec    00000088     cli.oer4f (.text:MmwDemo_CLINearFieldCorrection)
                  0000d874    00000088     rtsv7R4_T_le_v3D16_eabi.lib : vsnprintf.obj (.text)
                  0000d8fc    00000084     libmmwave_xwr16xx.aer4f : mmwave_xwr16xx.oer4f (.text:MMWave_deviceCfgAsyncEvent)
                  0000d980    00000084                             : mmwave_xwr16xx.oer4f (.text:MMWave_deviceEventFxn)
                  0000da04    00000084                             : mmwave_fullcfg.oer4f (.text:MMWave_getNumBpmChirp)
                  0000da88    00000084                             : mmwave.oer4f (.text:MMWave_open)
                  0000db0c    00000084     mss_main.oer4f (.text:MmwDemo_gpioSwitchTask)
                  0000db90    00000084     libsoc_xwr16xx.aer4f : soc.oer4f (.text:SOC_init)
                  0000dc14    00000080     libcli_xwr16xx.aer4f : cli_mmwave.oer4f (.text:CLI_MMWaveChannelCfg)
                  0000dc94    00000080     libmmwave_xwr16xx.aer4f : mmwave_fullcfg.oer4f (.text:MMWave_getBpmChirpCfg)
                  0000dd14    00000080     libuart_xwr16xx.aer4f : uartsci.oer4f (.text:UartSci_writePolling)
                  0000dd94    00000080     libmmwavelink_xwr16xx.aer4f : rl_driver.oer4f (.text:rlDriverExecuteGetApi)
                  0000de14    0000000a     libosal_xwr16xx.aer4f : SemaphoreP_tirtos.oer4f (.text:SemaphoreP_post)
                  0000de1e    00000002     --HOLE-- [fill = 0]
                  0000de20    00000080     sysbios.aer4ft : BIOS.obj (.text:ti_sysbios_timers_rti_Timer_initDevice__I)
                  0000dea0    00000080                    : BIOS.obj (.text:xdc_runtime_Text_visitRope2__I)
                  0000df20    0000007e     libosal_xwr16xx.aer4f : HwiP_tirtos.oer4f (.text:HwiP_create)
                  0000df9e    00000002     --HOLE-- [fill = 0]
                  0000dfa0    0000007c     libmmwave_xwr16xx.aer4f : mmwave_xwr16xx.oer4f (.text:MMWave_deviceOpenFxn)
                  0000e01c    0000007c     libmailbox_xwr16xx.aer4f : mailbox.oer4f (.text:Mailbox_init)
                  0000e098    0000007c     libuart_xwr16xx.aer4f : uartsci.oer4f (.text:UartSci_readPolling)
                  0000e114    0000007c     sysbios.aer4ft : arm_TaskSupport_asm.obj (.text:_ti_sysbios_family_arm_TaskSupport_buildTaskStack)
                  0000e190    0000007c                    : BIOS.obj (.text:xdc_runtime_Core_deleteObject__I)
                  0000e20c    0000007b     cli.oer4f (.text:MmwDemo_CLIGetSubframe)
                  0000e287    00000001     --HOLE-- [fill = 0]
                  0000e288    0000007a     rtsv7R4_T_le_v3D16_eabi.lib : memset_t2.obj (.text)
                  0000e302    00000002     --HOLE-- [fill = 0]
                  0000e304    00000078     libcli_xwr16xx.aer4f : cli_mmwave.oer4f (.text:CLI_MMWaveADCCfg)
                  0000e37c    00000078     libmmwave_xwr16xx.aer4f : mmwave_fullcfg.oer4f (.text:MMWave_getNumChirps)
                  0000e3f4    00000078     cli.oer4f (.text:MmwDemo_CLIExtendedMaxVelocity)
                  0000e46c    00000074     libmmwave_xwr16xx.aer4f : mmwave.oer4f (.text:MMWave_config)
                  0000e4e0    00000074                             : mmwave_xwr16xx.oer4f (.text:MMWave_deviceStartFxn)
                  0000e554    00000074     cli.oer4f (.text:MmwDemo_CLIClutterRemoval)
                  0000e5c8    00000074     mss_main.oer4f (.text:MmwDemo_Dss2MssISR)
                  0000e63c    00000074     boot.aer4ft : boot.oer4ft (.text)
                  0000e6b0    00000074     libmmwavelink_xwr16xx.aer4f : rl_driver.oer4f (.text:rlDriverAsyncEventHandler)
                  0000e724    00000074                                 : rl_driver.oer4f (.text:rlDriverProcRdMsg)
                  0000e798    00000074     rtsv7R4_T_le_v3D16_eabi.lib : getdevice.obj (.text)
                  0000e80c    00000074                                 : s_frexp.obj (.text)
                  0000e880    00000072     libmmwavelink_xwr16xx.aer4f : rl_driver.oer4f (.text:rlDriverClientCbCheck)
                  0000e8f2    00000002     --HOLE-- [fill = 0]
                  0000e8f4    00000070     libmmwave_xwr16xx.aer4f : mmwave_xwr16xx.oer4f (.text:MMWave_deviceCfgFxn)
                  0000e964    0000000a     libuart_xwr16xx.aer4f : UART.oer4f (.text:UART_read)
                  0000e96e    00000002     --HOLE-- [fill = 0]
                  0000e970    00000070     sysbios.aer4ft : BIOS.obj (.text:xdc_runtime_Error_print__E)
                  0000e9e0    0000006c     libdma_xwr16xx.aer4f : dma.oer4f (.text:DMA_disableChannel)
                  0000ea4c    0000006c     libgpio_xwr16xx.aer4f : gpio.oer4f (.text:GPIO_enableInt)
                  0000eab8    0000006c     libmmwave_xwr16xx.aer4f : mmwave_link.oer4f (.text:MMWave_spawn)
                  0000eb24    0000006c                             : mmwave_link.oer4f (.text:MMWave_stopLink)
                  0000eb90    0000006c     libpinmux_xwr16xx.aer4f : pinmux.oer4f (.text:Pinmux_Set_FuncSel)
                  0000ebfc    0000006c     rtsv7R4_T_le_v3D16_eabi.lib : copy_decompress_lzss.obj (.text:decompress:lzss)
                  0000ec68    0000006c                                 : trgmsg.obj (.text)
                  0000ecd4    0000006a     libuart_xwr16xx.aer4f : uartsci.oer4f (.text:UartSci_control)
                  0000ed3e    00000002     --HOLE-- [fill = 0]
                  0000ed40    00000068     libdma_xwr16xx.aer4f : dma.oer4f (.text:DMA_enableChannel)
                  0000eda8    00000068     libmmwave_xwr16xx.aer4f : mmwave_xwr16xx.oer4f (.text:MMWave_deviceStopFxn)
                  0000ee10    00000068     libmailbox_xwr16xx.aer4f : mailbox.oer4f (.text:Mailbox_readFlush)
                  0000ee78    00000068     libmmwavelink_xwr16xx.aer4f : rl_driver.oer4f (.text:rlDriverExecuteSetApi)
                  0000eee0    00000068                                 : rl_driver.oer4f (.text:rlDriverHostIrqHandler)
                  0000ef48    00000068     rtsv7R4_T_le_v3D16_eabi.lib : hostlseek.obj (.text)
                  0000efb0    00000068                                 : hostrename.obj (.text)
                  0000f018    00000067     mss_main.oer4f (.text:MmwDemo_mssSetHsiClk)
                  0000f07f    00000001     --HOLE-- [fill = 0]
                  0000f080    00000066     libmmwavelink_xwr16xx.aer4f : rl_device.oer4f (.text:rlDevicePowerOff)
                  0000f0e6    00000002     --HOLE-- [fill = 0]
                  0000f0e8    00000064     libcli_xwr16xx.aer4f : cli_mmwave.oer4f (.text:CLI_MMWaveLowPowerCfg)
                  0000f14c    00000064     libosal_xwr16xx.aer4f : SemaphoreP_tirtos.oer4f (.text:SemaphoreP_create)
                  0000f1b0    00000064     rtsv7R4_T_le_v3D16_eabi.lib : fseek.obj (.text)
                  0000f214    00000064                                 : sprintf.obj (.text)
                  0000f278    00000064     sysbios.aer4ft : exc_Exception_asm.obj (.text:ti_sysbios_family_arm_exc_Exception_initCore0__I)
                  0000f2dc    00000004     mss_mmw_per4ft.oer4ft (.text:ti_sysbios_family_arm_TaskSupport_Module__startupDone__S)
                  0000f2e0    00000064     sysbios.aer4ft : BIOS.obj (.text:ti_sysbios_family_arm_v7r_vim_Hwi_phantomIntHandler__I)
                  0000f344    0000000a     libuart_xwr16xx.aer4f : UART.oer4f (.text:UART_write)
                  0000f34e    00000002     --HOLE-- [fill = 0]
                  0000f350    00000064     sysbios.aer4ft : BIOS.obj (.text:ti_sysbios_knl_Swi_schedule__I)
                  0000f3b4    0000000a     libuart_xwr16xx.aer4f : UART.oer4f (.text:UART_writePolling)
                  0000f3be    00000002     --HOLE-- [fill = 0]
                  0000f3c0    00000064     sysbios.aer4ft : BIOS.obj (.text:xdc_runtime_Startup_exec__E)
                  0000f424    00000060     libcli_xwr16xx.aer4f : cli_mmwave.oer4f (.text:CLI_MMWaveExtensionHandler)
                  0000f484    00000060     libgpio_xwr16xx.aer4f : gpio.oer4f (.text:GPIO_setCallback)
                  0000f4e4    0000000a     sysbios.aer4ft : tms570_Core_asm.obj (.text:ti_sysbios_family_arm_v7r_tms570_Core_getId__E)
                  0000f4ee    00000002     --HOLE-- [fill = 0]
                  0000f4f0    00000060                    : BIOS.obj (.text:ti_sysbios_heaps_HeapMem_alloc__E)
                  0000f550    00000060                    : BIOS.obj (.text:ti_sysbios_knl_Clock_logTick__E)
                  0000f5b0    0000005e     libuart_xwr16xx.aer4f : uartsci.oer4f (.text:UartSci_writeChar)
                  0000f60e    00000002     --HOLE-- [fill = 0]
                  0000f610    0000005c     libmmwave_xwr16xx.aer4f : mmwave_link.oer4f (.text:MMWave_mboxOpen)
                  0000f66c    0000005c                             : mmwave.oer4f (.text:MMWave_stop)
                  0000f6c8    0000005c     rtsv7R4_T_le_v3D16_eabi.lib : hostopen.obj (.text)
                  0000f724    0000005c                                 : hostread.obj (.text)
                  0000f780    0000005c     sysbios.aer4ft : BIOS.obj (.text:xdc_runtime_Assert_raise__I)
                  0000f7dc    00000004     mss_mmw_per4ft.oer4ft (.text:ti_sysbios_family_arm_v7r_vim_Hwi_delete)
                  0000f7e0    0000005b     sysbios.aer4ft : BIOS.obj (.text:xdc_runtime_Text_putLab__E)
                  0000f83b    00000001     --HOLE-- [fill = 0]
                  0000f83c    0000005a     libuart_xwr16xx.aer4f : uartsci.oer4f (.text:UartSci_readCancel)
                  0000f896    0000005a     libmmwavelink_xwr16xx.aer4f : rl_driver.oer4f (.text:rlDriverCalChkSum)
                  0000f8f0    00000058     libesm_xwr16xx.aer4f : esm.oer4f (.text:ESM_highpriority_FIQ)
                  0000f948    00000058     libmmwave_xwr16xx.aer4f : mmwave.oer4f (.text:MMWave_execute)
                  0000f9a0    00000058                             : mmwave_link.oer4f (.text:MMWave_initCRC)
                  0000f9f8    00000058     mss_main.oer4f (.text:MmwDemo_mmWaveCtrlTask)
                  0000fa50    00000058     libuart_xwr16xx.aer4f : uartsci_dma.oer4f (.text:UartSci_closeDMA)
                  0000faa8    00000058     libmmwavelink_xwr16xx.aer4f : rl_driver.oer4f (.text:rlDriverMsgReadSpawnCtx)
                  0000fb00    00000058     rtsv7R4_T_le_v3D16_eabi.lib : close.obj (.text)
                  0000fb58    00000058                                 : hostwrite.obj (.text)
                  0000fbb0    00000058     sysbios.aer4ft : BIOS.obj (.text:ti_sysbios_knl_Swi_restoreHwi__E)
                  0000fc08    00000056     libmmwavelink_xwr16xx.aer4f : rl_driver.oer4f (.text:rlDriverOsiCbCheck)
                  0000fc5e    00000002     --HOLE-- [fill = 0]
                  0000fc60    00000054     libcrc_xwr16xx.aer4f : crc.oer4f (.text:CRC_getTransactionId)
                  0000fcb4    00000054     libdma_xwr16xx.aer4f : dma.oer4f (.text:DMA_freeChannel)
                  0000fd08    00000054     libmmwave_xwr16xx.aer4f : mmwave_link.oer4f (.text:MMWave_initLink)
                  0000fd5c    00000054     rtsv7R4_T_le_v3D16_eabi.lib : ltoa.obj (.text)
                  0000fdb0    00000054     mss_mmw_per4ft.oer4ft (.text:ti_sysbios_family_arm_v7r_vim_Hwi_create)
                  0000fe04    0000000a     mss_mmw_per4ft.oer4ft (.text:xdc_runtime_IHeap_alloc)
                  0000fe0e    00000002     --HOLE-- [fill = 0]
                  0000fe10    00000054     sysbios.aer4ft : BIOS.obj (.text:ti_sysbios_heaps_HeapMem_getStats__E)
                  0000fe64    0000000a     mss_mmw_per4ft.oer4ft (.text:xdc_runtime_IHeap_free)
                  0000fe6e    00000002     --HOLE-- [fill = 0]
                  0000fe70    00000054     sysbios.aer4ft : BIOS.obj (.text:ti_sysbios_knl_Swi_runLoop__I)
                  0000fec4    00000006     libmmwavelink_xwr16xx.aer4f : rl_controller.oer4f (.text:rlGetSubBlockLen)
                  0000feca    00000004     mss_mmw_per4ft.oer4ft (.text:ti_sysbios_heaps_HeapMem_Module_GateProxy_enter__E)
                  0000fece    00000002     --HOLE-- [fill = 0]
                  0000fed0    00000054     sysbios.aer4ft : BIOS.obj (.text:xdc_runtime_Core_assignLabel__I)
                  0000ff24    00000050     libcrc_xwr16xx.aer4f : crc.oer4f (.text:CRC_getSignature)
                  0000ff74    00000050     libmmwave_xwr16xx.aer4f : mmwave.oer4f (.text:MMWave_sync)
                  0000ffc4    00000050     libmmwavelink_xwr16xx.aer4f : rl_driver.oer4f (.text:rlDeviceIdentifyCmdDir)
                  00010014    00000050                                 : rl_driver.oer4f (.text:rlDriverVerifyCRC)
                  00010064    00000050     rtsv7R4_T_le_v3D16_eabi.lib : atoi.obj (.text)
                  000100b4    00000050                                 : exit.obj (.text)
                  00010104    00000050                                 : u_div32.obj (.text)
                  00010154    00000004     mss_mmw_per4ft.oer4ft (.text:ti_sysbios_heaps_HeapMem_Module_GateProxy_leave__E)
                  00010158    00000004     mss_mmw_per4ft.oer4ft (.text:ti_sysbios_knl_Clock_TimerProxy_getMaxTicks__E)
                  0001015c    00000004     mss_mmw_per4ft.oer4ft (.text:ti_sysbios_knl_Semaphore_delete)
                  00010160    00000050     sysbios.aer4ft : BIOS.obj (.text:xdc_runtime_System_exit__E)
                  000101b0    0000004c     libmailbox_xwr16xx.aer4f : mailbox.oer4f (.text:Mailbox_boxEmptyISRProcessing)
                  000101fc    0000004c     libuart_xwr16xx.aer4f : uartsci.oer4f (.text:UartSci_writeCancel)
                  00010248    0000004c     rtsv7R4_T_le_v3D16_eabi.lib : cpy_tbl.obj (.text)
                  00010294    00000004     mss_mmw_per4ft.oer4ft (.text:xdc_runtime_System_Module_GateProxy_enter__E)
                  00010298    00000004     mss_mmw_per4ft.oer4ft (.text:xdc_runtime_System_Module_GateProxy_leave__E)
                  0001029c    00000004     --HOLE-- [fill = 0]
                  000102a0    0000004c     sysbios.aer4ft : BIOS.obj (.text:ti_sysbios_family_arm_v7r_vim_Hwi_getStackInfo__E)
                  000102ec    00000004     --HOLE-- [fill = 0]
                  000102f0    0000004c                    : BIOS.obj (.text:ti_sysbios_knl_Swi_startup__E)
                  0001033c    0000004c     mss_mmw_per4ft.oer4ft (.text:ti_sysbios_knl_Task_create)
                  00010388    0000004a     libmailbox_xwr16xx.aer4f : mailbox.oer4f (.text:Mailbox_boxFullISRProcessing)
                  000103d2    0000000e     libosal_xwr16xx.aer4f : SemaphoreP_tirtos.oer4f (.text:SemaphoreP_delete)
                  000103e0    0000004a     sysbios.aer4ft : BIOS.obj (.text:xdc_runtime_Text_xprintf__I)
                  0001042a    00000002     --HOLE-- [fill = 0]
                  0001042c    00000048     libcli_xwr16xx.aer4f : cli.oer4f (.text:CLI_write)
                  00010474    00000048     libmmwavelink_xwr16xx.aer4f : rl_device.oer4f (.text:rlDeviceGetVersion)
                  000104bc    00000048                                 : rl_driver.oer4f (.text:rlDriverOsiInit)
                  00010504    0000000c     --HOLE-- [fill = 0]
                  00010510    00000048     sysbios.aer4ft : BIOS.obj (.text:xdc_runtime_Core_assignParams__I)
                  00010558    00000046     libmailbox_xwr16xx.aer4f : mailbox.oer4f (.text:CSL_FINSR)
                  0001059e    00000044     libcrc_xwr16xx.aer4f : crc.oer4f (.text:CRC_resetSignature)
                  000105e2    00000002     --HOLE-- [fill = 0]
                  000105e4    00000044     libmailbox_xwr16xx.aer4f : mailbox.oer4f (.text:Mailbox_boxFullISRMssDss)
                  00010628    00000044     cli.oer4f (.text:MmwDemo_mssCfgUpdate)
                  0001066c    00000044     rtsv7R4_T_le_v3D16_eabi.lib : hostclose.obj (.text)
                  000106b0    00000044                                 : hostunlink.obj (.text)
                  000106f4    0000000c     --HOLE-- [fill = 0]
                  00010700    00000044     sysbios.aer4ft : BIOS.obj (.text:ti_sysbios_family_arm_v7r_tms570_Core_Module_startup__E)
                  00010744    0000000c     --HOLE-- [fill = 0]
                  00010750    00000044                    : BIOS.obj (.text:ti_sysbios_knl_Task_allBlockedFunction__I)
                  00010794    0000000c     --HOLE-- [fill = 0]
                  000107a0    00000044                    : BIOS.obj (.text:xdc_runtime_System_atexit__E)
                  000107e4    00000042     libmmwave_xwr16xx.aer4f : mmwave_link.oer4f (.text:MMWave_executeLink)
                  00010826    00000040     libmmwavelink_xwr16xx.aer4f : rl_driver.oer4f (.text:rlDriverValidateHdr)
                  00010866    00000002     --HOLE-- [fill = 0]
                  00010868    00000040     rtsv7R4_T_le_v3D16_eabi.lib : strtok.obj (.text)
                  000108a8    00000008     --HOLE-- [fill = 0]
                  000108b0    00000040     sysbios.aer4ft : BIOS.obj (.text:ti_sysbios_timers_rti_Timer_stop__E)
                  000108f0    0000003e     libcrc_xwr16xx.aer4f : crc.oer4f (.text:CSL_FINSR)
                  0001092e    0000003e     libdma_xwr16xx.aer4f : dma.oer4f (.text:CSL_FINSR)
                  0001096c    0000003e     libgpio_xwr16xx.aer4f : gpio.oer4f (.text:CSL_FINSR)
                  000109aa    0000003e     libpinmux_xwr16xx.aer4f : pinmux.oer4f (.text:CSL_FINSR)
                  000109e8    0000003e     libsoc_xwr16xx.aer4f : soc.oer4f (.text:CSL_FINSR)
                  00010a26    0000003e                          : soc_xwr16xx.oer4f (.text:CSL_FINSR)
                  00010a64    0000003e                          : soc_xwr16xx_mss.oer4f (.text:CSL_FINSR)
                  00010aa2    0000003e     libuart_xwr16xx.aer4f : uartsci.oer4f (.text:CSL_FINSR)
                  00010ae0    0000003e     libmmwave_xwr16xx.aer4f : mmwave.oer4f (.text:MMWave_decodeError)
                  00010b1e    0000003e     libuart_xwr16xx.aer4f : uartsci.oer4f (.text:UartSci_close)
                  00010b5c    0000003c     libcli_xwr16xx.aer4f : cli_mmwave.oer4f (.text:CLI_MMWaveFlushCfg)
                  00010b98    0000003c     libmailbox_xwr16xx.aer4f : mailbox.oer4f (.text:Mailbox_writeReset)
                  00010bd4    0000003c     libsoc_xwr16xx.aer4f : soc.oer4f (.text:SOC_unhaltBSS)
                  00010c10    0000003c     libmmwavelink_xwr16xx.aer4f : rl_controller.oer4f (.text:rlGetSubBlock)
                  00010c4c    0000003c     sysbios.aer4ft : vim_Hwi_asm.obj (.text:ti_sysbios_family_arm_v7r_vim_Hwi_init__I)
                  00010c88    00000008     --HOLE-- [fill = 0]
                  00010c90    0000003c                    : BIOS.obj (.text:ti_sysbios_hal_Hwi_checkStack)
                  00010ccc    00000004     --HOLE-- [fill = 0]
                  00010cd0    0000003c                    : BIOS.obj (.text:ti_sysbios_heaps_HeapMem_init__I)
                  00010d0c    0000003a     libosal_xwr16xx.aer4f : HwiP_tirtos.oer4f (.text:HwiP_delete)
                  00010d46    00000002     --HOLE-- [fill = 0]
                  00010d48    00000038     libuart_xwr16xx.aer4f : UART.oer4f (.text:UART_init)
                  00010d80    00000036     libmmwavelink_xwr16xx.aer4f : rl_controller.oer4f (.text:rlAppendSubBlock)
                  00010db6    00000036     rtsv7R4_T_le_v3D16_eabi.lib : strncpy.obj (.text)
                  00010dec    00000034     libmmwave_xwr16xx.aer4f : mmwave_link.oer4f (.text:MMWave_mboxWrite)
                  00010e20    00000034     mss_main.oer4f (.text:MmwDemo_installDss2MssExceptionSignallingISR)
                  00010e54    00000034     libsoc_xwr16xx.aer4f : soc_xwr16xx_mss.oer4f (.text:SOC_isSecureDevice)
                  00010e88    00000034                          : soc_xwr16xx.oer4f (.text:SOC_setMMWaveDSSLinkState)
                  00010ebc    00000034                          : soc_xwr16xx.oer4f (.text:SOC_setMMWaveMSSLinkState)
                  00010ef0    00000034     libuart_xwr16xx.aer4f : UART.oer4f (.text:UART_open)
                  00010f24    00000034     mss_mmw_per4ft.oer4ft (.text:ti_sysbios_knl_Semaphore_create)
                  00010f58    00000008     --HOLE-- [fill = 0]
                  00010f60    00000033     sysbios.aer4ft : BIOS.obj (.text:xdc_runtime_Text_printVisFxn__I)
                  00010f93    00000001     --HOLE-- [fill = 0]
                  00010f94    00000032     libcrc_xwr16xx.aer4f : crc.oer4f (.text:CRC_getCRCDataSelectBitValue)
                  00010fc6    00000002     --HOLE-- [fill = 0]
                  00010fc8    00000032                          : crc.oer4f (.text:CRC_getCRCTypeBitValue)
                  00010ffa    00000006     --HOLE-- [fill = 0]
                  00011000    00000032     sysbios.aer4ft : BIOS.obj (.text:ti_sysbios_hal_Hwi_initStack)
                  00011032    00000030     libmmwave_xwr16xx.aer4f : mmwave_listlib.oer4f (.text:MMWave_listRemoveNode)
                  00011062    00000002     --HOLE-- [fill = 0]
                  00011064    00000030     libsoc_xwr16xx.aer4f : soc.oer4f (.text:SOC_getDevicePartNumber)
                  00011094    00000030     libmmwavelink_xwr16xx.aer4f : rl_sensor.oer4f (.text:rlSensorStart)
                  000110c4    00000030     mss_mmw_per4ft.oer4ft (.text:ti_sysbios_BIOS_atExitFunc__I)
                  000110f4    00000030     mss_mmw_per4ft.oer4ft (.text:ti_sysbios_BIOS_startFunc__I)
                  00011124    0000000c     --HOLE-- [fill = 0]
                  00011130    00000030     sysbios.aer4ft : BIOS.obj (.text:ti_sysbios_family_arm_TaskSupport_start__E)
                  00011160    00000030     mss_mmw_per4ft.oer4ft (.text:ti_sysbios_gates_GateHwi_Object__create__S)
                  00011190    00000030     mss_mmw_per4ft.oer4ft (.text:ti_sysbios_gates_GateMutex_Object__create__S)
                  000111c0    00000030     mss_mmw_per4ft.oer4ft (.text:ti_sysbios_heaps_HeapMem_Object__create__S)
                  000111f0    00000030     sysbios.aer4ft : BIOS.obj (.text:ti_sysbios_heaps_HeapMem_free__E)
                  00011220    00000030     mss_mmw_per4ft.oer4ft (.text:ti_sysbios_knl_Event_create)
                  00011250    00000030     mss_mmw_per4ft.oer4ft (.text:ti_sysbios_knl_Semaphore_construct)
                  00011280    0000002e     sysbios.aer4ft : BIOS.obj (.text:ti_sysbios_knl_Event_pendTimeout__I)
                  000112ae    00000002     --HOLE-- [fill = 0]
                  000112b0    0000002e                    : BIOS.obj (.text:ti_sysbios_knl_Semaphore_pendTimeout__I)
                  000112de    0000002e     mss_mmw_per4ft.oer4ft (.text:ti_sysbios_rts_gnu_MemAlloc_alloc)
                  0001130c    0000002c     libgpio_xwr16xx.aer4f : gpio.oer4f (.text:GPIO_HighPriorityISR)
                  00011338    0000002c                           : gpio.oer4f (.text:GPIO_LowPriorityISR)
                  00011364    0000002c     libmmwave_xwr16xx.aer4f : mmwave_osal.oer4f (.text:MMWave_osalMutexCreate)
                  00011390    0000002c                             : mmwave_osal.oer4f (.text:MMWave_osalSemCreate)
                  000113bc    0000002c     libsoc_xwr16xx.aer4f : soc_xwr16xx_mss.oer4f (.text:SOC_waitBSSPowerUp)
                  000113e8    0000002c     libmmwavelink_xwr16xx.aer4f : rl_device.oer4f (.text:rlDeviceGetMssVersion)
                  00011414    0000002c                                 : rl_sensor.oer4f (.text:rlSensorStop)
                  00011440    0000002c     rtsv7R4_T_le_v3D16_eabi.lib : unlink.obj (.text)
                  0001146c    0000002c     mss_mmw_per4ft.oer4ft (.text:ti_sysbios_knl_Clock_doTick__I)
                  00011498    0000002c     mss_mmw_per4ft.oer4ft (.text:ti_sysbios_knl_Queue_construct)
                  000114c4    0000000c     --HOLE-- [fill = 0]
                  000114d0    0000002c     sysbios.aer4ft : BIOS.obj (.text:ti_sysbios_knl_Swi_Module_startup__E)
                  000114fc    00000004     --HOLE-- [fill = 0]
                  00011500    0000002c                    : BIOS.obj (.text:ti_sysbios_timers_rti_Timer_periodicStub__E)
                  0001152c    0000002a     libsoc_xwr16xx.aer4f : soc.oer4f (.text:SOC_SystemISR)
                  00011556    0000002a     libmmwavelink_xwr16xx.aer4f : rl_device.oer4f (.text:rlDeviceGetMmWaveLinkVersion)
                  00011580    0000002a     rtsv7R4_T_le_v3D16_eabi.lib : strspn.obj (.text)
                  000115aa    00000002     --HOLE-- [fill = 0]
                  000115ac    00000028     libmailbox_xwr16xx.aer4f : mailbox.oer4f (.text:Mailbox_Config_init)
                  000115d4    00000028     libuart_xwr16xx.aer4f : uartsci_dma.oer4f (.text:UartSci_RxDMACallbackFxn)
                  000115fc    00000028                           : uartsci_dma.oer4f (.text:UartSci_TxDMACallbackFxn)
                  00011624    00000028     cli.oer4f (.text:log2Approx)
                  0001164c    00000028     libmmwavelink_xwr16xx.aer4f : rl_driver.oer4f (.text:rlDriverConstructInMsg)
                  00011674    00000028     rtsv7R4_T_le_v3D16_eabi.lib : lseek.obj (.text)
                  0001169c    00000028                                 : write.obj (.text)
                  000116c4    0000000c     --HOLE-- [fill = 0]
                  000116d0    00000028     sysbios.aer4ft : BIOS.obj (.text:ti_sysbios_knl_Idle_run__E)
                  000116f8    00000008     --HOLE-- [fill = 0]
                  00011700    00000028                    : BIOS.obj (.text:xdc_runtime_SysStd_abort__E)
                  00011728    00000008     --HOLE-- [fill = 0]
                  00011730    00000028                    : BIOS.obj (.text:xdc_runtime_System_aprintf_va__F)
                  00011758    00000026     libmmwavelink_xwr16xx.aer4f : rl_sensor.oer4f (.text:rlRfInitCalibConfig)
                  0001177e    00000026                                 : rl_sensor.oer4f (.text:rlRfRunTimeCalibConfig)
                  000117a4    00000026                                 : rl_sensor.oer4f (.text:rlRfSetCalMonFreqLimitConfig)
                  000117ca    00000026                                 : rl_sensor.oer4f (.text:rlRfSetDeviceCfg)
                  000117f0    00000026                                 : rl_sensor.oer4f (.text:rlSetAdcOutConfig)
                  00011816    00000026                                 : rl_sensor.oer4f (.text:rlSetBpmCommonConfig)
                  0001183c    00000026                                 : rl_sensor.oer4f (.text:rlSetChannelConfig)
                  00011862    00000026                                 : rl_sensor.oer4f (.text:rlSetContModeConfig)
                  00011888    00000026     rtsv7R4_T_le_v3D16_eabi.lib : memcmp.obj (.text)
                  000118ae    00000002     --HOLE-- [fill = 0]
                  000118b0    00000026     sysbios.aer4ft : BIOS.obj (.text:xdc_runtime_System_printf_va__F)
                  000118d6    00000024     libcrc_xwr16xx.aer4f : crc.oer4f (.text:CRC_isTransactionIdValid)
                  000118fa    00000002     --HOLE-- [fill = 0]
                  000118fc    00000024     libgpio_xwr16xx.aer4f : gpio.oer4f (.text:GPIO_processInterrupt)
                  00011920    00000024     mss_main.oer4f (.text:MmwDemo_notifySensorStart)
                  00011944    00000024     libsoc_xwr16xx.aer4f : soc_xwr16xx.oer4f (.text:SOC_isMMWaveDSSOperational)
                  00011968    00000024                          : soc_xwr16xx.oer4f (.text:SOC_isMMWaveMSSOperational)
                  0001198c    00000024     libmmwavelink_xwr16xx.aer4f : rl_device.oer4f (.text:rlDeviceSetHsiClk)
                  000119b0    00000024                                 : rl_sensor.oer4f (.text:rlEnableContMode)
                  000119d4    00000024                                 : rl_sensor.oer4f (.text:rlRfSetCalMonTimeUnitConfig)
                  000119f8    00000024                                 : rl_sensor.oer4f (.text:rlSetLowPowerModeConfig)
                  00011a1c    00000024     mss_mmw_per4ft.oer4ft (.text:ti_sysbios_BIOS_errorRaiseHook__I)
                  00011a40    00000024     mss_mmw_per4ft.oer4ft (.text:ti_sysbios_BIOS_registerRTSLock__I)
                  00011a64    00000024     mss_mmw_per4ft.oer4ft (.text:ti_sysbios_BIOS_removeRTSLock__I)
                  00011a88    00000024     mss_mmw_per4ft.oer4ft (.text:ti_sysbios_gates_GateMutex_Object__delete__S)
                  00011aac    00000024     mss_mmw_per4ft.oer4ft (.text:ti_sysbios_knl_Semaphore_Object__delete__S)
                  00011ad0    00000024     sysbios.aer4ft : BIOS.obj (.text:ti_sysbios_knl_Task_restoreHwi__E)
                  00011af4    00000022     cli.oer4f (.text:MmwDemo_CLISensorStart)
                  00011b16    00000022     libuart_xwr16xx.aer4f : uartsci.oer4f (.text:UartSci_disableRxDMA)
                  00011b38    00000022                           : uartsci.oer4f (.text:UartSci_enableRxDMA)
                  00011b5a    00000022     rtsv7R4_T_le_v3D16_eabi.lib : strcspn.obj (.text)
                  00011b7c    00000020     libcli_xwr16xx.aer4f : cli_mmwave.oer4f (.text:CLI_MMWaveExtensionInit)
                  00011b9c    00000020     libesm_xwr16xx.aer4f : esm.oer4f (.text:ESM_lowpriority_IRQ)
                  00011bbc    00000020     libmmwave_xwr16xx.aer4f : mmwave_listlib.oer4f (.text:MMWave_listCat)
                  00011bdc    00000020     libpinmux_xwr16xx.aer4f : pinmux.oer4f (.text:Pinmux_Unlock)
                  00011bfc    00000020     libmmwavelink_xwr16xx.aer4f : rl_sensor.oer4f (.text:rlRfInit)
                  00011c1c    00000004     --HOLE-- [fill = 0]
                  00011c20    00000020     sysbios.aer4ft : BIOS.obj (.text:ti_sysbios_family_arm_v7a_Pmu_Module_startup__E)
                  00011c40    00000020     mss_mmw_per4ft.oer4ft (.text:ti_sysbios_family_arm_v7r_vim_Hwi_Object__delete__S)
                  00011c60    00000020     sysbios.aer4ft : BIOS.obj (.text:ti_sysbios_family_arm_v7r_vim_Hwi_disableInterrupt__E)
                  00011c80    00000020                    : BIOS.obj (.text:ti_sysbios_family_arm_v7r_vim_Hwi_enableInterrupt__E)
                  00011ca0    00000020     mss_mmw_per4ft.oer4ft (.text:ti_sysbios_gates_GateHwi_Object__delete__S)
                  00011cc0    00000020     mss_mmw_per4ft.oer4ft (.text:ti_sysbios_heaps_HeapMem_Object__delete__S)
                  00011ce0    00000020     sysbios.aer4ft : BIOS.obj (.text:ti_sysbios_knl_Clock_Module_startup__E)
                  00011d00    00000020     mss_mmw_per4ft.oer4ft (.text:ti_sysbios_knl_Semaphore_destruct)
                  00011d20    0000001e     libmmwave_xwr16xx.aer4f : mmwave_fullcfg.oer4f (.text:MMWave_internalDelChirp)
                  00011d3e    0000001e     libsoc_xwr16xx.aer4f : soc_xwr16xx_mss.oer4f (.text:SOC_getOutAddr_LUTType)
                  00011d5c    0000001c     libcrc_xwr16xx.aer4f : crc.oer4f (.text:CRC_releaseTransactionId)
                  00011d78    0000001c     libdma_xwr16xx.aer4f : dma.oer4f (.text:CSL_FEXTR)
                  00011d94    0000001c     libmmwave_xwr16xx.aer4f : mmwave.oer4f (.text:CSL_FEXTR)
                  00011db0    0000001c     libsoc_xwr16xx.aer4f : soc.oer4f (.text:CSL_FEXTR)
                  00011dcc    0000001c                          : soc_xwr16xx.oer4f (.text:CSL_FEXTR)
                  00011de8    0000001c                          : soc_xwr16xx_mss.oer4f (.text:CSL_FEXTR)
                  00011e04    0000001c     libuart_xwr16xx.aer4f : uartsci.oer4f (.text:CSL_FEXTR)
                  00011e20    0000001c     libmmwave_xwr16xx.aer4f : mmwave_listlib.oer4f (.text:MMWave_listRemove)
                  00011e3c    0000001c     mss_main.oer4f (.text:MmwDemo_mboxWrite)
                  00011e58    0000001c     mss_main.oer4f (.text:MmwDemo_mssMmwaveStartCallbackFxn)
                  00011e74    0000001c     mss_main.oer4f (.text:MmwDemo_notifySensorStop)
                  00011e90    0000001c     libsoc_xwr16xx.aer4f : soc_xwr16xx_mss.oer4f (.text:SOC_getInAddr_LUTType)
                  00011eac    0000001c     sysbios.aer4ft : arm_TaskSupport_asm.obj (.text:_ti_sysbios_family_arm_TaskSupport_glue)
                  00011ec8    0000001c     rtsv7R4_T_le_v3D16_eabi.lib : memccpy.obj (.text)
                  00011ee4    0000001c     mss_mmw_per4ft.oer4ft (.text:ti_sysbios_BIOS_rtsLock__I)
                  00011f00    0000001c     sysbios.aer4ft : BIOS.obj (.text:ti_sysbios_family_arm_v7r_vim_Hwi_clearInterrupt__E)
                  00011f1c    00000004     --HOLE-- [fill = 0]
                  00011f20    0000001c                    : BIOS.obj (.text:ti_sysbios_gates_GateMutex_Instance_init__E)
                  00011f3c    00000004     --HOLE-- [fill = 0]
                  00011f40    0000001c                    : BIOS.obj (.text:ti_sysbios_gates_GateMutex_leave__E)
                  00011f5c    0000001c     mss_mmw_per4ft.oer4ft (.text:ti_sysbios_knl_Queue_destruct)
                  00011f78    0000001a     libmmwave_xwr16xx.aer4f : mmwave_xwr16xx.oer4f (.text:MMWave_deviceSyncFxn)
                  00011f92    0000001a                             : mmwave.oer4f (.text:MMWave_encodeError)
                  00011fac    0000001a                             : mmwave_listlib.oer4f (.text:MMWave_listAdd)
                  00011fc6    0000001a     mss_mmw_per4ft.oer4ft (.text:free)
                  00011fe0    0000001a     libmmwavelink_xwr16xx.aer4f : rl_sensor.oer4f (.text:rlGetRfDieId)
                  00011ffa    0000001a     rtsv7R4_T_le_v3D16_eabi.lib : s_copysign.obj (.text)
                  00012014    0000001a     mss_mmw_per4ft.oer4ft (.text:ti_sysbios_gates_GateHwi_Handle__label__S)
                  0001202e    0000001a     mss_mmw_per4ft.oer4ft (.text:ti_sysbios_gates_GateMutex_Handle__label__S)
                  00012048    0000001a     mss_mmw_per4ft.oer4ft (.text:ti_sysbios_heaps_HeapMem_Handle__label__S)
                  00012062    0000001a     mss_mmw_per4ft.oer4ft (.text:xdc_runtime_System_aprintf__E)
                  0001207c    0000001a     mss_mmw_per4ft.oer4ft (.text:xdc_runtime_System_printf__E)
                  00012096    00000002     --HOLE-- [fill = 0]
                  00012098    00000018     libcli_xwr16xx.aer4f : cli_mmwave.oer4f (.text:CLI_getMMWaveExtensionOpenConfig)
                  000120b0    00000018     libmmwave_xwr16xx.aer4f : mmwave_osal.oer4f (.text:MMWave_osalMutexLock)
                  000120c8    00000018                             : mmwave_osal.oer4f (.text:MMWave_osalSemWait)
                  000120e0    00000018     libmailbox_xwr16xx.aer4f : mailbox.oer4f (.text:Mailbox_boxEmptyISRBss)
                  000120f8    00000018                              : mailbox.oer4f (.text:Mailbox_boxEmptyISRMssDss)
                  00012110    00000018                              : mailbox.oer4f (.text:Mailbox_boxFullISRBss)
                  00012128    00000018     sysbios.aer4ft : arm_TaskSupport_asm.obj (.text:_ti_sysbios_family_arm_TaskSupport_swap__E)
                  00012140    00000018     libmmwavelink_xwr16xx.aer4f : rl_device.oer4f (.text:rlDeviceGetRfVersion)
                  00012158    00000018                                 : rl_driver.oer4f (.text:rlDriverCalCRC)
                  00012170    00000018                                 : rl_driver.oer4f (.text:rlDriverFillPayload)
                  00012188    00000018                                 : rl_driver.oer4f (.text:rlDriverIsDeviceMapValid)
                  000121a0    00000018     rtsv7R4_T_le_v3D16_eabi.lib : args_main.obj (.text)
                  000121b8    00000018                                 : strcmp.obj (.text)
                  000121d0    00000018     mss_mmw_per4ft.oer4ft (.text:ti_sysbios_BIOS_rtsUnlock__I)
                  000121e8    00000018     sysbios.aer4ft : BIOS.obj (.text:ti_sysbios_family_arm_v7a_Pmu_initCounters__I)
                  00012200    00000018     mss_mmw_per4ft.oer4ft (.text:ti_sysbios_family_arm_v7r_vim_Hwi_Module__startupDone__F)
                  00012218    00000018     mss_mmw_per4ft.oer4ft (.text:ti_sysbios_family_arm_v7r_vim_Hwi_Params__init__S)
                  00012230    00000018     mss_mmw_per4ft.oer4ft (.text:ti_sysbios_knl_Semaphore_Params__init__S)
                  00012248    00000018     mss_mmw_per4ft.oer4ft (.text:ti_sysbios_knl_Task_Params__init__S)
                  00012260    00000018     sysbios.aer4ft : BIOS.obj (.text:ti_sysbios_knl_Task_enter__I)
                  00012278    00000018     mss_mmw_per4ft.oer4ft (.text:ti_sysbios_timers_rti_Timer_Module__startupDone__F)
                  00012290    00000018     sysbios.aer4ft : BIOS.obj (.text:xdc_runtime_Error_init__E)
                  000122a8    00000016     rtsv7R4_T_le_v3D16_eabi.lib : strchr.obj (.text)
                  000122be    00000016                                 : strlen.obj (.text)
                  000122d4    00000016     mss_mmw_per4ft.oer4ft (.text:ti_sysbios_BIOS_exitFunc__I)
                  000122ea    00000006     --HOLE-- [fill = 0]
                  000122f0    00000016     sysbios.aer4ft : BIOS.obj (.text:ti_sysbios_knl_Idle_loop__E)
                  00012306    0000000a     --HOLE-- [fill = 0]
                  00012310    00000016                    : BIOS.obj (.text:ti_sysbios_knl_Task_sleepTimeout__I)
                  00012326    00000014     libosal_xwr16xx.aer4f : HwiP_tirtos.oer4f (.text:HwiP_Params_init)
                  0001233a    00000014     libmmwave_xwr16xx.aer4f : mmwave_fullcfg.oer4f (.text:MMWave_internalDelBpmChirp)
                  0001234e    00000014                             : mmwave_fullcfg.oer4f (.text:MMWave_internalDelProfile)
                  00012362    00000014                             : mmwave_osal.oer4f (.text:MMWave_osalMutexDelete)
                  00012376    00000014                             : mmwave_osal.oer4f (.text:MMWave_osalSemDelete)
                  0001238a    00000002     --HOLE-- [fill = 0]
                  0001238c    00000014     libpinmux_xwr16xx.aer4f : pinmux.oer4f (.text:Pinmux_Lock)
                  000123a0    00000014     libuart_xwr16xx.aer4f : uartsci.oer4f (.text:UartSci_disableTxDMA)
                  000123b4    00000014                           : uartsci.oer4f (.text:UartSci_enableTxDMA)
                  000123c8    00000014     libosal_xwr16xx.aer4f : DebugP_tirtos.oer4f (.text:_DebugP_assert)
                  000123dc    00000014     libmmwavelink_xwr16xx.aer4f : rl_controller.oer4f (.text:rlAppendDummy)
                  000123f0    00000014     rtsv7R4_T_le_v3D16_eabi.lib : _lock.obj (.text)
                  00012404    00000014                                 : strcpy.obj (.text)
                  00012418    00000014     mss_mmw_per4ft.oer4ft (.text:ti_sysbios_heaps_HeapMem_Object__get__S)
                  0001242c    00000004     --HOLE-- [fill = 0]
                  00012430    00000014     sysbios.aer4ft : BIOS.obj (.text:ti_sysbios_knl_Event_Instance_init__E)
                  00012444    00000014     mss_mmw_per4ft.oer4ft (.text:ti_sysbios_knl_Swi_Object__get__S)
                  00012458    00000012     libcrc_xwr16xx.aer4f : crc.oer4f (.text:CRC_initConfigParams)
                  0001246a    00000012     libosal_xwr16xx.aer4f : MemoryP_tirtos.oer4f (.text:MemoryP_ctrlAlloc)
                  0001247c    00000012                           : SemaphoreP_tirtos.oer4f (.text:SemaphoreP_pend)
                  0001248e    00000002     --HOLE-- [fill = 0]
                  00012490    00000012     sysbios.aer4ft : BIOS.obj (.text:ti_sysbios_hal_Hwi_Module_startup__E)
                  000124a2    00000012     mss_mmw_per4ft.oer4ft (.text:xdc_runtime_Startup_exec__I)
                  000124b4    00000010     libcrc_xwr16xx.aer4f : crc.oer4f (.text:CRC_getSignatureRegister)
                  000124c4    00000010     libmmwave_xwr16xx.aer4f : mmwave_xwr16xx.oer4f (.text:MMWave_deviceGetDeviceInfo)
                  000124d4    00000010     mss_main.oer4f (.text:MmwDemo_mssMmwaveConfigCallbackFxn)
                  000124e4    00000010     mss_main.oer4f (.text:MmwDemo_mssMmwaveStopCallbackFxn)
                  000124f4    00000010     mss_main.oer4f (.text:MmwDemo_switchPressFxn)
                  00012504    0000000c     --HOLE-- [fill = 0]
                  00012510    00000010     sysbios.aer4ft : BIOS.obj (.text:ti_sysbios_BIOS_setThreadType__E)
                  00012520    00000010                    : BIOS.obj (.text:ti_sysbios_BIOS_start__E)
                  00012530    00000010                    : BIOS.obj (.text:ti_sysbios_family_arm_v7a_Pmu_disableInterruptI__E)
                  00012540    00000010                    : BIOS.obj (.text:ti_sysbios_family_arm_v7a_Pmu_enableInterruptI__E)
                  00012550    00000010                    : BIOS.obj (.text:ti_sysbios_family_arm_v7a_Pmu_getNumCounters__E)
                  00012560    00000010                    : BIOS.obj (.text:ti_sysbios_family_arm_v7a_Pmu_startCounterI__E)
                  00012570    00000010                    : BIOS.obj (.text:ti_sysbios_family_arm_v7a_Pmu_stopCounterI__E)
                  00012580    00000010                    : BIOS.obj (.text:ti_sysbios_gates_GateMutex_Instance_finalize__E)
                  00012590    00000010     mss_mmw_per4ft.oer4ft (.text:ti_sysbios_heaps_HeapBuf_Object__get__S)
                  000125a0    00000010     sysbios.aer4ft : BIOS.obj (.text:ti_sysbios_knl_Semaphore_Instance_finalize__E)
                  000125b0    00000010                    : BIOS.obj (.text:ti_sysbios_knl_Swi_disable__E)
                  000125c0    00000010     mss_mmw_per4ft.oer4ft (.text:ti_sysbios_knl_Task_Object__get__S)
                  000125d0    00000010     sysbios.aer4ft : BIOS.obj (.text:ti_sysbios_knl_Task_disable__E)
                  000125e0    00000010                    : BIOS.obj (.text:xdc_runtime_Memory_free__E)
                  000125f0    00000010     mss_mmw_per4ft.oer4ft (.text:xdc_runtime_Text_visitRope__I)
                  00012600    0000000e     rtsv7R4_T_le_v3D16_eabi.lib : copy_decompress_none.obj (.text:decompress:none)
                  0001260e    00000002     --HOLE-- [fill = 0]
                  00012610    0000000e     sysbios.aer4ft : BIOS.obj (.text:ti_sysbios_knl_Queue_empty__E)
                  0001261e    00000002     --HOLE-- [fill = 0]
                  00012620    0000000c                    : BIOS.obj (.text:ti_sysbios_family_arm_TaskSupport_checkStack__E)
                  0001262c    00000004     --HOLE-- [fill = 0]
                  00012630    0000000c                    : BIOS.obj (.text:ti_sysbios_family_arm_TaskSupport_getStackAlignment__E)
                  0001263c    00000004     --HOLE-- [fill = 0]
                  00012640    0000000c                    : BIOS.obj (.text:ti_sysbios_family_arm_exc_Exception_Module_startup__E)
                  0001264c    00000004     --HOLE-- [fill = 0]
                  00012650    0000000c                    : BIOS.obj (.text:ti_sysbios_family_arm_v7r_vim_Hwi_switchFromBootStack__E)
                  0001265c    00000004     --HOLE-- [fill = 0]
                  00012660    0000000c                    : BIOS.obj (.text:xdc_runtime_Startup_rtsDone__E)
                  0001266c    00000004     --HOLE-- [fill = 0]
                  00012670    0000000c                    : BIOS.obj (.text:xdc_runtime_SysStd_exit__E)
                  0001267c    00000004     --HOLE-- [fill = 0]
                  00012680    00000008                    : BIOS.obj (.text:ti_sysbios_gates_GateHwi_enter__E)
                  00012688    00000008     --HOLE-- [fill = 0]
                  00012690    00000006                    : BIOS.obj (.text:ti_sysbios_family_arm_v7r_vim_Hwi_startup__E)
                  00012696    0000000a     --HOLE-- [fill = 0]
                  000126a0    00000006                    : BIOS.obj (.text:ti_sysbios_gates_GateHwi_leave__E)
                  000126a6    0000000a     --HOLE-- [fill = 0]
                  000126b0    00000006                    : BIOS.obj (.text:ti_sysbios_heaps_HeapMem_isBlocking__E)
                  000126b6    0000000a     --HOLE-- [fill = 0]
                  000126c0    00000006                    : BIOS.obj (.text:ti_sysbios_knl_Queue_Instance_init__E)
                  000126c6    0000000a     --HOLE-- [fill = 0]
                  000126d0    00000006                    : BIOS.obj (.text:xdc_runtime_System_Module_startup__E)
                  000126d6    0000000a     --HOLE-- [fill = 0]
                  000126e0    00000004                    : BIOS.obj (.text:ti_sysbios_gates_GateHwi_query__E)
                  000126e4    0000000c     --HOLE-- [fill = 0]
                  000126f0    00000004                    : BIOS.obj (.text:ti_sysbios_gates_GateMutex_query__E)
                  000126f4    0000000c     --HOLE-- [fill = 0]
                  00012700    00000004                    : BIOS.obj (.text:ti_sysbios_knl_Task_startup__E)
                  00012704    0000000c     --HOLE-- [fill = 0]
                  00012710    00000004                    : BIOS.obj (.text:ti_sysbios_timers_rti_Timer_getMaxTicks__E)
                  00012714    0000000c     --HOLE-- [fill = 0]
                  00012720    00000004                    : BIOS.obj (.text:xdc_runtime_SysStd_putch__E)
                  00012724    0000000c     --HOLE-- [fill = 0]
                  00012730    00000004                    : BIOS.obj (.text:xdc_runtime_SysStd_ready__E)
                  00012734    0000000c     --HOLE-- [fill = 0]
                  00012740    00000002                    : BIOS.obj (.text:ti_sysbios_BIOS_linkedWithIncorrectBootLibrary__E)
                  00012742    0000000e     --HOLE-- [fill = 0]
                  00012750    00000002                    : BIOS.obj (.text:ti_sysbios_gates_GateHwi_Instance_init__E)

.const     0    00012758    000029ec     
                  00012758    00001a98     mss_mmw_per4ft.oer4ft (.const:xdc_runtime_Text_charTab__A)
                  000141f0    000002b8     libmmwavelink_xwr16xx.aer4f : rl_sensor.oer4f (.const:$O1$$)
                  000144a8    000001de     cli.oer4f (.const:.string)
                  00014686    00000101     rtsv7R4_T_le_v3D16_eabi.lib : ctype.obj (.const:.string:_ctypes_)
                  00014787    00000001     --HOLE-- [fill = 0]
                  00014788    000000d8     mss_mmw_per4ft.oer4ft (.const:xdc_runtime_Text_nodeTab__A)
                  00014860    000000a0     libcli_xwr16xx.aer4f : cli_mmwave.oer4f (.const:.string)
                  00014900    00000098     rtsv7R4_T_le_v3D16_eabi.lib : strtod.obj (.const:$O1$$)
                  00014998    00000080     mss_mmw_per4ft.oer4ft (.const:ti_sysbios_family_arm_v7r_vim_Hwi_channelMap__A)
                  00014a18    00000078     libmmwavelink_xwr16xx.aer4f : rl_driver.oer4f (.const:$O2$$)
                  00014a90    00000048     mss_mmw_per4ft.oer4ft (.const:.string)
                  00014ad8    0000003c     libuart_xwr16xx.aer4f : UART.oer4f (.const:UART_defaultParams)
                  00014b14    0000003c     mss_mmw_per4ft.oer4ft (.const:ti_sysbios_knl_Task_Object__PARAMS__C)
                  00014b50    00000030     mss_mmw_per4ft.oer4ft (.const:ti_sysbios_family_arm_v7r_vim_Hwi_Object__PARAMS__C)
                  00014b80    0000002c     mss_mmw_per4ft.oer4ft (.const:xdc_runtime_Startup_sfxnTab__A)
                  00014bac    00000028     mss_mmw_per4ft.oer4ft (.const:ti_sysbios_heaps_HeapMem_Module__FXNS__C)
                  00014bd4    00000024     libmailbox_xwr16xx.aer4f : mailbox.oer4f (.const:Mailbox_defaultCfg)
                  00014bf8    00000024     mss_mmw_per4ft.oer4ft (.const:ti_sysbios_gates_GateHwi_Module__FXNS__C)
                  00014c1c    00000024     mss_mmw_per4ft.oer4ft (.const:ti_sysbios_gates_GateMutex_Module__FXNS__C)
                  00014c40    00000024     mss_mmw_per4ft.oer4ft (.const:ti_sysbios_heaps_HeapMem_Object__PARAMS__C)
                  00014c64    00000024     mss_mmw_per4ft.oer4ft (.const:ti_sysbios_knl_Semaphore_Object__PARAMS__C)
                  00014c88    00000020     libcli_xwr16xx.aer4f : cli_mmwave.oer4f (.const:$P$T0$1)
                  00014ca8    00000020     mss_mmw_per4ft.oer4ft (.const:ti_sysbios_family_arm_v7r_vim_Hwi_Object__DESC__C)
                  00014cc8    00000020     mss_mmw_per4ft.oer4ft (.const:ti_sysbios_gates_GateHwi_Object__DESC__C)
                  00014ce8    00000020     mss_mmw_per4ft.oer4ft (.const:ti_sysbios_gates_GateMutex_Object__DESC__C)
                  00014d08    00000020     mss_mmw_per4ft.oer4ft (.const:ti_sysbios_heaps_HeapMem_Object__DESC__C)
                  00014d28    00000020     mss_mmw_per4ft.oer4ft (.const:ti_sysbios_knl_Event_Object__DESC__C)
                  00014d48    00000020     mss_mmw_per4ft.oer4ft (.const:ti_sysbios_knl_Queue_Object__DESC__C)
                  00014d68    00000020     mss_mmw_per4ft.oer4ft (.const:ti_sysbios_knl_Semaphore_Object__DESC__C)
                  00014d88    00000020     mss_mmw_per4ft.oer4ft (.const:ti_sysbios_knl_Task_Object__DESC__C)
                  00014da8    00000018     mss_mmw_per4ft.oer4ft (.const:ti_sysbios_gates_GateHwi_Object__PARAMS__C)
                  00014dc0    00000018     mss_mmw_per4ft.oer4ft (.const:ti_sysbios_gates_GateMutex_Object__PARAMS__C)
                  00014dd8    00000018     mss_mmw_per4ft.oer4ft (.const:ti_sysbios_knl_Event_Object__PARAMS__C)
                  00014df0    00000018     mss_mmw_per4ft.oer4ft (.const:ti_sysbios_knl_Queue_Object__PARAMS__C)
                  00014e08    00000016     mss_mmw_per4ft.oer4ft (.const:xdc_runtime_Startup_sfxnRts__A)
                  00014e1e    00000002     mss_mmw_per4ft.oer4ft (.const:ti_sysbios_family_arm_exc_Exception_Module__id__C)
                  00014e20    00000010     mss_mmw_per4ft.oer4ft (.const:ti_sysbios_family_arm_v7r_vim_Hwi_intReqEnaSet__A)
                  00014e30    00000010     mss_mmw_per4ft.oer4ft (.const:ti_sysbios_family_arm_v7r_vim_Hwi_wakeEnaSet__A)
                  00014e40    00000008     mss_mmw_per4ft.oer4ft (.const:ti_sysbios_knl_Idle_funcList__A)
                  00014e48    00000008     mss_mmw_per4ft.oer4ft (.const:ti_sysbios_knl_Idle_funcList__C)
                  00014e50    00000008     mss_mmw_per4ft.oer4ft (.const:xdc_runtime_Startup_firstFxns__A)
                  00014e58    00000008     mss_mmw_per4ft.oer4ft (.const:xdc_runtime_Startup_firstFxns__C)
                  00014e60    00000008     mss_mmw_per4ft.oer4ft (.const:xdc_runtime_Startup_lastFxns__C)
                  00014e68    00000004     libcli_xwr16xx.aer4f : cli.oer4f (.const:.string:$P$T0$1)
                  00014e6c    00000004     mss_mmw_per4ft.oer4ft (.const:ti_sysbios_family_arm_TaskSupport_stackAlignment__C)
                  00014e70    00000004     mss_mmw_per4ft.oer4ft (.const:ti_sysbios_family_arm_exc_Exception_E_dataAbort__C)
                  00014e74    00000004     mss_mmw_per4ft.oer4ft (.const:ti_sysbios_family_arm_exc_Exception_E_prefetchAbort__C)
                  00014e78    00000004     mss_mmw_per4ft.oer4ft (.const:ti_sysbios_family_arm_exc_Exception_E_swi__C)
                  00014e7c    00000004     mss_mmw_per4ft.oer4ft (.const:ti_sysbios_family_arm_exc_Exception_E_undefinedInstruction__C)
                  00014e80    00000004     mss_mmw_per4ft.oer4ft (.const:ti_sysbios_family_arm_exc_Exception_excHookFuncs__A)
                  00014e84    00000004     mss_mmw_per4ft.oer4ft (.const:ti_sysbios_family_arm_exc_Exception_excHookFuncs__C)
                  00014e88    00000004     mss_mmw_per4ft.oer4ft (.const:ti_sysbios_family_arm_v7a_Pmu_A_invalidCounterId__C)
                  00014e8c    00000004     mss_mmw_per4ft.oer4ft (.const:ti_sysbios_family_arm_v7a_Pmu_Module__diagsEnabled__C)
                  00014e90    00000004     mss_mmw_per4ft.oer4ft (.const:ti_sysbios_family_arm_v7a_Pmu_Module__diagsIncluded__C)
                  00014e94    00000004     mss_mmw_per4ft.oer4ft (.const:ti_sysbios_family_arm_v7a_Pmu_Module__diagsMask__C)
                  00014e98    00000004     mss_mmw_per4ft.oer4ft (.const:ti_sysbios_family_arm_v7r_tms570_Core_E_mismatchedIds__C)
                  00014e9c    00000004     mss_mmw_per4ft.oer4ft (.const:ti_sysbios_family_arm_v7r_tms570_Core_id__C)
                  00014ea0    00000004     mss_mmw_per4ft.oer4ft (.const:ti_sysbios_family_arm_v7r_vim_Hwi_A_badChannelId__C)
                  00014ea4    00000004     mss_mmw_per4ft.oer4ft (.const:ti_sysbios_family_arm_v7r_vim_Hwi_E_alreadyDefined__C)
                  00014ea8    00000004     mss_mmw_per4ft.oer4ft (.const:ti_sysbios_family_arm_v7r_vim_Hwi_E_badIntNum__C)
                  00014eac    00000004     mss_mmw_per4ft.oer4ft (.const:ti_sysbios_family_arm_v7r_vim_Hwi_E_phantomInterrupt__C)
                  00014eb0    00000004     mss_mmw_per4ft.oer4ft (.const:ti_sysbios_family_arm_v7r_vim_Hwi_E_undefined__C)
                  00014eb4    00000004     mss_mmw_per4ft.oer4ft (.const:ti_sysbios_family_arm_v7r_vim_Hwi_E_unsupportedMaskingOption__C)
                  00014eb8    00000004     mss_mmw_per4ft.oer4ft (.const:ti_sysbios_family_arm_v7r_vim_Hwi_LD_end__C)
                  00014ebc    00000004     mss_mmw_per4ft.oer4ft (.const:ti_sysbios_family_arm_v7r_vim_Hwi_LM_begin__C)
                  00014ec0    00000004     mss_mmw_per4ft.oer4ft (.const:ti_sysbios_family_arm_v7r_vim_Hwi_Module__diagsEnabled__C)
[...]
00014f34  ti_sysbios_heaps_HeapMem_Module__diagsEnabled__C                     
00014f38  ti_sysbios_heaps_HeapMem_Module__diagsIncluded__C                    
00014f3c  ti_sysbios_heaps_HeapMem_Module__diagsMask__C                        
00014f40  ti_sysbios_heaps_HeapMem_Module__gateObj__C                          
00014f44  ti_sysbios_heaps_HeapMem_Object__count__C                            
00014f48  ti_sysbios_heaps_HeapMem_reqAlign__C                                 
00014f4c  ti_sysbios_knl_Clock_LM_begin__C                                     
00014f50  ti_sysbios_knl_Clock_LM_tick__C                                      
00014f54  ti_sysbios_knl_Clock_LW_delayed__C                                   
00014f58  ti_sysbios_knl_Clock_Module_State_clockQ__O                          
00014f5c  ti_sysbios_knl_Clock_Module__diagsEnabled__C                         
00014f60  ti_sysbios_knl_Clock_Module__diagsIncluded__C                        
00014f64  ti_sysbios_knl_Clock_Module__diagsMask__C                            
00014f68  ti_sysbios_knl_Clock_Module__loggerFxn1__C                           
00014f6c  ti_sysbios_knl_Clock_Module__loggerFxn2__C                           
00014f70  ti_sysbios_knl_Clock_Module__loggerObj__C                            
00014f74  ti_sysbios_knl_Event_A_badContext__C                                 
00014f78  ti_sysbios_knl_Event_A_eventInUse__C                                 
00014f7c  ti_sysbios_knl_Event_A_nullEventId__C                                
00014f80  ti_sysbios_knl_Event_A_nullEventMasks__C                             
00014f84  ti_sysbios_knl_Event_A_pendTaskDisabled__C                           
00014f88  ti_sysbios_knl_Event_Instance_State_pendQ__O                         
00014f8c  ti_sysbios_knl_Event_LM_pend__C                                      
00014f90  ti_sysbios_knl_Event_LM_post__C                                      
00014f94  ti_sysbios_knl_Event_Module__diagsEnabled__C                         
00014f98  ti_sysbios_knl_Event_Module__diagsIncluded__C                        
00014f9c  ti_sysbios_knl_Event_Module__diagsMask__C                            
00014fa0  ti_sysbios_knl_Event_Module__loggerFxn4__C                           
00014fa4  ti_sysbios_knl_Event_Module__loggerFxn8__C                           
00014fa8  ti_sysbios_knl_Event_Module__loggerObj__C                            
00014fac  ti_sysbios_knl_Semaphore_A_badContext__C                             
00014fb0  ti_sysbios_knl_Semaphore_A_noEvents__C                               
00014fb4  ti_sysbios_knl_Semaphore_A_overflow__C                               
00014fb8  ti_sysbios_knl_Semaphore_A_pendTaskDisabled__C                       
00014fbc  ti_sysbios_knl_Semaphore_Instance_State_pendQ__O                     
00014fc0  ti_sysbios_knl_Semaphore_LM_pend__C                                  
00014fc4  ti_sysbios_knl_Semaphore_LM_post__C                                  
00014fc8  ti_sysbios_knl_Semaphore_Module__diagsEnabled__C                     
00014fcc  ti_sysbios_knl_Semaphore_Module__diagsIncluded__C                    
00014fd0  ti_sysbios_knl_Semaphore_Module__diagsMask__C                        
00014fd4  ti_sysbios_knl_Semaphore_Module__loggerFxn2__C                       
00014fd8  ti_sysbios_knl_Semaphore_Module__loggerFxn4__C                       
00014fdc  ti_sysbios_knl_Semaphore_Module__loggerObj__C                        
00014fe0  ti_sysbios_knl_Swi_LD_end__C                                         
00014fe4  ti_sysbios_knl_Swi_LM_begin__C                                       
00014fe8  ti_sysbios_knl_Swi_LM_post__C                                        
00014fec  ti_sysbios_knl_Swi_Module__diagsEnabled__C                           
00014ff0  ti_sysbios_knl_Swi_Module__diagsIncluded__C                          
00014ff4  ti_sysbios_knl_Swi_Module__diagsMask__C                              
00014ff8  ti_sysbios_knl_Swi_Module__loggerFxn1__C                             
00014ffc  ti_sysbios_knl_Swi_Module__loggerFxn4__C                             
00015000  ti_sysbios_knl_Swi_Module__loggerObj__C                              
00015004  ti_sysbios_knl_Swi_Object__count__C                                  
00015008  ti_sysbios_knl_Task_A_badPriority__C                                 
0001500c  ti_sysbios_knl_Task_A_badTaskState__C                                
00015010  ti_sysbios_knl_Task_A_badThreadType__C                               
00015014  ti_sysbios_knl_Task_A_badTimeout__C                                  
00015018  ti_sysbios_knl_Task_A_noPendElem__C                                  
0001501c  ti_sysbios_knl_Task_A_sleepTaskDisabled__C                           
00015020  ti_sysbios_knl_Task_E_spOutOfBounds__C                               
00015024  ti_sysbios_knl_Task_E_stackOverflow__C                               
00015028  ti_sysbios_knl_Task_LD_block__C                                      
0001502c  ti_sysbios_knl_Task_LD_exit__C                                       
00015030  ti_sysbios_knl_Task_LD_ready__C                                      
00015034  ti_sysbios_knl_Task_LM_sleep__C                                      
00015038  ti_sysbios_knl_Task_LM_switch__C                                     
0001503c  ti_sysbios_knl_Task_Module_State_inactiveQ__O                        
00015040  ti_sysbios_knl_Task_Module__diagsEnabled__C                          
00015044  ti_sysbios_knl_Task_Module__diagsIncluded__C                         
00015048  ti_sysbios_knl_Task_Module__diagsMask__C                             
0001504c  ti_sysbios_knl_Task_Module__loggerFxn2__C                            
00015050  ti_sysbios_knl_Task_Module__loggerFxn4__C                            
00015054  ti_sysbios_knl_Task_Module__loggerObj__C                             
00015058  ti_sysbios_knl_Task_Object__count__C                                 
0001505c  ti_sysbios_knl_Task_allBlockedFunc__C                                
00015060  ti_sysbios_knl_Task_defaultStackHeap__C                              
00015064  ti_sysbios_knl_Task_defaultStackSize__C                              
00015068  ti_sysbios_knl_Task_numConstructedTasks__C                           
0001506c  ti_sysbios_timers_rti_Timer_E_cannotSupport__C                       
00015070  ti_sysbios_timers_rti_Timer_Module__diagsEnabled__C                  
00015074  ti_sysbios_timers_rti_Timer_Module__diagsIncluded__C                 
00015078  ti_sysbios_timers_rti_Timer_Module__diagsMask__C                     
0001507c  ti_sysbios_timers_rti_Timer_numTimerDevices__C                       
00015080  ti_sysbios_timers_rti_Timer_startupNeeded__C                         
00015084  xdc_runtime_Assert_E_assertFailed__C                                 
00015088  xdc_runtime_Core_A_initializedParams__C                              
0001508c  xdc_runtime_Core_Module__diagsEnabled__C                             
00015090  xdc_runtime_Core_Module__diagsIncluded__C                            
00015094  xdc_runtime_Core_Module__diagsMask__C                                
00015098  xdc_runtime_Error_E_memory__C                                        
0001509c  xdc_runtime_Error_Module__diagsEnabled__C                            
000150a0  xdc_runtime_Error_Module__diagsIncluded__C                           
000150a4  xdc_runtime_Error_Module__diagsMask__C                               
000150a8  xdc_runtime_Error_Module__loggerFxn8__C                              
000150ac  xdc_runtime_Error_Module__loggerObj__C                               
000150b0  xdc_runtime_Error_policyFxn__C                                       
000150b4  xdc_runtime_Error_policy__C                                          
000150b8  xdc_runtime_Error_raiseHook__C                                       
000150bc  xdc_runtime_IGateProvider_Interface__BASE__C                         
000150c0  xdc_runtime_IHeap_Interface__BASE__C                                 
000150c4  xdc_runtime_IModule_Interface__BASE__C                               
000150c8  xdc_runtime_Log_L_error__C                                           
000150cc  xdc_runtime_Memory_defaultHeapInstance__C                            
000150d0  xdc_runtime_Startup_execImpl__C                                      
000150d4  xdc_runtime_Startup_maxPasses__C                                     
000150d8  xdc_runtime_Startup_sfxnRts__C                                       
000150dc  xdc_runtime_Startup_sfxnTab__C                                       
000150e0  xdc_runtime_System_Module__gateObj__C                                
000150e4  xdc_runtime_System_abortFxn__C                                       
000150e8  xdc_runtime_System_exitFxn__C                                        
000150ec  xdc_runtime_System_extendFxn__C                                      
000150f0  xdc_runtime_System_maxAtexitHandlers__C                              
000150f4  xdc_runtime_Text_charTab__C                                          
000150f8  xdc_runtime_Text_nameEmpty__C                                        
000150fc  xdc_runtime_Text_nameStatic__C                                       
00015100  xdc_runtime_Text_nameUnknown__C                                      
00015104  xdc_runtime_Text_nodeTab__C                                          
00015108  xdc_runtime_Text_visitRopeFxn__C                                     
0001510c  ti_sysbios_family_arm_v7a_Pmu_Module__id__C                          
0001510e  ti_sysbios_family_arm_v7r_tms570_Core_Module__id__C                  
00015110  ti_sysbios_family_arm_v7r_vim_Hwi_Module__id__C                      
00015112  ti_sysbios_family_arm_v7r_vim_Hwi_Module__loggerDefined__C           
00015114  ti_sysbios_gates_GateMutex_Module__id__C                             
00015116  ti_sysbios_hal_Hwi_Module__id__C                                     
00015118  ti_sysbios_heaps_HeapMem_Module__id__C                               
0001511a  ti_sysbios_knl_Clock_Module__id__C                                   
0001511c  ti_sysbios_knl_Clock_Module__loggerDefined__C                        
0001511e  ti_sysbios_knl_Event_Module__id__C                                   
00015120  ti_sysbios_knl_Event_Module__loggerDefined__C                        
00015122  ti_sysbios_knl_Semaphore_Module__id__C                               
00015124  ti_sysbios_knl_Semaphore_Module__loggerDefined__C                    
00015126  ti_sysbios_knl_Swi_Module__id__C                                     
00015128  ti_sysbios_knl_Swi_Module__loggerDefined__C                          
0001512a  ti_sysbios_knl_Task_Module__id__C                                    
0001512c  ti_sysbios_knl_Task_Module__loggerDefined__C                         
0001512e  ti_sysbios_timers_rti_Timer_Module__id__C                            
00015130  ti_sysbios_timers_rti_Timer_continueOnSuspend__C                     
00015132  xdc_runtime_Core_Module__id__C                                       
00015134  xdc_runtime_Error_Module__loggerDefined__C                           
00015136  xdc_runtime_Error_maxDepth__C                                        
00015138  xdc_runtime_Main_Module__id__C                                       
0001513a  xdc_runtime_Memory_Module__id__C                                     
0001513c  xdc_runtime_Text_charCnt__C                                          
0001513e  xdc_runtime_Text_isLoaded__C                                         
00015140  xdc_runtime_Text_registryModsLastId__C                               
00015142  xdc_runtime_Text_unnamedModsLastId__C                                
000154e8  __TI_Handler_Table_Base                                              
000154f4  __TI_Handler_Table_Limit                                             
00015510  __TI_CINIT_Base                                                      
00015530  __TI_CINIT_Limit                                                     
08000000  ti_sysbios_heaps_HeapMem_Instance_State_0_buf__A                     
0800a000  ti_sysbios_family_arm_exc_Exception_Module_State_0_excStack_0__A     
0800b000  ti_sysbios_knl_Task_Instance_State_0_stack__A                        
0800b800  gMmwMssMCB                                                           
0800bb1c  gCLI                                                                 
0800bcc0  gGPIOMCB                                                             
0800be54  __CIOBUF_                                                            
0800bf74  gMMWave_MCB                                                          
0800c070  __TI_tmpnams                                                         
0800c110  gEsmMCB                                                              
0800c180  gMMWave_XWR16xxMCB                                                   
0800c188  parmbuf                                                              
0800c190  __stack                                                              
0800d190  __STACK_END                                                          
0800d190  rl_txMsg                                                             
0800d290  rl_rxMsg                                                             
0800d574  gCLIMMWaveOpenCfg                                                    
0800d598  partInfoStringArray                                                  
0800d638  gCLIMMWaveExtensionTable                                             
0800d6e0  gCLIMMWaveControlCfg                                                 
0800d7ac  ti_sysbios_family_arm_v7r_vim_Hwi_Module_State_0_dispatchTable__A    
0800d9ac  _ftable                                                              
0800da9c  ti_sysbios_knl_Swi_Module_State_0_readyQ__A                          
0800db1c  ti_sysbios_knl_Task_Module_State_0_readyQ__A                         
0800db9c  _device                                                              
0800dc14  gUartSciHwCfg                                                        
0800dc6c  _stream                                                              
0800dcbc  gMailboxMCB                                                          
0800dd0c  ti_sysbios_knl_Task_Object__table__V                                 
0800dd58  ti_sysbios_knl_Task_Module__state__V                                 
0800dd9c  SOC_TranslateAddr_LUT                                                
0800dddc  ti_sysbios_gates_GateMutex_Object__table__V                          
0800de1c  ti_sysbios_timers_rti_Timer_Object__table__V                         
0800de58  ti_sysbios_family_arm_v7r_vim_Hwi_Module__state__V                   
0800de8c  ti_sysbios_knl_Swi_Object__table__V                                  
0800debc  ti_sysbios_family_arm_v7r_vim_Hwi_Object__table__V                   
0800dee8  ti_sysbios_knl_Clock_Module__state__V                                
0800df14  gUartSciFxnTable                                                     
0800df3c  UART_config                                                          
0800df60  ti_sysbios_BIOS_Module__state__V                                     
0800df84  xdc_runtime_Error_IgnoreBlock                                        
0800dfa4  xdc_runtime_System_Module_State_0_atexitHandlers__A                  
0800dfc4  ti_sysbios_knl_Swi_Module__state__V                                  
0800dfe0  gMailboxMssBssHwCfg                                                  
0800dff8  gMailboxMssDssHwCfg                                                  
0800e010  ti_sysbios_heaps_HeapMem_Object__table__V                            
0800e028  ti_sysbios_timers_rti_Timer_Module_State_0_device__A                 
0800e040  gSOCHwAttrib                                                         
0800e054  ti_sysbios_family_arm_exc_Exception_Module__state__V                 
0800e068  __TI_ft_end                                                          
0800e06c  __aeabi_stdin                                                        
0800e070  __aeabi_stdout                                                       
0800e074  __aeabi_stderr                                                       
0800e078  ti_sysbios_timers_rti_Timer_Module_State_0_intFreqs__A               
0800e088  ti_sysbios_timers_rti_Timer_Module__state__V                         
0800e098  __TI_cleanup_ptr                                                     
0800e09c  __TI_dtors_ptr                                                       
0800e0a0  __TI_enable_exit_profile_output                                      
0800e0a4  gESMHwCfgAttrs                                                       
0800e0b0  ti_sysbios_family_arm_v7a_Pmu_Module__state__V                       
0800e0bc  _lock                                                                
0800e0c0  _unlock                                                              
0800e0c4  gGPIOHwAtrrib                                                        
0800e0cc  ti_sysbios_family_arm_v7r_vim_Hwi_Module__root__V                    
0800e0d4  ti_sysbios_gates_GateHwi_Module__root__V                             
0800e0dc  ti_sysbios_gates_GateMutex_Module__root__V                           
0800e0e4  ti_sysbios_hal_Hwi_Object__table__V                                  
0800e0ec  ti_sysbios_heaps_HeapMem_Module__root__V                             
0800e0f4  ti_sysbios_knl_Event_Module__root__V                                 
0800e0fc  ti_sysbios_knl_Queue_Module__root__V                                 
0800e104  ti_sysbios_knl_Semaphore_Module__root__V                             
0800e10c  ti_sysbios_knl_Task_Module__root__V                                  
0800e114  ti_sysbios_timers_rti_Timer_Module_State_0_handles__A                
0800e11c  xdc_runtime_Registry_Module__state__V                                
0800e124  xdc_runtime_Startup_Module__state__V                                 
0800e12c  xdc_runtime_System_Module__state__V                                  
0800e134  gCRCRegister                                                         
0800e138  gPinmuxRegs                                                          
0800e140  errno                                                                
0800e14c  main_func_sp                                                         
0800e154  ti_sysbios_family_arm_exc_Exception_Module_State_0_excContext__A     
0800e158  ti_sysbios_family_arm_exc_Exception_Module_State_0_excStackBuffers__A
0800e15c  ti_sysbios_family_arm_exc_Exception_Module_State_0_excStack__A       
0800e160  ti_sysbios_gates_GateHwi_Object__table__V                            
0800e164  ti_sysbios_heaps_HeapBuf_Module__state__V                            
0800e168  ti_sysbios_knl_Task_Module_State_0_idleTask__A                       
0800e16c  xdc_runtime_Memory_Module__state__V                                  
0800e170  ti_sysbios_family_arm_exc_Exception_Module_State_0_excActive__A      
0800e172  xdc_runtime_Error_Module__state__V                                   
0800e178  ti_sysbios_family_arm_v7r_vim_Hwi_Module_State_0_fiqStack__A         
fffffdec  ti_sysbios_family_arm_v7r_vim_Hwi_vim                                
ffffffff  __TI_pprof_out_hndl                                                  
ffffffff  __TI_prof_data_size                                                  
ffffffff  __TI_prof_data_start                                                 
ffffffff  __binit__                                                            
ffffffff  __c_args__                                                           
ffffffff  binit                                                                
UNDEFED   SHT$$INIT_ARRAY$$Base                                                
UNDEFED   SHT$$INIT_ARRAY$$Limit                                               

[915 symbols]
