******************************************************************************
               TMS320C6x Linker Unix v8.1.3                    
******************************************************************************
>> Linked Tue Oct  2 23:37:56 2018

OUTPUT FILE NAME:   <xwr16xx_mmw_demo_dss.xe674>
ENTRY POINT SYMBOL: "_c_int00"  address: 007ff4c0


MEMORY CONFIGURATION

         name            origin    length      used     unused   attr    fill
----------------------  --------  ---------  --------  --------  ----  --------
PAGE 0:
  L2SRAM_UMAP1          007e0000   00020000  00020000  00000000  RWIX
  L2SRAM_UMAP0          00800000   00020000  0001d6e5  0000291b  RWIX
  L1PSRAM               00e00000   00004000  00003c20  000003e0  RWIX
  L1DSRAM               00f00000   00004000  00004000  00000000  RWIX
  L3SRAM                20000000   000c0000  000044c0  000bbb40  RWIX
  HSRAM                 21080000   00008000  00008000  00000000  RWIX

PAGE 1:
  L3SRAM                20000000   000c0000  000c0000  00000000  RWIX


SEGMENT ALLOCATION MAP

run origin  load origin   length   init length attrs members
----------  ----------- ---------- ----------- ----- -------
007e0000    007e0000    00025ce0   00025ce0    r-x
  007e0000    007e0000    00000200   00000200    r-x .vecs
  007e0200    007e0200    0001fe00   0001fe00    r-x .text.1
  00800000    00800000    00005ce0   00005ce0    r-x .text.2
00805ce0    00805ce0    00011c00   00000000    rw-
  00805ce0    00805ce0    0000cc00   00000000    rw- .l2data
  008128e0    008128e0    00005000   00000000    rw- systemHeap
008178e0    008178e0    00002bb1   00002bb1    r--
  008178e0    008178e0    00002bb1   00002bb1    r-- .const
0081a498    0081a498    0000165c   00000000    rw-
  0081a498    0081a498    0000165c   00000000    rw- .far
0081baf8    0081baf8    000018e8   000011e4    rw-
  0081baf8    0081baf8    000011e4   000011e4    rw- .fardata
  0081cce0    0081cce0    00000700   00000000    rw- .stack
0081d3e0    0081d3e0    000001d4   000001d4    r--
  0081d3e0    0081d3e0    000001d4   000001d4    r-- .switch
0081d5b8    0081d5b8    00000120   00000000    rw-
  0081d5b8    0081d5b8    00000120   00000000    rw- .cio
0081d6d8    0081d6d8    00000010   00000010    rw-
  0081d6d8    0081d6d8    00000010   00000010    rw- .neardata
0081d6e8    0081d6e8    00000010   00000010    r--
  0081d6e8    0081d6e8    00000010   00000010    r-- .ovly
00e00000    20000000    00003c20   00003c20    r-x
  00e00000    20000000    00003c20   00003c20    r-x .fastCode
00f00000    00f00000    00004000   00000000    rw-
  00f00000    00f00000    00004000   00000000    rw- .l1data
20003c20    20003c20    000008a0   000008a0    r-x
  20003c20    20003c20    000008a0   000008a0    r-x .overlay
21080000    21080000    00008000   00000000    rw-
  21080000    21080000    00008000   00000000    rw- .demoSharedMem
20000000    20000000    000c0000   00000000    rw-
  20000000    20000000    000c0000   00000000    rw- .l3data


SECTION ALLOCATION MAP

 output                                  attributes/
section   page    origin      length       input sections
--------  ----  ----------  ----------   ----------------
xdc.meta   0    00000000    00000108     COPY SECTION
                  00000000    00000108     dss_mmw_pe674.oe674 (xdc.meta)

xdc.noload 
*          0    00000000    00000000     COPY SECTION

.vecs      0    007e0000    00000200     
                  007e0000    00000200     dss_mmw_pe674.oe674 (.vecs)

.text.1    0    007e0200    0001fe00     
                  007e0200    00000bc0     dss_main.oe674 (.text:MmwDemo_parseProfileAndChirpConfig)
                  007e0dc0    000008a0     ti.targets.rts6000.ae674 : System.oe674 (.text:xdc_runtime_System_doPrint__I)
                  007e1660    000007e0     dss_main.oe674 (.text:MmwDemo_mboxReadTask)
                  007e1e40    00000700     sysbios.ae674 : BIOS.obj (.text:ti_sysbios_family_c64p_Exception_handler__I)
                  007e2540    000006a0     dss_data_path.oe674 (.text:MmwDemo_gen_twiddle_largefft_16x16)
                  007e2be0    000005c0     dss_main.oe674 (.text:MmwDemo_dssDataPathConfig)
                  007e31a0    000005c0     rts6740_elf.lib : divd.obj (.text:__c6xabi_divd)
                  007e3760    000005a0     dss_data_path.oe674 (.text:MmwDemo_dataPathConfigEdma)
                  007e3d00    00000560     dss_data_path.oe674 (.text:MmwDemo_cfarPeakGroupingCfarQualified)
                  007e4260    00000500     libcbuff_xwr16xx.ae674 : cbuff.oe674 (.text:CBUFF_init)
                  007e4760    00000500     libhsiheader_xwr16xx.ae674 : hsiheader.oe674 (.text:HSIHeader_createHeader)
                  007e4c60    00000500     dss_data_path.oe674 (.text:MmwDemo_dataPathConfigBuffers)
                  007e5160    00000500     rx_ch_bias_measure.oe674 (.text:MmwDemo_rangeBiasRxChPhaseMeasure)
                  007e5660    00000500     sysbios.ae674 : BIOS.obj (.text:ti_sysbios_knl_Semaphore_pend__E)
                  007e5b60    000004e0                   : BIOS.obj (.text:ti_sysbios_knl_Event_pend__E)
                  007e6040    000004c0     libcbuff_xwr16xx.ae674 : cbuff.oe674 (.text:CBUFF_createSession)
                  007e6500    000004c0     sysbios.ae674 : BIOS.obj (.text:ti_sysbios_heaps_HeapMem_allocUnprotected__E)
                  007e69c0    000004a0     libmmwave_xwr16xx.ae674 : mmwave_xwr16xx.oe674 (.text:MMWave_deviceExecuteFxn)
                  007e6e60    00000480     dss_main.oe674 (.text:MmwDemo_dssSendProcessOutputToMSS)
                  007e72e0    00000460     dss_data_path.oe674 (.text:MmwDemo_gen_twiddle_smallfft_16x16)
                  007e7740    00000460     sysbios.ae674 : BIOS.obj (.text:ti_sysbios_heaps_HeapMem_freeUnprotected__E)
                  007e7ba0    00000420     libmailbox_xwr16xx.ae674 : mailbox.oe674 (.text:Mailbox_open)
                  007e7fc0    00000420     sysbios.ae674 : BIOS.obj (.text:ti_sysbios_knl_Task_Instance_finalize__E)
                  007e83e0    000003c0     dss_data_path.oe674 (.text:MmwDemo_dcRangeSignatureCompensation)
                  007e87a0    000003a0     libadcbuf_xwr16xx.ae674 : adcbuf_mmwave.oe674 (.text:ADCBUF_MMWave_control)
                  007e8b40    00000360     libcbuff_xwr16xx.ae674 : cbuff.oe674 (.text:CBUFF_validateHWSessionCfg)
                  007e8ea0    00000360     libcrc_xwr16xx.ae674 : crc.oe674 (.text:CRC_open)
                  007e9200    00000360     libmmwavelink_xwr16xx.ae674 : rl_driver.oe674 (.text:rlDriverRxHdrRead)
                  007e9560    00000340     libcbuff_xwr16xx.ae674 : cbuff_lvds.oe674 (.text:CBUFF_openLVDS)
                  007e98a0    00000340     dss_main.oe674 (.text:MmwDemo_dssDataPathTask)
                  007e9be0    00000320     libcbuff_xwr16xx.ae674 : cbuff_lvds.oe674 (.text:CBUFF_initLVDS)
                  007e9f00    00000320     dss_data_path.oe674 (.text:MmwDemo_nearFieldCorrection)
                  007ea220    00000320     sysbios.ae674 : BIOS.obj (.text:ti_sysbios_knl_Task_Instance_init__E)
                  007ea540    00000300     libcbuff_xwr16xx.ae674 : cbuff.oe674 (.text:CBUFF_activateSession)
                  007ea840    00000300     dss_main.oe674 (.text:MmwDemo_dssDataPathReconfig)
                  007eab40    000002e0     libcbuff_xwr16xx.ae674 : cbuff_edma.oe674 (.text:CBUFF_configEDMA)
                  007eae20    000002e0     libedma_xwr16xx.ae674 : edma.oe674 (.text:EDMA_error_isr)
                  007eb100    000002e0     libmmwavelink_xwr16xx.ae674 : rl_driver.oe674 (.text:rlDriverCmdInvoke)
                  007eb3e0    000002c0     dss_data_path.oe674 (.text:MmwDemo_genWindow)
                  007eb6a0    000002c0     sysbios.ae674 : BIOS.obj (.text:ti_sysbios_knl_Task_sleep__E)
                  007eb960    000002a0     libcrc_xwr16xx.ae674 : crc.oe674 (.text:CRC_computeSignature)
                  007ebc00    000002a0     dss_main.oe674 (.text:MmwDemo_dssDataPathInit)
                  007ebea0    000002a0     rts6740_elf.lib : divf.obj (.text:__c6xabi_divf)
                  007ec140    00000280     libedma_xwr16xx.ae674 : edma.oe674 (.text:EDMA_configChannel)
                  007ec3c0    00000260                           : edma.oe674 (.text:EDMA_open)
                  007ec620    00000260     rts6740_elf.lib : imath64.obj (.text:__c6xabi_divull)
                  007ec880    00000260     libmmwavelink_xwr16xx.ae674 : rl_driver.oe674 (.text:rlDriverMsgRead)
                  007ecae0    00000260     sysbios.ae674 : BIOS.obj (.text:ti_sysbios_knl_Clock_workFunc__E)
                  007ecd40    00000260     ti.targets.rts6000.ae674 : Startup.oe674 (.text:xdc_runtime_Startup_startMods__I)
                  007ecfa0    00000240     libedma_xwr16xx.ae674 : edma.oe674 (.text:EDMA_configErrorMonitoring)
                  007ed1e0    00000240     libmmwave_xwr16xx.ae674 : mmwave_link.oe674 (.text:MMWave_startLink)
                  007ed420    00000240     dss_main.oe674 (.text:MmwDemo_dssDataPathProcessEvents)
                  007ed660    00000240     libmmwavelink_xwr16xx.ae674 : rl_driver.oe674 (.text:rlDriverCmdSendRetry)
                  007ed8a0    00000240                                 : rl_driver.oe674 (.text:rlDriverInit)
                  007edae0    00000240     rts6740_elf.lib : setvbuf.obj (.text:setvbuf)
                  007edd20    00000240     sysbios.ae674 : BIOS.obj (.text:ti_sysbios_knl_Event_post__E)
                  007edf60    00000240     ti.targets.rts6000.ae674 : Core-mem.oe674 (.text:xdc_runtime_Core_createObject__I)
                  007ee1a0    00000240     dss_mmw_pe674.oe674 (.text:xdc_runtime_System_printfExtend__I)
                  007ee3e0    00000220     libcbuff_xwr16xx.ae674 : cbuff.oe674 (.text:CBUFF_deinit)
                  007ee600    00000220                            : cbuff_transfer.oe674 (.text:CBUFF_setupNonInterleaved_ADC)
                  007ee820    00000220     libedma_xwr16xx.ae674 : edma.oe674 (.text:EDMA_transferComplete_isr)
                  007eea40    00000220     libmailbox_xwr16xx.ae674 : mailbox.oe674 (.text:Mailbox_write)
                  007eec60    00000220     dss_data_path.oe674 (.text:MmwDemo_EDMA_CQTransferCompletionCallbackFxn)
                  007eee80    00000220     dss_main.oe674 (.text:MmwDemo_parseAdcBufCfg)
                  007ef0a0    00000220     rts6740_elf.lib : fputc.obj (.text:fputc)
                  007ef2c0    00000220     sysbios.ae674 : BIOS.obj (.text:ti_sysbios_family_c64p_Hwi_dispatchCore__I)
                  007ef4e0    00000220                   : BIOS.obj (.text:ti_sysbios_heaps_HeapMem_Instance_init__E)
                  007ef700    00000220                   : BIOS.obj (.text:ti_sysbios_knl_Task_schedule__I)
                  007ef920    00000220                   : BIOS.obj (.text:ti_sysbios_utils_Load_updateThreadContexts__E)
                  007efb40    00000200     libcbuff_xwr16xx.ae674 : cbuff_transfer.oe674 (.text:CBUFF_setupNonInterleaved_MultiChirp_CP_ADC_CQ_USER)
                  007efd40    00000200     libmmwave_xwr16xx.ae674 : mmwave_link.oe674 (.text:MMWave_initMMWaveLink)
                  007eff40    00000200     dss_lvds_stream.oe674 (.text:MmwDemo_LVDSStreamHwConfig)
                  007f0140    00000200     dss_data_path.oe674 (.text:MmwDemo_processChirp)
                  007f0340    00000200     sysbios.ae674 : c64p_Hwi_disp_always.obj (.text:_ti_sysbios_family_c64p_Hwi_dispatchAlways)
                  007f0540    00000200                   : BIOS.obj (.text:ti_sysbios_knl_Semaphore_post__E)
                  007f0740    00000200     ti.targets.rts6000.ae674 : Error.oe674 (.text:xdc_runtime_Error_policyDefault__E)
                  007f0940    000001e0     libadcbuf_xwr16xx.ae674 : adcbuf_mmwave.oe674 (.text:ADCBUF_MMWave_open)
                  007f0b20    000001e0     libcbuff_xwr16xx.ae674 : cbuff_transfer.oe674 (.text:CBUFF_setupNonInterleaved_MultiChirp_CP_ADC)
                  007f0d00    000001e0                            : cbuff_transfer.oe674 (.text:CBUFF_setupNonInterleaved_MultiChirp_CP_ADC_CQ)
                  007f0ee0    000001e0                            : cbuff_transfer.oe674 (.text:CBUFF_setupTransfer)
                  007f10c0    000001e0     libedma_xwr16xx.ae674 : edma.oe674 (.text:EDMA_init)
                  007f12a0    000001e0     libhsiheader_xwr16xx.ae674 : hsiheader.oe674 (.text:HSIHeader_init)
                  007f1480    000001e0     dss_data_path.oe674 (.text:MmwDemo_gen_twiddle_smallfft_32x32)
                  007f1660    000001e0     rts6740_elf.lib : log.obj (.text:log)
                  007f1840    000001e0     libmmwavelink_xwr16xx.ae674 : rl_driver.oe674 (.text:rlDriverRdVerifyMsg)
                  007f1a20    000001e0     sysbios.ae674 : BIOS.obj (.text:ti_sysbios_knl_Task_postInit__I)
                  007f1c00    000001e0                   : BIOS.obj (.text:ti_sysbios_knl_Task_startCore__E)
                  007f1de0    000001e0     ti.targets.rts6000.ae674 : Text.oe674 (.text:xdc_runtime_Text_putSite__E)
                  007f1fc0    000001c0     libcbuff_xwr16xx.ae674 : cbuff_transfer.oe674 (.text:CBUFF_setupNonInterleaved_MultiChirp_ADC_CP)
                  007f2180    000001c0     libmmwave_xwr16xx.ae674 : mmwave_xwr16xx.oe674 (.text:MMWave_deviceInitFxn)
                  007f2340    000001c0     libmailbox_xwr16xx.ae674 : mailbox.oe674 (.text:Mailbox_read)
                  007f2500    000001c0     dss_data_path.oe674 (.text:MmwDemo_XYcalc)
                  007f26c0    000001c0     dss_main.oe674 (.text:MmwDemo_dssChirpIntHandler)
                  007f2880    000001c0     dss_main.oe674 (.text:MmwDemo_edmaBlockCopy)
                  007f2a40    000001c0     dss_data_path.oe674 (.text:MmwDemo_genDftSinCosTable)
                  007f2c00    000001c0     libsoc_xwr16xx.ae674 : soc.oe674 (.text:SOC_deregisterSysIntListener)
                  007f2dc0    000001c0     rts6740_elf.lib : frexp.obj (.text:frexp)
                  007f2f80    000001c0     sysbios.ae674 : BIOS.obj (.text:ti_sysbios_timers_rti_Timer_getFreq__E)
                  007f3140    000001a0     libadcbuf_xwr16xx.ae674 : adcbuf_mmwave.oe674 (.text:ADCBUFTestPatternConfig)
                  007f32e0    000001a0     libedma_xwr16xx.ae674 : edma.oe674 (.text:EDMA_paramConfig_assist)
                  007f3480    000001a0     dss_config_edma_util.oe674 (.text:EDMAutil_configType2b)
                  007f3620    000001a0     rts6740_elf.lib : trgdrv.obj (.text:HOSTrename)
                  007f37c0    000001a0                     : lowlev.obj (.text:getdevice)
                  007f3960    000001a0     libmmwavelink_xwr16xx.ae674 : rl_driver.oe674 (.text:rlDriverDeInit)
                  007f3b00    000001a0                                 : rl_driver.oe674 (.text:rlDriverMsgWrite)
                  007f3ca0    000001a0     sysbios.ae674 : BIOS.obj (.text:ti_sysbios_family_c64p_EventCombiner_dispatch__E)
                  007f3e40    000001a0     ti.targets.rts6000.ae674 : Core-smem.oe674 (.text:xdc_runtime_Core_constructObject__I)
                  007f3fe0    00000180     libadcbuf_xwr16xx.ae674 : adcbuf_mmwave.oe674 (.text:ADCBUFCmdParamCheck)
                  007f4160    00000180     libcbuff_xwr16xx.ae674 : cbuff_transfer.oe674 (.text:CBUFF_setupNonInterleaved_CP_ADC)
                  007f42e0    00000180                            : cbuff_transfer.oe674 (.text:CBUFF_setupNonInterleaved_CP_ADC_CQ_USER)
                  007f4460    00000180     libmmwave_xwr16xx.ae674 : mmwave_fullcfg.oe674 (.text:MMWave_flushCfg)
                  007f45e0    00000180                             : mmwave_fullcfg.oe674 (.text:MMWave_getChirpHandle)
                  007f4760    00000180                             : mmwave.oe674 (.text:MMWave_start)
                  007f48e0    00000180     sysbios.ae674 : c64p_Exception_asm.obj (.text)
                  007f4a60    00000180                   : BIOS.obj (.text:ti_sysbios_family_c64p_Exception_internalHandler__I)
                  007f4be0    00000180                   : BIOS.obj (.text:ti_sysbios_knl_Task_exit__E)
                  007f4d60    00000180                   : BIOS.obj (.text:ti_sysbios_knl_Task_unblockI__E)
                  007f4ee0    00000180                   : BIOS.obj (.text:ti_sysbios_utils_Load_startup__E)
                  007f5060    00000160     libcbuff_xwr16xx.ae674 : cbuff_transfer.oe674 (.text:CBUFF_setupNonInterleaved_ADC_CP)
                  007f51c0    00000160                            : cbuff_transfer.oe674 (.text:CBUFF_setupNonInterleaved_CP_ADC_CQ)
                  007f5320    00000160     dss_config_edma_util.oe674 (.text:EDMAutil_configType1)
                  007f5480    00000160     dss_config_edma_util.oe674 (.text:EDMAutil_configType3)
                  007f55e0    00000160     libmmwave_xwr16xx.ae674 : mmwave_link.oe674 (.text:MMWave_asyncEventHandler)
                  007f5740    00000160                             : mmwave_link.oe674 (.text:MMWave_computeCRC)
                  007f58a0    00000160     libmailbox_xwr16xx.ae674 : mailbox.oe674 (.text:Mailbox_close)
                  007f5a00    00000160     dss_lvds_stream.oe674 (.text:MmwDemo_LVDSStreamSwConfig)
                  007f5b60    00000160     dss_main.oe674 (.text:MmwDemo_dssDataPathOutputLogging)
                  007f5cc0    00000160     dss_main.oe674 (.text:MmwDemo_dssDataPathStop)
                  007f5e20    00000160     rx_ch_bias_measure.oe674 (.text:MmwDemo_quadFit)
                  007f5f80    00000160     libsoc_xwr16xx.ae674 : soc.oe674 (.text:SOC_registerSysIntListener)
                  007f60e0    00000160     libmmwavelink_xwr16xx.ae674 : rl_driver.oe674 (.text:rlDriverMsgReadCmdCtx)
                  007f6240    00000160                                 : rl_driver.oe674 (.text:rlDriverWaitForResponse)
                  007f63a0    00000160     rts6740_elf.lib : sqrt.obj (.text:sqrt)
                  007f6500    00000160     sysbios.ae674 : BIOS.obj (.text:ti_sysbios_knl_Task_checkStacks__E)
                  007f6660    00000160                   : BIOS.obj (.text:ti_sysbios_timers_rti_Timer_postInit__I)
                  007f67c0    00000160                   : BIOS.obj (.text:ti_sysbios_utils_Load_idleFxn__E)
                  007f6920    00000160                   : BIOS.obj (.text:ti_sysbios_utils_Load_logLoads__I)
                  007f6a80    00000160                   : BIOS.obj (.text:ti_sysbios_utils_Load_updateLoads__E)
                  007f6be0    00000160     ti.targets.rts6000.ae674 : Text.oe674 (.text:xdc_runtime_Text_putMod__E)
                  007f6d40    00000140     libcbuff_xwr16xx.ae674 : cbuff.oe674 (.text:CBUFF_ISR)
                  007f6e80    00000140                            : cbuff.oe674 (.text:CBUFF_deactivateSession)
                  007f6fc0    00000140                            : cbuff.oe674 (.text:CBUFF_deregisterFrameDone)
                  007f7100    00000140     libedma_xwr16xx.ae674 : edma_low_level.oe674 (.text:EDMA3Init)
                  007f7240    00000140                           : edma.oe674 (.text:EDMA_transferController_error_isr)
                  007f7380    00000140     libmmwave_xwr16xx.ae674 : mmwave_fullcfg.oe674 (.text:MMWave_addChirp)
                  007f74c0    00000140                             : mmwave.oe674 (.text:MMWave_init)
                  007f7600    00000140     dss_data_path.oe674 (.text:MmwDemo_checkDynamicConfigErrors)
                  007f7740    00000140     dss_main.oe674 (.text:MmwDemo_dssMmwaveEventCallbackFxn)
                  007f7880    00000140     rts6740_elf.lib : fclose.obj (.text:__TI_closefile)
                  007f79c0    00000140                     : fflush.obj (.text:fflush)
                  007f7b00    00000140     libmmwavelink_xwr16xx.ae674 : rl_device.oe674 (.text:rlDevicePowerOn)
                  007f7c40    00000140                                 : rl_driver.oe674 (.text:rlDriverMsgCmdReply)
                  007f7d80    00000140     sysbios.ae674 : BIOS.obj (.text:ti_sysbios_gates_GateMutex_enter__E)
                  007f7ec0    00000140                   : BIOS.obj (.text:ti_sysbios_knl_Task_Module_startup__E)
                  007f8000    00000140                   : BIOS.obj (.text:ti_sysbios_knl_Task_blockI__E)
                  007f8140    00000140                   : BIOS.obj (.text:ti_sysbios_timers_rti_Timer_Module_startup__E)
                  007f8280    00000140     ti.targets.rts6000.ae674 : Core-mem.oe674 (.text:xdc_runtime_Core_deleteObject__I)
                  007f83c0    00000140                              : Text.oe674 (.text:xdc_runtime_Text_putLab__E)
                  007f8500    00000120     libadcbuf_xwr16xx.ae674 : adcbuf_mmwave.oe674 (.text:ADCBUF_MMWave_getChanBufAddr)
                  007f8620    00000120     libcbuff_xwr16xx.ae674 : cbuff_transfer.oe674 (.text:CBUFF_setupNonInterleaved_ADC_USER)
                  007f8740    00000120     dss_lvds_stream.oe674 (.text:MmwDemo_LVDSStream_EDMAAllocateCBUFFHwChannel)
                  007f8860    00000120     dss_lvds_stream.oe674 (.text:MmwDemo_LVDSStream_EDMAAllocateCBUFFSwChannel)
                  007f8980    00000120     dss_data_path.oe674 (.text:MmwDemo_dataPathConfigCQEdma)
                  007f8aa0    00000120     boot.ae674 : autoinit.oe674 (.text:_auto_init_elf)
                  007f8bc0    00000120     rts6740_elf.lib : fseek.obj (.text:fseek)
                  007f8ce0    00000120     libmmwavelink_xwr16xx.ae674 : rl_driver.oe674 (.text:rlDriverAsyncEventHandler)
                  007f8e00    00000120     sysbios.ae674 : BIOS.obj (.text:ti_sysbios_family_c64p_EventCombiner_dispatchPlug__E)
                  007f8f20    00000120                   : BIOS.obj (.text:ti_sysbios_knl_Semaphore_Instance_init__E)
                  007f9040    00000100     libcbuff_xwr16xx.ae674 : cbuff_transfer.oe674 (.text:CBUFF_addLinkedList)
                  007f9140    00000100                            : cbuff_edma.oe674 (.text:CBUFF_closeEDMA)
                  007f9240    00000100                            : cbuff_transfer.oe674 (.text:CBUFF_configUserBufferEDMA)
                  007f9340    00000100                            : cbuff_transfer.oe674 (.text:CBUFF_displayLinkedList)
                  007f9440    00000100                            : cbuff_edma.oe674 (.text:CBUFF_setupEDMAShadowLink)
                  007f9540    00000100     rts6740_elf.lib : trgdrv.obj (.text:HOSTlseek)
                  007f9640    00000100     libhsiheader_xwr16xx.ae674 : hsiheader.oe674 (.text:HSIHeader_deleteHeader)
                  007f9740    00000100     libmmwave_xwr16xx.ae674 : mmwave_fullcfg.oe674 (.text:MMWave_addBpmChirp)
                  007f9840    00000100                             : mmwave_fullcfg.oe674 (.text:MMWave_addProfile)
                  007f9940    00000100                             : mmwave_fullcfg.oe674 (.text:MMWave_getChirpCfg)
                  007f9a40    00000100     libmailbox_xwr16xx.ae674 : mailbox.oe674 (.text:Mailbox_readFlush)
                  007f9b40    00000100     dss_lvds_stream.oe674 (.text:MmwDemo_LVDSStreamDeleteHwSession)
                  007f9c40    00000100     dss_lvds_stream.oe674 (.text:MmwDemo_LVDSStreamDeleteSwSession)
                  007f9d40    00000100     dss_lvds_stream.oe674 (.text:MmwDemo_LVDSStreamInit)
                  007f9e40    00000100     dss_lvds_stream.oe674 (.text:MmwDemo_LVDSStream_EDMAFreeCBUFFHwChannel)
                  007f9f40    00000100     dss_lvds_stream.oe674 (.text:MmwDemo_LVDSStream_EDMAFreeCBUFFSwChannel)
                  007fa040    00000100     dss_lvds_stream.oe674 (.text:MmwDemo_LVDSStream_EDMAInit)
                  007fa140    00000100     dss_data_path.oe674 (.text:MmwDemo_dataPathConfigFFTs)
                  007fa240    00000100     dss_data_path.oe674 (.text:MmwDemo_getDopplerLine)
                  007fa340    00000100     libsoc_xwr16xx.ae674 : soc_xwr16xx_dss.oe674 (.text:SOC_deviceInit)
                  007fa440    00000100                          : soc_xwr16xx.oe674 (.text:SOC_translateAddress)
                  007fa540    00000100     rts6740_elf.lib : _io_perm.obj (.text:__TI_wrt_ok)
                  007fa640    00000100     libmmwavelink_xwr16xx.ae674 : rl_device.oe674 (.text:rlDevicePowerOff)
                  007fa740    00000100                                 : rl_driver.oe674 (.text:rlDriverClientCbCheck)
                  007fa840    00000100                                 : rl_driver.oe674 (.text:rlDriverOsiCbCheck)
                  007fa940    00000100                                 : rl_driver.oe674 (.text:rlDriverValidateHdr)
                  007faa40    00000100     sysbios.ae674 : BIOS.obj (.text:ti_sysbios_timers_rti_Timer_initDevice__I)
                  007fab40    00000100                   : BIOS.obj (.text:ti_sysbios_timers_rti_Timer_start__E)
                  007fac40    00000100     ti.targets.rts6000.ae674 : Error.oe674 (.text:xdc_runtime_Error_print__E)
                  007fad40    00000100                              : Memory.oe674 (.text:xdc_runtime_Memory_alloc__E)
                  007fae40    00000100                              : Startup.oe674 (.text:xdc_runtime_Startup_exec__E)
                  007faf40    000000e0     libadcbuf_xwr16xx.ae674 : adcbuf_mmwave.oe674 (.text:ADCBUFChannelEnSetOffset)
                  007fb020    000000e0                             : adcbuf_mmwave.oe674 (.text:ADCBUF_MMWave_getCQBufAddr)
                  007fb100    000000e0     libcbuff_xwr16xx.ae674 : cbuff_transfer.oe674 (.text:CBUFF_configCQEDMA)
                  007fb1e0    000000e0                            : cbuff_lvds.oe674 (.text:CBUFF_initLVDSLinkListParams)
                  007fb2c0    000000e0     libcrc_xwr16xx.ae674 : crc.oe674 (.text:CRC_getTransactionId)
                  007fb3a0    000000e0     libosal_xwr16xx.ae674 : DebugP_tirtos.oe674 (.text:DebugP_log3)
                  007fb480    000000e0     libedma_xwr16xx.ae674 : edma.oe674 (.text:EDMA_configParamSet)
                  007fb560    000000e0                           : edma.oe674 (.text:EDMA_isTransferComplete)
                  007fb640    000000e0     dss_config_edma_util.oe674 (.text:EDMA_setup_shadow_link)
                  007fb720    000000e0     dss_config_edma_util.oe674 (.text:EDMAutil_triggerType3)
                  007fb800    000000e0     rts6740_elf.lib : trgdrv.obj (.text:HOSTopen)
                  007fb8e0    000000e0                     : trgdrv.obj (.text:HOSTwrite)
                  007fb9c0    000000e0     libmmwave_xwr16xx.ae674 : mmwave_xwr16xx.oe674 (.text:MMWave_deviceStartFxn)
                  007fbaa0    000000e0                             : mmwave_fullcfg.oe674 (.text:MMWave_getProfileCfg)
                  007fbb80    000000e0     libmailbox_xwr16xx.ae674 : mailbox.oe674 (.text:Mailbox_boxFullISRMssDss)
                  007fbc60    000000e0                              : mailbox.oe674 (.text:Mailbox_init)
                  007fbd40    000000e0     dss_data_path.oe674 (.text:MmwDemo_dataPathConfigDcRangeMeanBuffers)
                  007fbe20    000000e0     dss_main.oe674 (.text:MmwDemo_dssDataPathStart)
                  007fbf00    000000e0     dss_data_path.oe674 (.text:MmwDemo_log2AbsAccum)
                  007fbfe0    00000010     libmmwavealg_xwr16xx.ae674 : mmwavelib_log2abs.oe674 ($Tramp$S$$mmwavelib_log2Abs32)
                  007fbff0    00000010                                : mmwavelib_miscutils.oe674 ($Tramp$S$$mmwavelib_accum16)
                  007fc000    000000e0     rts6740_elf.lib : divi.obj (.text:__divi)
                  007fc0e0    000000e0                     : lowlev.obj (.text:close)
                  007fc1c0    000000e0                     : memset.obj (.text:memset)
                  007fc2a0    000000e0     libmmwavelink_xwr16xx.ae674 : rl_device.oe674 (.text:rlDeviceGetVersion)
                  007fc380    000000e0                                 : rl_driver.oe674 (.text:rlDriverCalChkSum)
                  007fc460    000000e0                                 : rl_driver.oe674 (.text:rlDriverHostIrqHandler)
                  007fc540    000000e0                                 : rl_driver.oe674 (.text:rlDriverMsgReadSpawnCtx)
                  007fc620    000000e0                                 : rl_driver.oe674 (.text:rlDriverProcRdMsg)
                  007fc700    000000e0     sysbios.ae674 : BIOS.obj (.text:ti_sysbios_family_c64p_Cache_Module_startup__E)
                  007fc7e0    000000e0                   : BIOS.obj (.text:ti_sysbios_family_c64p_Cache_getL2InitSize__I)
                  007fc8c0    000000e0                   : BIOS.obj (.text:ti_sysbios_utils_Load_updateCurrentThreadTime__E)
                  007fc9a0    000000c0     libcbuff_xwr16xx.ae674 : cbuff.oe674 (.text:CBUFF_deleteSession)
                  007fca60    000000c0     libcrc_xwr16xx.ae674 : crc.oe674 (.text:CRC_getSignature)
                  007fcb20    000000c0     libosal_xwr16xx.ae674 : DebugP_tirtos.oe674 (.text:DebugP_log0)
                  007fcbe0    000000c0                           : DebugP_tirtos.oe674 (.text:DebugP_log1)
                  007fcca0    000000c0                           : DebugP_tirtos.oe674 (.text:DebugP_log2)
                  007fcd60    000000c0     libedma_xwr16xx.ae674 : edma.oe674 (.text:EDMA_startDmaTransfer)
                  007fce20    000000c0     rts6740_elf.lib : trgdrv.obj (.text:HOSTread)
                  007fcee0    000000c0                     : trgdrv.obj (.text:HOSTunlink)
                  007fcfa0    000000c0     libmmwave_xwr16xx.ae674 : mmwave_xwr16xx.oe674 (.text:MMWave_deviceEventFxn)
                  007fd060    000000c0                             : mmwave_fullcfg.oe674 (.text:MMWave_getNumChirps)
                  007fd120    000000c0                             : mmwave_link.oe674 (.text:MMWave_initCRC)
                  007fd1e0    000000c0                             : mmwave_link.oe674 (.text:MMWave_spawn)
                  007fd2a0    000000c0     libmailbox_xwr16xx.ae674 : mailbox.oe674 (.text:Mailbox_boxFullISRProcessing)
                  007fd360    000000c0     dss_lvds_stream.oe674 (.text:MmwDemo_LVDSStream_SwTriggerFrameDone)
                  007fd420    000000c0     dss_data_path.oe674 (.text:MmwDemo_decodeBPM)
                  007fd4e0    000000c0     dss_main.oe674 (.text:MmwDemo_dssFrameStartIntHandler)
                  007fd5a0    000000c0     libsoc_xwr16xx.ae674 : soc.oe674 (.text:SOC_enableLVDS)
                  007fd660    000000c0     dss_main.oe674 (.text:_MmwDemo_dssAssert)
                  007fd720    000000c0     rts6740_elf.lib : fflush.obj (.text:__TI_doflush)
                  007fd7e0    000000c0                     : divu.obj (.text:__divu)
                  007fd8a0    000000c0                     : remi.obj (.text:__remi)
                  007fd960    000000c0                     : exit.obj (.text:exit)
                  007fda20    000000c0     libmmwavelink_xwr16xx.ae674 : rl_driver.oe674 (.text:rlDriverExecuteGetApi)
                  007fdae0    000000c0     sysbios.ae674 : BIOS.obj (.text:ti_sysbios_family_c64p_Cache_getL1DInitSize__I)
                  007fdba0    000000c0                   : BIOS.obj (.text:ti_sysbios_family_c64p_Cache_getL1PInitSize__I)
                  007fdc60    000000c0                   : BIOS.obj (.text:ti_sysbios_heaps_HeapMem_getStats__E)
                  007fdd20    000000c0                   : BIOS.obj (.text:ti_sysbios_knl_Clock_logTick__E)
                  007fdde0    000000c0     dss_mmw_pe674.oe674 (.text:ti_sysbios_knl_Task_create)
                  007fdea0    000000c0     sysbios.ae674 : BIOS.obj (.text:ti_sysbios_timers_rti_Timer_startup__E)
                  007fdf60    000000c0                   : BIOS.obj (.text:ti_sysbios_utils_Load_logCPULoad__I)
                  007fe020    000000c0                   : BIOS.obj (.text:ti_sysbios_utils_Load_taskCreateHook__E)
                  007fe0e0    000000c0                   : BIOS.obj (.text:ti_sysbios_utils_Load_taskSwitchHook__E)
                  007fe1a0    000000c0     rts6740_elf.lib : tls.obj (.text:tls:init:__TI_tls_init)
                  007fe260    000000c0     ti.targets.rts6000.ae674 : Assert.oe674 (.text:xdc_runtime_Assert_raise__I)
                  007fe320    000000c0                              : Error.oe674 (.text:xdc_runtime_Error_setX__E)
                  007fe3e0    000000a0     libcbuff_xwr16xx.ae674 : cbuff_transfer.oe674 (.text:CBUFF_addCQLLEntry)
                  007fe480    000000a0                            : cbuff_transfer.oe674 (.text:CBUFF_addUserBufferLLEntry)
                  007fe520    000000a0                            : cbuff.oe674 (.text:CBUFF_setVC)
                  007fe5c0    000000a0                            : cbuff_transfer.oe674 (.text:CBUFF_shutdownTransfer)
                  007fe660    000000a0     libedma_xwr16xx.ae674 : edma_low_level.oe674 (.text:EDMA3EnableChInShadowReg)
                  007fe700    000000a0                           : edma.oe674 (.text:EDMA_disableChannel)
                  007fe7a0    000000a0     rts6740_elf.lib : trgdrv.obj (.text:HOSTclose)
                  007fe840    000000a0     libmmwave_xwr16xx.ae674 : mmwave.oe674 (.text:MMWave_execute)
                  007fe8e0    000000a0                             : mmwave_link.oe674 (.text:MMWave_executeLink)
                  007fe980    000000a0                             : mmwave_link.oe674 (.text:MMWave_initLink)
                  007fea20    000000a0                             : mmwave_link.oe674 (.text:MMWave_mboxOpen)
                  007feac0    000000a0                             : mmwave.oe674 (.text:MMWave_sync)
                  007feb60    000000a0     libmailbox_xwr16xx.ae674 : mailbox.oe674 (.text:Mailbox_boxEmptyISRProcessing)
                  007fec00    000000a0     dss_lvds_stream.oe674 (.text:MmwDemo_LVDSStream_HwTriggerFrameDone)
                  007feca0    000000a0     dss_data_path.oe674 (.text:MmwDemo_addDopplerCompensation)
                  007fed40    000000a0     dss_data_path.oe674 (.text:MmwDemo_dataPathWait1DInputData)
                  007fede0    000000a0     dss_data_path.oe674 (.text:MmwDemo_dataPathWait1DOutputData)
                  007fee80    000000a0     dss_data_path.oe674 (.text:MmwDemo_dataPathWait2DInputData)
                  007fef20    000000a0     dss_data_path.oe674 (.text:MmwDemo_dataPathWait3DInputData)
                  007fefc0    000000a0     dss_data_path.oe674 (.text:MmwDemo_dataPathWaitTransDetMatrix2)
                  007ff060    000000a0     dss_data_path.oe674 (.text:MmwDemo_dataPathWaitTransDetMatrix)
                  007ff100    000000a0     dss_main.oe674 (.text:MmwDemo_measurementResultOutput)
                  007ff1a0    000000a0     libsoc_xwr16xx.ae674 : soc.oe674 (.text:SOC_SystemISR)
                  007ff240    000000a0                          : soc_xwr16xx_dss.oe674 (.text:SOC_triggerDSStoMSSsoftwareInterrupt)
                  007ff2e0    000000a0     rts6740_elf.lib : fopen.obj (.text:__TI_cleanup)
                  007ff380    000000a0                     : fixfu.obj (.text:__c6xabi_fixfu)
                  007ff420    000000a0                     : remu.obj (.text:__remu)
                  007ff4c0    000000a0     boot.ae674 : boot.oe674 (.text:_c_int00)
                  007ff560    000000a0     rts6740_elf.lib : memcpy64.obj (.text:memcpy)
                  007ff600    000000a0                     : modf.obj (.text:modf)
                  007ff6a0    000000a0     libmmwavelink_xwr16xx.ae674 : rl_controller.oe674 (.text:rlAppendSubBlock)
                  007ff740    000000a0                                 : rl_driver.oe674 (.text:rlDriverExecuteSetApi)
                  007ff7e0    000000a0                                 : rl_driver.oe674 (.text:rlDriverVerifyCRC)
                  007ff880    000000a0                                 : rl_controller.oe674 (.text:rlGetSubBlock)
                  007ff920    000000a0     sysbios.ae674 : BIOS.obj (.text:ti_sysbios_family_c64p_Hwi_Module_startup__E)
                  007ff9c0    000000a0                   : BIOS.obj (.text:ti_sysbios_family_c64p_Hwi_getStackInfo__E)
                  007ffa60    000000a0                   : BIOS.obj (.text:ti_sysbios_heaps_HeapMem_alloc__E)
                  007ffb00    000000a0                   : BIOS.obj (.text:ti_sysbios_knl_Task_allBlockedFunction__I)
                  007ffba0    000000a0                   : BIOS.obj (.text:ti_sysbios_timers_rti_Timer_setPeriodMicroSecs__E)
                  007ffc40    000000a0                   : BIOS.obj (.text:ti_sysbios_utils_Load_addTask__E)
                  007ffce0    000000a0                   : BIOS.obj (.text:ti_sysbios_utils_Load_taskDeleteHook__E)
                  007ffd80    000000a0     ti.targets.rts6000.ae674 : Core-params.oe674 (.text:xdc_runtime_Core_assignParams__I)
                  007ffe20    000000a0                              : System.oe674 (.text:xdc_runtime_System_formatNum__I)
                  007ffec0    000000a0                              : System.oe674 (.text:xdc_runtime_System_putchar__I)
                  007fff60    00000020     libadcbuf_xwr16xx.ae674 : adcbuf_mmwave.oe674 (.text:ADCBUF_MMWave_init)
                  007fff80    00000010     mathlib.ae674 : divsp.oe674 ($Tramp$S$$divsp)
                  007fff90    00000010     dss_data_path.oe674 ($Tramp$S$$MmwDemo_interChirpProcessing)
                  007fffa0    00000010     dss_data_path.oe674 ($Tramp$S$$MmwDemo_interFrameProcessing)
                  007fffb0    00000010     dss_data_path.oe674 ($Tramp$S$$MmwDemo_dataPathInitEdma)
                  007fffc0    00000010     mathlib.ae674 : sinsp.oe674 ($Tramp$S$$sinsp)
                  007fffd0    00000010                   : cossp.oe674 ($Tramp$S$$cossp)
                  007fffe0    00000010                   : sqrtsp.oe674 ($Tramp$S$$sqrtsp)
                  007ffff0    00000010     --HOLE-- [fill = 00000000]

.text.2    0    00800000    00005ce0     
                  00800000    000000a0     ti.targets.rts6000.ae674 : Text.oe674 (.text:xdc_runtime_Text_printVisFxn__I)
                  008000a0    000000a0                              : Text.oe674 (.text:xdc_runtime_Text_xprintf__I)
                  00800140    00000080     libadcbuf_xwr16xx.ae674 : ADCBuf.oe674 (.text:ADCBuf_init)
                  008001c0    00000080     libcbuff_xwr16xx.ae674 : cbuff_lvds.oe674 (.text:CBUFF_closeLVDS)
                  00800240    00000080                            : cbuff_transfer.oe674 (.text:CBUFF_setupHeader)
                  008002c0    00000080                            : cbuff_transfer.oe674 (.text:CBUFF_setup_USER)
                  00800340    00000080     libedma_xwr16xx.ae674 : edma_low_level.oe674 (.text:EDMA3MapChToEvtQ)
                  008003c0    00000080                           : edma.oe674 (.text:EDMA_chainChannels)
                  00800440    00000080                           : edma.oe674 (.text:EDMA_linkParamSets)
                  008004c0    00000080     libhsiheader_xwr16xx.ae674 : hsiheader.oe674 (.text:HSIHeader_processUserBuffer)
                  00800540    00000080     libmmwave_xwr16xx.ae674 : mmwave_link.oe674 (.text:MMWave_mboxWrite)
                  008005c0    00000080     libmailbox_xwr16xx.ae674 : mailbox.oe674 (.text:Mailbox_writeReset)
                  00800640    00000080     dss_main.oe674 (.text:MmwDemo_cfgUpdate)
                  008006c0    00000080     dss_data_path.oe674 (.text:MmwDemo_dataPathComputeDerivedConfig)
                  00800740    00000080     libosal_xwr16xx.ae674 : SemaphoreP_tirtos.oe674 (.text:SemaphoreP_create)
                  008007c0    00000080     rts6740_elf.lib : trgmsg.obj (.text:__TI_readmsg)
                  00800840    00000080                     : trgmsg.obj (.text:__TI_writemsg)
                  008008c0    00000080                     : fixdu.obj (.text:__c6xabi_fixdu)
                  00800940    00000080                     : llshift.obj (.text:__c6xabi_llshl)
                  008009c0    00000080     sysbios.ae674 : c62_TaskSupport_asm.obj (.text:_ti_sysbios_family_c62_TaskSupport_swap__E)
                  00800a40    00000080     mmwDemo_monitor.oe674 (.text:mmwDemo_cfgAnalogMonitor)
                  00800ac0    00000080     libmmwavelink_xwr16xx.ae674 : rl_driver.oe674 (.text:rlDeviceIdentifyCmdDir)
                  00800b40    00000080                                 : rl_driver.oe674 (.text:rlDriverOsiInit)
                  00800bc0    00000080     dss_mmw_pe674.oe674 (.text:ti_sysbios_BIOS_atExitFunc__I)
                  00800c40    00000080     dss_mmw_pe674.oe674 (.text:ti_sysbios_BIOS_registerRTSLock__I)
                  00800cc0    00000080     sysbios.ae674 : BIOS.obj (.text:ti_sysbios_family_c64p_Cache_marInit__I)
                  00800d40    00000080                   : BIOS.obj (.text:ti_sysbios_family_c64p_Exception_Module_startup__E)
                  00800dc0    00000080                   : BIOS.obj (.text:ti_sysbios_family_c64p_Hwi_eventMap__E)
                  00800e40    00000080     dss_mmw_pe674.oe674 (.text:ti_sysbios_gates_GateHwi_Object__create__S)
                  00800ec0    00000080     dss_mmw_pe674.oe674 (.text:ti_sysbios_gates_GateMutex_Object__create__S)
                  00800f40    00000080     sysbios.ae674 : BIOS.obj (.text:ti_sysbios_hal_Hwi_checkStack)
                  00800fc0    00000080                   : BIOS.obj (.text:ti_sysbios_hal_Hwi_initStack)
                  00801040    00000080     dss_mmw_pe674.oe674 (.text:ti_sysbios_heaps_HeapMem_Object__create__S)
                  008010c0    00000080     sysbios.ae674 : BIOS.obj (.text:ti_sysbios_heaps_HeapMem_free__E)
                  00801140    00000080                   : BIOS.obj (.text:ti_sysbios_heaps_HeapMem_init__I)
                  008011c0    00000080     dss_mmw_pe674.oe674 (.text:ti_sysbios_knl_Clock_doTick__I)
                  00801240    00000080     dss_mmw_pe674.oe674 (.text:ti_sysbios_knl_Event_create)
                  008012c0    00000080     sysbios.ae674 : BIOS.obj (.text:ti_sysbios_knl_Idle_run__E)
                  00801340    00000080     dss_mmw_pe674.oe674 (.text:ti_sysbios_knl_Semaphore_create)
                  008013c0    00000080     sysbios.ae674 : BIOS.obj (.text:ti_sysbios_knl_Task_processVitalTaskFlag__I)
                  00801440    00000080                   : BIOS.obj (.text:ti_sysbios_timers_rti_Timer_setPeriod__E)
                  008014c0    00000080                   : BIOS.obj (.text:ti_sysbios_timers_rti_Timer_stop__E)
                  00801540    00000080                   : BIOS.obj (.text:ti_sysbios_utils_Load_removeTask__E)
                  008015c0    00000080     rts6740_elf.lib : lowlev.obj (.text:unlink)
                  00801640    00000080     ti.targets.rts6000.ae674 : Core-label.oe674 (.text:xdc_runtime_Core_assignLabel__I)
                  008016c0    00000080                              : SysStd.oe674 (.text:xdc_runtime_SysStd_abort__E)
                  00801740    00000080                              : System.oe674 (.text:xdc_runtime_System_atexit__E)
                  008017c0    00000080                              : System.oe674 (.text:xdc_runtime_System_avprintf__E)
                  00801840    00000080                              : System.oe674 (.text:xdc_runtime_System_processAtExit__E)
                  008018c0    00000080                              : System.oe674 (.text:xdc_runtime_System_vprintf__E)
                  00801940    00000060     libadcbuf_xwr16xx.ae674 : adcbuf_mmwave.oe674 (.text:ADCBUF_MMWave_close)
                  008019a0    00000060                             : ADCBuf.oe674 (.text:ADCBuf_open)
                  00801a00    00000060     libcbuff_xwr16xx.ae674 : cbuff.oe674 (.text:CBUFF_ErrorISR)
                  00801a60    00000060     libcrc_xwr16xx.ae674 : crc.oe674 (.text:CRC_getCRCDataSelectBitValue)
                  00801ac0    00000060                          : crc.oe674 (.text:CRC_getCRCTypeBitValue)
                  00801b20    00000060                          : crc.oe674 (.text:CRC_isTransactionIdValid)
                  00801b80    00000060                          : crc.oe674 (.text:CRC_resetSignature)
                  00801be0    00000060     libedma_xwr16xx.ae674 : edma_low_level.oe674 (.text:EDMA3ClrEvt)
                  00801c40    00000060                           : edma_low_level.oe674 (.text:EDMA3ClrIntr)
                  00801ca0    00000060                           : edma_low_level.oe674 (.text:EDMA3ClrMissEvt)
                  00801d00    00000060                           : edma_low_level.oe674 (.text:EDMA3DisableEvtIntr)
                  00801d60    00000060                           : edma_low_level.oe674 (.text:EDMA3EnableDmaEvt)
                  00801dc0    00000060                           : edma_low_level.oe674 (.text:EDMA3EnableEvtIntr)
                  00801e20    00000060                           : edma_low_level.oe674 (.text:EDMA3SetEvt)
                  00801e80    00000060                           : edma.oe674 (.text:EDMA_configTransferControllerError)
                  00801ee0    00000060                           : edma.oe674 (.text:EDMA_setDestinationAddress)
                  00801f40    00000060                           : edma.oe674 (.text:EDMA_setSourceAddress)
                  00801fa0    00000060                           : edma.oe674 (.text:EDMA_validate_channelIdchannelType)
                  00802000    00000060     libhsiheader_xwr16xx.ae674 : hsiheader.oe674 (.text:HSIHeader_processCQ)
                  00802060    00000060     libmmwave_xwr16xx.ae674 : mmwave_listlib.oe674 (.text:MMWave_listCat)
                  008020c0    00000060                             : mmwave_listlib.oe674 (.text:MMWave_listRemoveNode)
                  00802120    00000060                             : mmwave_osal.oe674 (.text:MMWave_osalMutexCreate)
                  00802180    00000060                             : mmwave_osal.oe674 (.text:MMWave_osalSemCreate)
                  008021e0    00000060     libmailbox_xwr16xx.ae674 : mailbox.oe674 (.text:Mailbox_Config_init)
                  00802240    00000060     dss_data_path.oe674 (.text:MmwDemo_dataPathObjInit)
                  008022a0    00000060     dss_data_path.oe674 (.text:MmwDemo_dssDataPathStartCQEdma)
                  00802300    00000060     dss_main.oe674 (.text:MmwDemo_dssMMWaveCtrlTask)
                  00802360    00000060     dss_main.oe674 (.text:MmwDemo_dssMmwaveOpenCallbackFxn)
                  008023c0    00000060     dss_main.oe674 (.text:MmwDemo_triggerDss2MssISR)
                  00802420    00000060     dss_data_path.oe674 (.text:MmwDemo_waitEndOfChirps)
                  00802480    00000060     libsoc_xwr16xx.ae674 : soc_xwr16xx.oe674 (.text:SOC_setMMWaveDSSLinkState)
                  008024e0    00000060                          : soc_xwr16xx.oe674 (.text:SOC_setMMWaveMSSLinkState)
                  00802540    00000060                          : soc.oe674 (.text:SOC_unhaltBSS)
                  008025a0    00000060                          : soc_xwr16xx_dss.oe674 (.text:SOC_waitBSSPowerUp)
                  00802600    00000060     rts6740_elf.lib : llshift.obj (.text:__c6xabi_llshru)
                  00802660    00000060                     : imath64.obj (.text:_subcull)
                  008026c0    00000060     sysbios.ae674 : c64p_Hwi_asm_switch.obj (.text:_ti_sysbios_family_c64p_Hwi_switchAndDispatch__I)
                  00802720    00000060     rts6740_elf.lib : lowlev.obj (.text:lseek)
                  00802780    00000060     mmwDemo_monitor.oe674 (.text:mmwDemo_cfgRxSaturationMonitor)
                  008027e0    00000060     mmwDemo_monitor.oe674 (.text:mmwDemo_cfgRxSigImgMonitor)
                  00802840    00000060     libmmwavelink_xwr16xx.ae674 : rl_device.oe674 (.text:rlDeviceGetMssVersion)
                  008028a0    00000060                                 : rl_driver.oe674 (.text:rlDriverConstructInMsg)
                  00802900    00000060                                 : rl_sensor.oe674 (.text:rlEnableContMode)
                  00802960    00000060                                 : rl_monitoring.oe674 (.text:rlRfAnaMonConfig)
                  008029c0    00000060                                 : rl_sensor.oe674 (.text:rlRfRunTimeCalibConfig)
                  00802a20    00000060                                 : rl_monitoring.oe674 (.text:rlRfRxIfSatMonConfig)
                  00802a80    00000060                                 : rl_monitoring.oe674 (.text:rlRfRxSigImgMonConfig)
                  00802ae0    00000060                                 : rl_sensor.oe674 (.text:rlSensorStart)
                  00802b40    00000060     dss_mmw_pe674.oe674 (.text:ti_sysbios_BIOS_errorRaiseHook__I)
                  00802ba0    00000060     dss_mmw_pe674.oe674 (.text:ti_sysbios_BIOS_removeRTSLock__I)
                  00802c00    00000060     dss_mmw_pe674.oe674 (.text:ti_sysbios_BIOS_startFunc__I)
                  00802c60    00000060     sysbios.ae674 : BIOS.obj (.text:ti_sysbios_family_c62_TaskSupport_start__E)
                  00802cc0    00000060                   : BIOS.obj (.text:ti_sysbios_family_c64p_Cache_setMar__E)
                  00802d20    00000060                   : BIOS.obj (.text:ti_sysbios_family_c64p_Cache_setSize__E)
                  00802d80    00000060                   : BIOS.obj (.text:ti_sysbios_family_c64p_EventCombiner_Module_startup__E)
                  00802de0    00000060                   : BIOS.obj (.text:ti_sysbios_family_c64p_EventCombiner_unused__E)
                  00802e40    00000060     dss_mmw_pe674.oe674 (.text:ti_sysbios_gates_GateMutex_Object__delete__S)
                  00802ea0    00000060     sysbios.ae674 : BIOS.obj (.text:ti_sysbios_knl_Clock_Module_startup__E)
                  00802f00    00000060                   : BIOS.obj (.text:ti_sysbios_knl_Event_pendTimeout__I)
                  00802f60    00000060     dss_mmw_pe674.oe674 (.text:ti_sysbios_knl_Queue_construct)
                  00802fc0    00000060     dss_mmw_pe674.oe674 (.text:ti_sysbios_knl_Semaphore_Object__delete__S)
                  00803020    00000060     dss_mmw_pe674.oe674 (.text:ti_sysbios_knl_Semaphore_construct)
                  00803080    00000060     sysbios.ae674 : BIOS.obj (.text:ti_sysbios_knl_Semaphore_pendTimeout__I)
                  008030e0    00000060                   : BIOS.obj (.text:ti_sysbios_knl_Task_enter__I)
                  00803140    00000060                   : BIOS.obj (.text:ti_sysbios_knl_Task_getMode__E)
                  008031a0    00000060                   : BIOS.obj (.text:ti_sysbios_knl_Task_restoreHwi__E)
                  00803200    00000060                   : BIOS.obj (.text:ti_sysbios_knl_Task_restore__E)
                  00803260    00000060     dss_mmw_pe674.oe674 (.text:ti_sysbios_rts_gnu_MemAlloc_alloc)
                  008032c0    00000060     rts6740_elf.lib : lowlev.obj (.text:write)
                  00803320    00000060     ti.targets.rts6000.ae674 : Memory.oe674 (.text:xdc_runtime_Memory_valloc__E)
                  00803380    00000060                              : Text.oe674 (.text:xdc_runtime_Text_cordText__E)
                  008033e0    00000040     libcbuff_xwr16xx.ae674 : cbuff.oe674 (.text:CBUFF_FrameStartISR)
                  00803420    00000040                            : cbuff_lvds.oe674 (.text:CBUFF_finalizeLVDSLinkListParams)
                  00803460    00000040     libcrc_xwr16xx.ae674 : crc.oe674 (.text:CRC_getSignatureRegister)
                  008034a0    00000040                          : crc.oe674 (.text:CRC_releaseTransactionId)
                  008034e0    00000040     libadcbuf_xwr16xx.ae674 : adcbuf_mmwave.oe674 (.text:CSL_FEXTR)
                  00803520    00000040     libcbuff_xwr16xx.ae674 : cbuff.oe674 (.text:CSL_FEXTR)
                  00803560    00000040                            : cbuff_lvds.oe674 (.text:CSL_FEXTR)
                  008035a0    00000040     libhsiheader_xwr16xx.ae674 : hsiheader.oe674 (.text:CSL_FEXTR)
                  008035e0    00000040     libmmwave_xwr16xx.ae674 : mmwave.oe674 (.text:CSL_FEXTR)
                  00803620    00000040     libsoc_xwr16xx.ae674 : soc.oe674 (.text:CSL_FEXTR)
                  00803660    00000040                          : soc_xwr16xx.oe674 (.text:CSL_FEXTR)
                  008036a0    00000040     libadcbuf_xwr16xx.ae674 : adcbuf_mmwave.oe674 (.text:CSL_FINSR)
                  008036e0    00000040     libcbuff_xwr16xx.ae674 : cbuff.oe674 (.text:CSL_FINSR)
                  00803720    00000040                            : cbuff_lvds.oe674 (.text:CSL_FINSR)
                  00803760    00000040                            : cbuff_transfer.oe674 (.text:CSL_FINSR)
                  008037a0    00000040     libcrc_xwr16xx.ae674 : crc.oe674 (.text:CSL_FINSR)
                  008037e0    00000040     libmailbox_xwr16xx.ae674 : mailbox.oe674 (.text:CSL_FINSR)
                  00803820    00000040     libsoc_xwr16xx.ae674 : soc.oe674 (.text:CSL_FINSR)
                  00803860    00000040                          : soc_xwr16xx.oe674 (.text:CSL_FINSR)
                  008038a0    00000040                          : soc_xwr16xx_dss.oe674 (.text:CSL_FINSR)
                  008038e0    00000040     libedma_xwr16xx.ae674 : edma_low_level.oe674 (.text:EDMA3DisableDmaEvt)
                  00803920    00000040                           : edma_low_level.oe674 (.text:EDMA3MapQdmaChToPaRAM)
                  00803960    00000040                           : edma_low_level.oe674 (.text:EDMA3SetPaRAM)
                  008039a0    00000040                           : edma_low_level.oe674 (.text:EDMA3SetQdmaTrigWord)
                  008039e0    00000040     libosal_xwr16xx.ae674 : HwiP_tirtos.oe674 (.text:HwiP_create)
                  00803a20    00000040                           : HwiP_tirtos.oe674 (.text:HwiP_delete)
                  00803a60    00000040     libmmwave_xwr16xx.ae674 : mmwave_xwr16xx.oe674 (.text:MMWave_deviceSyncFxn)
                  00803aa0    00000040                             : mmwave.oe674 (.text:MMWave_encodeError)
                  00803ae0    00000040                             : mmwave_listlib.oe674 (.text:MMWave_listAdd)
                  00803b20    00000040                             : mmwave_listlib.oe674 (.text:MMWave_listRemove)
                  00803b60    00000040                             : mmwave_osal.oe674 (.text:MMWave_osalMutexLock)
                  00803ba0    00000040                             : mmwave_osal.oe674 (.text:MMWave_osalSemWait)
                  00803be0    00000040     libmailbox_xwr16xx.ae674 : mailbox.oe674 (.text:Mailbox_boxEmptyISRBss)
                  00803c20    00000040                              : mailbox.oe674 (.text:Mailbox_boxEmptyISRMssDss)
                  00803c60    00000040                              : mailbox.oe674 (.text:Mailbox_boxFullISRBss)
                  00803ca0    00000040     dss_data_path.oe674 (.text:MmwDemo_dataPathInit1Dstate)
                  00803ce0    00000040     dss_main.oe674 (.text:MmwDemo_dssMmwaveConfigCallbackFxn)
                  00803d20    00000040     dss_main.oe674 (.text:MmwDemo_dssMmwaveStartCallbackFxn)
                  00803d60    00000040     dss_data_path.oe674 (.text:MmwDemo_edmaErrorCallbackFxn)
                  00803da0    00000040     dss_data_path.oe674 (.text:MmwDemo_edmaTransferControllerErrorCallbackFxn)
                  00803de0    00000040     dss_main.oe674 (.text:MmwDemo_mboxWrite)
                  00803e20    00000040     dss_data_path.oe674 (.text:MmwDemo_pow2roundup)
                  00803e60    00000040     libsoc_xwr16xx.ae674 : soc_xwr16xx_dss.oe674 (.text:SOC_getInAddr_LUTType)
                  00803ea0    00000040                          : soc_xwr16xx_dss.oe674 (.text:SOC_getOutAddr_LUTType)
                  00803ee0    00000040                          : soc_xwr16xx.oe674 (.text:SOC_isMMWaveDSSOperational)
                  00803f20    00000040                          : soc_xwr16xx.oe674 (.text:SOC_isMMWaveMSSOperational)
                  00803f60    00000040                          : soc_xwr16xx_dss.oe674 (.text:SOC_microDelay)
                  00803fa0    00000040     rts6740_elf.lib : frcmpyd_div.obj (.text:__TI_frcmpyd_div)
                  00803fe0    00000040                     : strasg.obj (.text:__strasgi_64plus)
                  00804020    00000040                     : args_main.obj (.text:_args_main)
                  00804060    00000040     sysbios.ae674 : c62_TaskSupport_asm.obj (.text:_ti_sysbios_family_c62_TaskSupport_buildTaskStack)
                  008040a0    00000040     dss_mmw_pe674.oe674 (.text:free)
                  008040e0    00000040     rts6740_elf.lib : log10.obj (.text:log10)
                  00804120    00000040     libmmwavelink_xwr16xx.ae674 : rl_controller.oe674 (.text:rlAppendDummy)
                  00804160    00000040                                 : rl_device.oe674 (.text:rlDeviceGetRfVersion)
                  008041a0    00000040                                 : rl_driver.oe674 (.text:rlDriverCalCRC)
                  008041e0    00000040     dss_mmw_pe674.oe674 (.text:ti_sysbios_BIOS_exitFunc__I)
                  00804220    00000040     dss_mmw_pe674.oe674 (.text:ti_sysbios_BIOS_rtsLock__I)
                  00804260    00000040     dss_mmw_pe674.oe674 (.text:ti_sysbios_BIOS_rtsUnlock__I)
                  008042a0    00000040     sysbios.ae674 : BIOS.obj (.text:ti_sysbios_family_c64p_EventCombiner_disableEvent__E)
                  008042e0    00000040                   : BIOS.obj (.text:ti_sysbios_family_c64p_EventCombiner_enableEvent__E)
                  00804320    00000040                   : BIOS.obj (.text:ti_sysbios_family_c64p_Exception_externalHandler__I)
                  00804360    00000040                   : BIOS.obj (.text:ti_sysbios_family_c64p_Exception_nmiHandler__I)
                  008043a0    00000040                   : BIOS.obj (.text:ti_sysbios_family_c64p_Hwi_disableIER__E)
                  008043e0    00000040                   : BIOS.obj (.text:ti_sysbios_family_c64p_Hwi_dispatchC__I)
                  00804420    00000040                   : BIOS.obj (.text:ti_sysbios_family_c64p_Hwi_enableIER__E)
                  00804460    00000040                   : BIOS.obj (.text:ti_sysbios_family_c64p_Hwi_getEventId__E)
                  008044a0    00000040     dss_mmw_pe674.oe674 (.text:ti_sysbios_gates_GateHwi_Handle__label__S)
                  008044e0    00000040     dss_mmw_pe674.oe674 (.text:ti_sysbios_gates_GateHwi_Object__delete__S)
                  00804520    00000040     dss_mmw_pe674.oe674 (.text:ti_sysbios_gates_GateMutex_Handle__label__S)
                  00804560    00000040     sysbios.ae674 : BIOS.obj (.text:ti_sysbios_gates_GateMutex_Instance_finalize__E)
                  008045a0    00000040                   : BIOS.obj (.text:ti_sysbios_gates_GateMutex_Instance_init__E)
                  008045e0    00000040                   : BIOS.obj (.text:ti_sysbios_gates_GateMutex_leave__E)
                  00804620    00000040     dss_mmw_pe674.oe674 (.text:ti_sysbios_heaps_HeapMem_Handle__label__S)
                  00804660    00000040     dss_mmw_pe674.oe674 (.text:ti_sysbios_heaps_HeapMem_Object__delete__S)
                  008046a0    00000040     dss_mmw_pe674.oe674 (.text:ti_sysbios_heaps_HeapMem_Object__get__S)
                  008046e0    00000040     sysbios.ae674 : BIOS.obj (.text:ti_sysbios_knl_Clock_addI__E)
                  00804720    00000040                   : BIOS.obj (.text:ti_sysbios_knl_Event_Instance_init__E)
                  00804760    00000040                   : BIOS.obj (.text:ti_sysbios_knl_Event_checkEvents__I)
                  008047a0    00000040                   : BIOS.obj (.text:ti_sysbios_knl_Semaphore_Instance_finalize__E)
                  008047e0    00000040     dss_mmw_pe674.oe674 (.text:ti_sysbios_knl_Semaphore_destruct)
                  00804820    00000040     dss_mmw_pe674.oe674 (.text:ti_sysbios_knl_Task_Object__get__S)
                  00804860    00000040     sysbios.ae674 : BIOS.obj (.text:ti_sysbios_knl_Task_sleepTimeout__I)
                  008048a0    00000040                   : BIOS.obj (.text:ti_sysbios_knl_Task_unblock__E)
                  008048e0    00000040                   : BIOS.obj (.text:ti_sysbios_timers_rti_Timer_ackInterrupt__E)
                  00804920    00000040                   : BIOS.obj (.text:ti_sysbios_timers_rti_Timer_checkOverflow__I)
                  00804960    00000040                   : BIOS.obj (.text:ti_sysbios_utils_Load_getTaskLoad__E)
                  008049a0    00000040     ti.targets.rts6000.ae674 : Error.oe674 (.text:xdc_runtime_Error_check__E)
                  008049e0    00000040                              : Error.oe674 (.text:xdc_runtime_Error_init__E)
                  00804a20    00000040                              : Registry.oe674 (.text:xdc_runtime_Registry_findById__E)
                  00804a60    00000040                              : System.oe674 (.text:xdc_runtime_System_abort__E)
                  00804aa0    00000040     dss_mmw_pe674.oe674 (.text:xdc_runtime_System_aprintf__E)
                  00804ae0    00000040     ti.targets.rts6000.ae674 : System.oe674 (.text:xdc_runtime_System_exit__E)
                  00804b20    00000040     dss_mmw_pe674.oe674 (.text:xdc_runtime_System_printf__E)
                  00804b60    00000020     libadcbuf_xwr16xx.ae674 : ADCBuf.oe674 (.text:ADCBuf_Params_init)
                  00804b80    00000020                             : ADCBuf.oe674 (.text:ADCBuf_control)
                  00804ba0    00000020                             : ADCBuf.oe674 (.text:ADCBuf_getChanBufAddr)
                  00804bc0    00000020     libcbuff_xwr16xx.ae674 : cbuff_lvds.oe674 (.text:CBUFF_deinitLVDS)
                  00804be0    00000020     libcrc_xwr16xx.ae674 : crc.oe674 (.text:CRC_initConfigParams)
                  00804c00    00000020     libsoc_xwr16xx.ae674 : soc_xwr16xx_dss.oe674 (.text:CSL_FEXTR)
                  00804c20    00000020     libedma_xwr16xx.ae674 : edma_low_level.oe674 (.text:EDMA3ChannelToParamMap)
                  00804c40    00000020                           : edma_low_level.oe674 (.text:EDMA3ClrCCErr)
                  00804c60    00000020                           : edma_low_level.oe674 (.text:EDMA3DisableQdmaEvt)
                  00804c80    00000020                           : edma_low_level.oe674 (.text:EDMA3EnableQdmaEvt)
                  00804ca0    00000020                           : edma_low_level.oe674 (.text:EDMA3ErrIntrHighStatusGet)
                  00804cc0    00000020                           : edma_low_level.oe674 (.text:EDMA3GetCCErrStatus)
                  00804ce0    00000020                           : edma_low_level.oe674 (.text:EDMA3GetErrIntrStatus)
                  00804d00    00000020                           : edma_low_level.oe674 (.text:EDMA3GetIntrStatus)
                  00804d20    00000020                           : edma_low_level.oe674 (.text:EDMA3IntrStatusHighGet)
                  00804d40    00000020                           : edma_low_level.oe674 (.text:EDMA3QdmaClrMissEvt)
                  00804d60    00000020                           : edma_low_level.oe674 (.text:EDMA3QdmaGetErrIntrStatus)
                  00804d80    00000020                           : edma.oe674 (.text:EDMA_getNumInstances)
                  00804da0    00000020                           : edma_low_level.oe674 (.text:EDMAsetRegion)
                  00804dc0    00000020     libosal_xwr16xx.ae674 : HwiP_tirtos.oe674 (.text:HwiP_Params_init)
                  00804de0    00000020                           : HwiP_tirtos.oe674 (.text:HwiP_disable)
                  00804e00    00000020                           : HwiP_tirtos.oe674 (.text:HwiP_disableInterrupt)
                  00804e20    00000020                           : HwiP_tirtos.oe674 (.text:HwiP_enableInterrupt)
                  00804e40    00000020                           : HwiP_tirtos.oe674 (.text:HwiP_restore)
                  00804e60    00000020     libmmwave_xwr16xx.ae674 : mmwave.oe674 (.text:MMWave_decodeErrorLevel)
                  00804e80    00000020                             : mmwave_xwr16xx.oe674 (.text:MMWave_deviceGetDeviceInfo)
                  00804ea0    00000020                             : mmwave_xwr16xx.oe674 (.text:MMWave_deviceMailboxCallbackFxn)
                  00804ec0    00000020                             : mmwave_link.oe674 (.text:MMWave_disableDevice)
                  00804ee0    00000020                             : mmwave_link.oe674 (.text:MMWave_enableDevice)
                  00804f00    00000020                             : mmwave_listlib.oe674 (.text:MMWave_listGetHead)
                  00804f20    00000020                             : mmwave_listlib.oe674 (.text:MMWave_listGetNext)
                  00804f40    00000020                             : mmwave_link.oe674 (.text:MMWave_maskHostIRQ)
                  00804f60    00000020                             : mmwave_link.oe674 (.text:MMWave_mboxCallbackFxn)
                  00804f80    00000020                             : mmwave_link.oe674 (.text:MMWave_mboxClose)
                  00804fa0    00000020                             : mmwave_link.oe674 (.text:MMWave_mboxRead)
                  00804fc0    00000020                             : mmwave_osal.oe674 (.text:MMWave_osalMutexDelete)
                  00804fe0    00000020                             : mmwave_osal.oe674 (.text:MMWave_osalMutexUnlock)
                  00805000    00000020                             : mmwave_osal.oe674 (.text:MMWave_osalSemDelete)
                  00805020    00000020                             : mmwave_osal.oe674 (.text:MMWave_osalSemSignal)
                  00805040    00000020                             : mmwave_link.oe674 (.text:MMWave_registerInterruptHandler)
                  00805060    00000020                             : mmwave_link.oe674 (.text:MMWave_unmaskHostIRQ)
                  00805080    00000020                             : mmwave_link.oe674 (.text:MMWave_waitIRQStatus)
                  008050a0    00000020     libosal_xwr16xx.ae674 : MemoryP_tirtos.oe674 (.text:MemoryP_ctrlAlloc)
                  008050c0    00000020                           : MemoryP_tirtos.oe674 (.text:MemoryP_ctrlFree)
                  008050e0    00000020     dss_main.oe674 (.text:MmwDemo_dssMmwaveCloseCallbackFxn)
                  00805100    00000020     dss_main.oe674 (.text:MmwDemo_dssMmwaveStopCallbackFxn)
                  00805120    00000020     dss_main.oe674 (.text:MmwDemo_mboxCallback)
                  00805140    00000020     dss_main.oe674 (.text:MmwDemo_sleep)
                  00805160    00000020     libosal_xwr16xx.ae674 : SemaphoreP_tirtos.oe674 (.text:SemaphoreP_Params_init)
                  00805180    00000020                           : SemaphoreP_tirtos.oe674 (.text:SemaphoreP_delete)
                  008051a0    00000020                           : SemaphoreP_tirtos.oe674 (.text:SemaphoreP_pend)
                  008051c0    00000020                           : SemaphoreP_tirtos.oe674 (.text:SemaphoreP_post)
                  008051e0    00000020                           : DebugP_tirtos.oe674 (.text:_DebugP_assert)
                  00805200    00000020     rts6740_elf.lib : errno.obj (.text:__c6xabi_errno_addr)
                  00805220    00000020                     : push.obj (.text:__pop_rts)
                  00805240    00000020                     : push.obj (.text:__push_rts)
                  00805260    00000020     ti.targets.rts6000.ae674 : xdc_noinit.oe674 (.text:__xdc__init)
                  00805280    00000020     rts6740_elf.lib : _lock.obj (.text:_nop)
                  008052a0    00000020                     : _lock.obj (.text:_register_lock)
                  008052c0    00000020                     : _lock.obj (.text:_register_unlock)
                  008052e0    00000020     sysbios.ae674 : c62_TaskSupport_asm.obj (.text:_ti_sysbios_family_c62_TaskSupport_glue)
                  00805300    00000020     rts6740_elf.lib : exit.obj (.text:abort)
                  00805320    00000020                     : fputc.obj (.text:putchar)
                  00805340    00000020     libmmwavelink_xwr16xx.ae674 : rl_driver.oe674 (.text:rlDriverGetHandle)
                  00805360    00000020                                 : rl_driver.oe674 (.text:rlDriverGetPlatformId)
                  00805380    00000020                                 : rl_driver.oe674 (.text:rlDriverIsDeviceMapValid)
                  008053a0    00000020                                 : rl_controller.oe674 (.text:rlGetSubBlockId)
                  008053c0    00000020                                 : rl_controller.oe674 (.text:rlGetSubBlockLen)
                  008053e0    00000020     dss_mmw_pe674.oe674 (.text:ti_sysbios_BIOS_RtsGateProxy_enter__E)
                  00805400    00000020     dss_mmw_pe674.oe674 (.text:ti_sysbios_BIOS_RtsGateProxy_leave__E)
                  00805420    00000020     sysbios.ae674 : BIOS.obj (.text:ti_sysbios_BIOS_getCpuFreq__E)
                  00805440    00000020                   : BIOS.obj (.text:ti_sysbios_BIOS_linkedWithIncorrectBootLibrary__E)
                  00805460    00000020     dss_mmw_pe674.oe674 (.text:ti_sysbios_BIOS_nullFunc__I)
                  00805480    00000020     sysbios.ae674 : BIOS.obj (.text:ti_sysbios_BIOS_setThreadType__E)
                  008054a0    00000020                   : BIOS.obj (.text:ti_sysbios_BIOS_start__E)
                  008054c0    00000020     dss_mmw_pe674.oe674 (.text:ti_sysbios_family_c62_TaskSupport_Module__startupDone__S)
                  008054e0    00000020     sysbios.ae674 : BIOS.obj (.text:ti_sysbios_family_c62_TaskSupport_checkStack__E)
                  00805500    00000020                   : BIOS.obj (.text:ti_sysbios_family_c62_TaskSupport_getStackAlignment__E)
                  00805520    00000020     dss_mmw_pe674.oe674 (.text:ti_sysbios_family_c64p_Hwi_Module__startupDone__F)
                  00805540    00000020     sysbios.ae674 : BIOS.obj (.text:ti_sysbios_family_c64p_Hwi_clearInterrupt__E)
                  00805560    00000020                   : BIOS.obj (.text:ti_sysbios_family_c64p_Hwi_disableInterrupt__E)
                  00805580    00000020                   : BIOS.obj (.text:ti_sysbios_family_c64p_Hwi_enableInterrupt__E)
                  008055a0    00000020                   : BIOS.obj (.text:ti_sysbios_family_c64p_Hwi_getIsrStackAddress__I)
                  008055c0    00000020                   : BIOS.obj (.text:ti_sysbios_family_c64p_Hwi_startup__E)
                  008055e0    00000020                   : BIOS.obj (.text:ti_sysbios_family_c64p_Hwi_switchFromBootStack__E)
                  00805600    00000020                   : BIOS.obj (.text:ti_sysbios_family_c64p_TimestampProvider_Module_startup__E)
                  00805620    00000020                   : BIOS.obj (.text:ti_sysbios_family_c64p_TimestampProvider_get32__E)
                  00805640    00000020                   : BIOS.obj (.text:ti_sysbios_gates_GateHwi_Instance_init__E)
                  00805660    00000020                   : BIOS.obj (.text:ti_sysbios_gates_GateHwi_enter__E)
                  00805680    00000020                   : BIOS.obj (.text:ti_sysbios_gates_GateHwi_leave__E)
                  008056a0    00000020                   : BIOS.obj (.text:ti_sysbios_gates_GateHwi_query__E)
                  008056c0    00000020                   : BIOS.obj (.text:ti_sysbios_gates_GateMutex_query__E)
                  008056e0    00000020                   : BIOS.obj (.text:ti_sysbios_hal_Hwi_Module_startup__E)
                  00805700    00000020     dss_mmw_pe674.oe674 (.text:ti_sysbios_heaps_HeapMem_Module_GateProxy_enter__E)
                  00805720    00000020     dss_mmw_pe674.oe674 (.text:ti_sysbios_heaps_HeapMem_Module_GateProxy_leave__E)
                  00805740    00000020     sysbios.ae674 : BIOS.obj (.text:ti_sysbios_heaps_HeapMem_isBlocking__E)
                  00805760    00000020                   : BIOS.obj (.text:ti_sysbios_heaps_HeapMem_restore__E)
                  00805780    00000020     dss_mmw_pe674.oe674 (.text:ti_sysbios_knl_Clock_TimerProxy_getMaxTicks__E)
                  008057a0    00000020     sysbios.ae674 : BIOS.obj (.text:ti_sysbios_knl_Clock_removeI__E)
                  008057c0    00000020                   : BIOS.obj (.text:ti_sysbios_knl_Clock_startI__E)
                  008057e0    00000020                   : BIOS.obj (.text:ti_sysbios_knl_Idle_loop__E)
                  00805800    00000020                   : BIOS.obj (.text:ti_sysbios_knl_Queue_Instance_init__E)
                  00805820    00000020     dss_mmw_pe674.oe674 (.text:ti_sysbios_knl_Queue_Object__get__S)
                  00805840    00000020     sysbios.ae674 : BIOS.obj (.text:ti_sysbios_knl_Queue_dequeue__E)
                  00805860    00000020     dss_mmw_pe674.oe674 (.text:ti_sysbios_knl_Queue_destruct)
                  00805880    00000020     sysbios.ae674 : BIOS.obj (.text:ti_sysbios_knl_Queue_empty__E)
                  008058a0    00000020                   : BIOS.obj (.text:ti_sysbios_knl_Queue_enqueue__E)
                  008058c0    00000020                   : BIOS.obj (.text:ti_sysbios_knl_Queue_put__E)
                  008058e0    00000020     dss_mmw_pe674.oe674 (.text:ti_sysbios_knl_Semaphore_Params__init__S)
                  00805900    00000020     dss_mmw_pe674.oe674 (.text:ti_sysbios_knl_Semaphore_delete)
                  00805920    00000020     dss_mmw_pe674.oe674 (.text:ti_sysbios_knl_Task_Params__init__S)
                  00805940    00000020     sysbios.ae674 : BIOS.obj (.text:ti_sysbios_knl_Task_disable__E)
                  00805960    00000020                   : BIOS.obj (.text:ti_sysbios_knl_Task_enabled__E)
                  00805980    00000020                   : BIOS.obj (.text:ti_sysbios_knl_Task_startup__E)
                  008059a0    00000020     dss_mmw_pe674.oe674 (.text:ti_sysbios_timers_rti_Timer_Module__startupDone__F)
                  008059c0    00000020     sysbios.ae674 : BIOS.obj (.text:ti_sysbios_timers_rti_Timer_getMaxTicks__E)
                  008059e0    00000020                   : BIOS.obj (.text:ti_sysbios_timers_rti_Timer_periodicStub__E)
                  00805a00    00000020                   : BIOS.obj (.text:ti_sysbios_utils_Load_getCPULoad__E)
                  00805a20    00000020                   : BIOS.obj (.text:ti_sysbios_utils_Load_taskRegHook__E)
                  00805a40    00000020     ti.targets.rts6000.ae674 : Error.oe674 (.text:xdc_runtime_Error_getSite__E)
                  00805a60    00000020                              : Error.oe674 (.text:xdc_runtime_Error_raiseX__E)
                  00805a80    00000020                              : Gate.oe674 (.text:xdc_runtime_Gate_enterSystem__E)
                  00805aa0    00000020                              : Gate.oe674 (.text:xdc_runtime_Gate_leaveSystem__E)
                  00805ac0    00000020     dss_mmw_pe674.oe674 (.text:xdc_runtime_IHeap_alloc)
                  00805ae0    00000020     dss_mmw_pe674.oe674 (.text:xdc_runtime_IHeap_free)
                  00805b00    00000020     ti.targets.rts6000.ae674 : Memory.oe674 (.text:xdc_runtime_Memory_calloc__E)
                  00805b20    00000020                              : Memory.oe674 (.text:xdc_runtime_Memory_free__E)
                  00805b40    00000020                              : Memory.oe674 (.text:xdc_runtime_Memory_getMaxDefaultTypeAlign__E)
                  00805b60    00000020     dss_mmw_pe674.oe674 (.text:xdc_runtime_Startup_exec__I)
                  00805b80    00000020     dss_mmw_pe674.oe674 (.text:xdc_runtime_Startup_reset__I)
                  00805ba0    00000020     ti.targets.rts6000.ae674 : Startup.oe674 (.text:xdc_runtime_Startup_rtsDone__E)
                  00805bc0    00000020                              : SysStd.oe674 (.text:xdc_runtime_SysStd_exit__E)
                  00805be0    00000020                              : SysStd.oe674 (.text:xdc_runtime_SysStd_putch__E)
                  00805c00    00000020                              : SysStd.oe674 (.text:xdc_runtime_SysStd_ready__E)
                  00805c20    00000020     dss_mmw_pe674.oe674 (.text:xdc_runtime_System_Module_GateProxy_enter__E)
                  00805c40    00000020     dss_mmw_pe674.oe674 (.text:xdc_runtime_System_Module_GateProxy_leave__E)
                  00805c60    00000020     ti.targets.rts6000.ae674 : System.oe674 (.text:xdc_runtime_System_Module_startup__E)
                  00805c80    00000020                              : System.oe674 (.text:xdc_runtime_System_vsnprintf__E)
                  00805ca0    00000020                              : Text.oe674 (.text:xdc_runtime_Text_ropeText__E)
                  00805cc0    00000020     dss_mmw_pe674.oe674 (.text:xdc_runtime_Text_visitRope__I)

.l2data    0    00805ce0    0000cc00     UNINITIALIZED
                  00805ce0    0000c000     dss_data_path.oe674 (.l2data)
                  00811ce0    00000c00     dss_main.oe674 (.l2data)

systemHeap 
*          0    008128e0    00005000     UNINITIALIZED
                  008128e0    00005000     dss_mmw_pe674.oe674 (systemHeap)

.const     0    008178e0    00002bb1     
                  008178e0    00000be4     dss_main.oe674 (.const:.string)
                  008184c4    00000004     ti.targets.rts6000.ae674 : Assert.oe674 (.const:.string)
                  008184c8    00000800     dss_data_path.oe674 (.const:twiddleTableCommon)
                  00818cc8    00000518     sysbios.ae674 : BIOS.obj (.const:.string)
                  008191e0    00000398     dss_lvds_stream.oe674 (.const:.string)
                  00819578    00000164     dss_config_edma_util.oe674 (.const:.string)
                  008196dc    00000108     libcbuff_xwr16xx.ae674 : cbuff_transfer.oe674 (.const:.string)
                  008197e4    000000f4     dss_data_path.oe674 (.const:.string)
                  008198d8    00000070     libmmwavelink_xwr16xx.ae674 : rl_driver.oe674 (.const)
                  00819948    00000070     dss_data_path.oe674 (.const:twiddleTableLargeFFTSize)
                  008199b8    0000006c     libmmwavelink_xwr16xx.ae674 : rl_driver.oe674 (.const:.string)
                  00819a24    00000004     dss_mmw_pe674.oe674 (.const:ti_sysbios_family_c62_TaskSupport_stackAlignment__C)
                  00819a28    00000068     libedma_xwr16xx.ae674 : edma_xwr1xxx.oe674 (.const:gEdmaHwAttrs)
                  00819a90    00000064     dss_mmw_pe674.oe674 (.const:.string)
                  00819af4    00000058     libedma_xwr16xx.ae674 : edma.oe674 (.const:.string)
                  00819b4c    00000058     ti.targets.rts6000.ae674 : Error.oe674 (.const:.string)
                  00819ba4    0000004c     libmailbox_xwr16xx.ae674 : mailbox.oe674 (.const:.string)
                  00819bf0    00000040     libmmwavealg_xwr16xx.ae674 : mmwavelib_log2abs.oe674 (.const:.string:c_Log2LookUp)
[...]
0081a26c  ti_sysbios_knl_Clock_LM_tick__C                              
0081a270  ti_sysbios_knl_Clock_LW_delayed__C                           
0081a274  ti_sysbios_knl_Clock_Module_State_clockQ__O                  
0081a278  ti_sysbios_knl_Clock_Module__diagsEnabled__C                 
0081a27c  ti_sysbios_knl_Clock_Module__diagsIncluded__C                
0081a280  ti_sysbios_knl_Clock_Module__diagsMask__C                    
0081a284  ti_sysbios_knl_Clock_Module__loggerFxn1__C                   
0081a288  ti_sysbios_knl_Clock_Module__loggerFxn2__C                   
0081a28c  ti_sysbios_knl_Clock_Module__loggerObj__C                    
0081a290  ti_sysbios_knl_Event_A_badContext__C                         
0081a294  ti_sysbios_knl_Event_A_eventInUse__C                         
0081a298  ti_sysbios_knl_Event_A_nullEventId__C                        
0081a29c  ti_sysbios_knl_Event_A_nullEventMasks__C                     
0081a2a0  ti_sysbios_knl_Event_A_pendTaskDisabled__C                   
0081a2a4  ti_sysbios_knl_Event_Instance_State_pendQ__O                 
0081a2a8  ti_sysbios_knl_Event_LM_pend__C                              
0081a2ac  ti_sysbios_knl_Event_LM_post__C                              
0081a2b0  ti_sysbios_knl_Event_Module__diagsEnabled__C                 
0081a2b4  ti_sysbios_knl_Event_Module__diagsIncluded__C                
0081a2b8  ti_sysbios_knl_Event_Module__diagsMask__C                    
0081a2bc  ti_sysbios_knl_Event_Module__loggerFxn4__C                   
0081a2c0  ti_sysbios_knl_Event_Module__loggerFxn8__C                   
0081a2c4  ti_sysbios_knl_Event_Module__loggerObj__C                    
0081a2c8  ti_sysbios_knl_Semaphore_A_badContext__C                     
0081a2cc  ti_sysbios_knl_Semaphore_A_noEvents__C                       
0081a2d0  ti_sysbios_knl_Semaphore_A_overflow__C                       
0081a2d4  ti_sysbios_knl_Semaphore_A_pendTaskDisabled__C               
0081a2d8  ti_sysbios_knl_Semaphore_Instance_State_pendQ__O             
0081a2dc  ti_sysbios_knl_Semaphore_LM_pend__C                          
0081a2e0  ti_sysbios_knl_Semaphore_LM_post__C                          
0081a2e4  ti_sysbios_knl_Semaphore_Module__diagsEnabled__C             
0081a2e8  ti_sysbios_knl_Semaphore_Module__diagsIncluded__C            
0081a2ec  ti_sysbios_knl_Semaphore_Module__diagsMask__C                
0081a2f0  ti_sysbios_knl_Semaphore_Module__loggerFxn2__C               
0081a2f4  ti_sysbios_knl_Semaphore_Module__loggerFxn4__C               
0081a2f8  ti_sysbios_knl_Semaphore_Module__loggerObj__C                
0081a2fc  ti_sysbios_knl_Task_A_badPriority__C                         
0081a300  ti_sysbios_knl_Task_A_badTaskState__C                        
0081a304  ti_sysbios_knl_Task_A_badThreadType__C                       
0081a308  ti_sysbios_knl_Task_A_badTimeout__C                          
0081a30c  ti_sysbios_knl_Task_A_noPendElem__C                          
0081a310  ti_sysbios_knl_Task_A_sleepTaskDisabled__C                   
0081a314  ti_sysbios_knl_Task_E_spOutOfBounds__C                       
0081a318  ti_sysbios_knl_Task_E_stackOverflow__C                       
0081a31c  ti_sysbios_knl_Task_LD_block__C                              
0081a320  ti_sysbios_knl_Task_LD_exit__C                               
0081a324  ti_sysbios_knl_Task_LD_ready__C                              
0081a328  ti_sysbios_knl_Task_LM_sleep__C                              
0081a32c  ti_sysbios_knl_Task_LM_switch__C                             
0081a330  ti_sysbios_knl_Task_Module_State_inactiveQ__O                
0081a334  ti_sysbios_knl_Task_Module__diagsEnabled__C                  
0081a338  ti_sysbios_knl_Task_Module__diagsIncluded__C                 
0081a33c  ti_sysbios_knl_Task_Module__diagsMask__C                     
0081a340  ti_sysbios_knl_Task_Module__loggerFxn2__C                    
0081a344  ti_sysbios_knl_Task_Module__loggerFxn4__C                    
0081a348  ti_sysbios_knl_Task_Module__loggerObj__C                     
0081a34c  ti_sysbios_knl_Task_Object__count__C                         
0081a350  ti_sysbios_knl_Task_Object__heap__C                          
0081a354  ti_sysbios_knl_Task_allBlockedFunc__C                        
0081a358  ti_sysbios_knl_Task_defaultStackHeap__C                      
0081a35c  ti_sysbios_knl_Task_defaultStackSize__C                      
0081a360  ti_sysbios_knl_Task_numConstructedTasks__C                   
0081a364  ti_sysbios_timers_rti_Timer_E_cannotSupport__C               
0081a368  ti_sysbios_timers_rti_Timer_Module__diagsEnabled__C          
0081a36c  ti_sysbios_timers_rti_Timer_Module__diagsIncluded__C         
0081a370  ti_sysbios_timers_rti_Timer_Module__diagsMask__C             
0081a374  ti_sysbios_timers_rti_Timer_numTimerDevices__C               
0081a378  ti_sysbios_timers_rti_Timer_startupNeeded__C                 
0081a37c  ti_sysbios_utils_Load_LS_cpuLoad__C                          
0081a380  ti_sysbios_utils_Load_LS_taskLoad__C                         
0081a384  ti_sysbios_utils_Load_Module_State_taskList__O               
0081a388  ti_sysbios_utils_Load_Module__diagsEnabled__C                
0081a38c  ti_sysbios_utils_Load_Module__diagsIncluded__C               
0081a390  ti_sysbios_utils_Load_Module__diagsMask__C                   
0081a394  ti_sysbios_utils_Load_Module__loggerFxn1__C                  
0081a398  ti_sysbios_utils_Load_Module__loggerFxn4__C                  
0081a39c  ti_sysbios_utils_Load_Module__loggerObj__C                   
0081a3a0  ti_sysbios_utils_Load_postUpdate__C                          
0081a3a4  ti_sysbios_utils_Load_windowInMs__C                          
0081a3a8  xdc_runtime_Assert_E_assertFailed__C                         
0081a3ac  xdc_runtime_Core_A_initializedParams__C                      
0081a3b0  xdc_runtime_Core_Module__diagsEnabled__C                     
0081a3b4  xdc_runtime_Core_Module__diagsIncluded__C                    
0081a3b8  xdc_runtime_Core_Module__diagsMask__C                        
0081a3bc  xdc_runtime_Error_E_memory__C                                
0081a3c0  xdc_runtime_Error_Module__diagsEnabled__C                    
0081a3c4  xdc_runtime_Error_Module__diagsIncluded__C                   
0081a3c8  xdc_runtime_Error_Module__diagsMask__C                       
0081a3cc  xdc_runtime_Error_Module__loggerFxn8__C                      
0081a3d0  xdc_runtime_Error_Module__loggerObj__C                       
0081a3d4  xdc_runtime_Error_policyFxn__C                               
0081a3d8  xdc_runtime_Error_policy__C                                  
0081a3dc  xdc_runtime_Error_raiseHook__C                               
0081a3e0  xdc_runtime_IGateProvider_Interface__BASE__C                 
0081a3e4  xdc_runtime_IHeap_Interface__BASE__C                         
0081a3e8  xdc_runtime_IModule_Interface__BASE__C                       
0081a3ec  xdc_runtime_Log_L_error__C                                   
0081a3f0  xdc_runtime_Main_Module__diagsEnabled__C                     
0081a3f4  xdc_runtime_Main_Module__diagsIncluded__C                    
0081a3f8  xdc_runtime_Main_Module__diagsMask__C                        
0081a3fc  xdc_runtime_Main_Module__loggerFxn1__C                       
0081a400  xdc_runtime_Main_Module__loggerFxn2__C                       
0081a404  xdc_runtime_Main_Module__loggerFxn4__C                       
0081a408  xdc_runtime_Main_Module__loggerObj__C                        
0081a40c  xdc_runtime_Memory_defaultHeapInstance__C                    
0081a410  xdc_runtime_Startup_execImpl__C                              
0081a414  xdc_runtime_Startup_maxPasses__C                             
0081a418  xdc_runtime_Startup_sfxnRts__C                               
0081a41c  xdc_runtime_Startup_sfxnTab__C                               
0081a420  xdc_runtime_System_Module__gateObj__C                        
0081a424  xdc_runtime_System_abortFxn__C                               
0081a428  xdc_runtime_System_exitFxn__C                                
0081a42c  xdc_runtime_System_extendFxn__C                              
0081a430  xdc_runtime_System_maxAtexitHandlers__C                      
0081a434  xdc_runtime_Text_charTab__C                                  
0081a438  xdc_runtime_Text_nameEmpty__C                                
0081a43c  xdc_runtime_Text_nameStatic__C                               
0081a440  xdc_runtime_Text_nameUnknown__C                              
0081a444  xdc_runtime_Text_visitRopeFxn__C                             
0081a448  xdc_runtime_Text_nodeTab__A                                  
0081a44c  ti_sysbios_family_c64p_Cache_Module__id__C                   
0081a44e  ti_sysbios_family_c64p_EventCombiner_Module__id__C           
0081a450  ti_sysbios_family_c64p_Exception_Module__id__C               
0081a452  ti_sysbios_family_c64p_Exception_useInternalBuffer__C        
0081a454  ti_sysbios_family_c64p_Hwi_Module__id__C                     
0081a456  ti_sysbios_family_c64p_Hwi_Module__loggerDefined__C          
0081a458  ti_sysbios_gates_GateMutex_Module__id__C                     
0081a45a  ti_sysbios_hal_Hwi_Module__id__C                             
0081a45c  ti_sysbios_heaps_HeapMem_Module__id__C                       
0081a45e  ti_sysbios_knl_Clock_Module__id__C                           
0081a460  ti_sysbios_knl_Clock_Module__loggerDefined__C                
0081a462  ti_sysbios_knl_Event_Module__id__C                           
0081a464  ti_sysbios_knl_Event_Module__loggerDefined__C                
0081a466  ti_sysbios_knl_Semaphore_Module__id__C                       
0081a468  ti_sysbios_knl_Semaphore_Module__loggerDefined__C            
0081a46a  ti_sysbios_knl_Task_Module__id__C                            
0081a46c  ti_sysbios_knl_Task_Module__loggerDefined__C                 
0081a46e  ti_sysbios_timers_rti_Timer_Module__id__C                    
0081a470  ti_sysbios_timers_rti_Timer_continueOnSuspend__C             
0081a472  ti_sysbios_utils_Load_Module__id__C                          
0081a474  ti_sysbios_utils_Load_Module__loggerDefined__C               
0081a476  ti_sysbios_utils_Load_autoAddTasks__C                        
0081a478  ti_sysbios_utils_Load_updateInIdle__C                        
0081a47a  xdc_runtime_Core_Module__id__C                               
0081a47c  xdc_runtime_Error_Module__loggerDefined__C                   
0081a47e  xdc_runtime_Error_maxDepth__C                                
0081a480  xdc_runtime_Main_Module__id__C                               
0081a482  xdc_runtime_Main_Module__loggerDefined__C                    
0081a484  xdc_runtime_Memory_Module__id__C                             
0081a486  xdc_runtime_Text_charCnt__C                                  
0081a488  xdc_runtime_Text_isLoaded__C                                 
0081a48a  xdc_runtime_Text_registryModsLastId__C                       
0081a48c  xdc_runtime_Text_unnamedModsLastId__C                        
0081a490  xdc_runtime_Text_charTab__A                                  
0081a498  gMmwDssMCB                                                   
0081b4d0  ti_sysbios_knl_Task_Instance_State_0_stack__A                
0081b7f0  __TI_tmpnams                                                 
0081b930  gMMWave_MCB                                                  
0081ba30  gHSIHeaderMCB                                                
0081bac0  edmaDbg                                                      
0081bad0  gCycleLog                                                    
0081bae0  gMMWave_XWR16xxMCB                                           
0081baf0  ti_sysbios_knl_Task_Instance_State_0_hookEnv__A              
0081baf8  xdc_runtime_Error_IgnoreBlock                                
0081bb18  ti_sysbios_BIOS_Module__state__V                             
0081bb3c  ti_sysbios_family_c64p_Cache_Module__state__V                
0081bb40  ti_sysbios_family_c64p_EventCombiner_Module__state__V        
0081bf40  ti_sysbios_family_c64p_Exception_Module__state__V            
0081bf70  ti_sysbios_family_c64p_Hwi_Module__root__V                   
0081bf78  ti_sysbios_family_c64p_Hwi_Module__state__V                  
0081bfe4  ti_sysbios_gates_GateHwi_Module__root__V                     
0081bfec  ti_sysbios_gates_GateMutex_Module__root__V                   
0081bff4  ti_sysbios_hal_Hwi_Module__root__V                           
0081bffc  ti_sysbios_heaps_HeapMem_Module__root__V                     
0081c004  ti_sysbios_knl_Clock_Module__root__V                         
0081c00c  ti_sysbios_knl_Clock_Module__state__V                        
0081c038  ti_sysbios_knl_Event_Module__root__V                         
0081c040  ti_sysbios_knl_Queue_Module__root__V                         
0081c048  ti_sysbios_knl_Semaphore_Module__root__V                     
0081c050  ti_sysbios_knl_Task_Module__root__V                          
0081c058  ti_sysbios_knl_Task_Module__state__V                         
0081c09c  ti_sysbios_rts_ti_ThreadLocalStorage_Module__state__V        
0081c0a8  ti_sysbios_timers_rti_Timer_Module__root__V                  
0081c0b0  ti_sysbios_timers_rti_Timer_Module__state__V                 
0081c0c0  ti_sysbios_utils_Load_Module__state__V                       
0081c158  xdc_runtime_Error_Module__state__V                           
0081c15c  xdc_runtime_Memory_Module__state__V                          
0081c160  xdc_runtime_Registry_Module__state__V                        
0081c168  xdc_runtime_Startup_Module__state__V                         
0081c170  xdc_runtime_System_Module__state__V                          
0081c178  xdc_runtime_Text_Module__state__V                            
0081c180  __xdc__init__addr                                            
0081c368  rl_txMsg                                                     
0081c468  rl_rxMsg                                                     
0081c568  _ftable                                                      
0081c7e8  ti_sysbios_knl_Task_Module_State_0_readyQ__A                 
0081c8e0  gCBUFFHwAttribute                                            
0081c958  ti_sysbios_family_c64p_Hwi_Object__table__V                  
0081c9d0  gMailboxMCB                                                  
0081ca20  ti_sysbios_knl_Task_Object__table__V                         
0081ca6c  _lock                                                        
0081ca70  SOC_TranslateAddr_LUT                                        
0081cab0  ti_sysbios_gates_GateMutex_Object__table__V                  
0081caf0  ti_sysbios_timers_rti_Timer_Object__table__V                 
0081cb2c  _unlock                                                      
0081cb30  gCBUFFInterfaceFxn                                           
0081cb68  gMailboxDssMssHwCfg                                          
0081cb80  gMailboxDssBssHwCfg                                          
0081cb98  ti_sysbios_utils_Load_Module_State_0_taskEnv__A              
0081cbb4  __TI_ft_end                                                  
0081cbd0  ADCBuf_config                                                
0081cc00  gInterleavedTransferFxn                                      
0081cc18  gMultipleChirpNonInterleavedTransferFxn                      
0081cc30  gNonInterleavedTransferFxn                                   
0081cc48  gSOCHwAttrib                                                 
0081cc60  ti_sysbios_heaps_HeapMem_Object__table__V                    
0081cc78  ti_sysbios_timers_rti_Timer_Module_State_0_device__A         
0081cc90  ti_sysbios_timers_rti_Timer_Module_State_0_intFreqs__A       
0081cca0  __TI_cleanup_ptr                                             
0081cca4  __TI_dtors_ptr                                               
0081cca8  __TI_enable_exit_profile_output                              
0081ccac  __errno                                                      
0081ccac  errno                                                        
0081ccb0  ti_sysbios_hal_Hwi_Object__table__V                          
0081ccb8  ti_sysbios_timers_rti_Timer_Module_State_0_handles__A        
0081ccc0  ti_sysbios_gates_GateHwi_Object__table__V                    
0081ccc8  ti_sysbios_knl_Task_Module_State_0_idleTask__A               
0081ccd0  ti_sysbios_utils_Load_Module_State_0_runningTask__A          
0081ccd8  ti_sysbios_utils_Load_Module_State_0_taskStartTime__A        
0081cce0  _stack                                                       
0081d3e0  __TI_STACK_END                                               
0081d5b8  __CIOBUF_                                                    
0081d6d8  __TI_STATIC_BASE                                             
0081d6e0  gCRCRegister                                                 
0081d6e4  regionId                                                     
0081d6e8  _MmwDemo_fastCode_L1PSRAM_copy_table                         
0081d6e8  __TI_table__MmwDemo_fastCode_L1PSRAM_copy_table              
00e00000  DSP_fft32x32                                                 
00e00380  DSP_fft16x16                                                 
00e00680  mmwavelib_cfarCadB_SOGO                                      
00e00c60  mmwavelib_cfarCadBwrap                                       
00e01060  mmwavelib_log2Abs32                                          
00e01260  mmwavelib_windowing16x16_evenlen                             
00e01440  mmwavelib_dftSingleBinWithWindow                             
00e015e0  mmwavelib_vecsum                                             
00e01680  mmwavelib_windowing16x32                                     
00e01720  mmwavelib_accum16                                            
00e01780  mmwavelib_vecsubc                                            
00e017e0  cossp                                                        
00e01914  sinsp                                                        
00e01a20  sqrtsp                                                       
00e01ac0  divsp                                                        
00e01b20  MmwDemo_interFrameProcessing                                 
00e032c0  MmwDemo_interChirpProcessing                                 
00e034e0  MmwDemo_XYestimation                                         
00e03800  MmwDemo_cfarPeakGrouping                                     
00f00000  gMmwL1                                                       
20000000  _L3data_start                                                
20000000  gMmwL3                                                       
20003c20  SOC_init                                                     
200040a0  main                                                         
200041a0  MmwDemo_dataPathInitEdma                                     
21080000  gHSRAM                                                       
ffffffff  __TI_pprof_out_hndl                                          
ffffffff  __TI_prof_data_size                                          
ffffffff  __TI_prof_data_start                                         
ffffffff  __binit__                                                    
ffffffff  __c_args__                                                   
ffffffff  binit                                                        
UNDEFED   __TI_CINIT_Base                                              
UNDEFED   __TI_CINIT_Limit                                             
UNDEFED   __TI_Handler_Table_Base                                      
UNDEFED   __TI_Handler_Table_Limit                                     
UNDEFED   __TI_INITARRAY_Base                                          
UNDEFED   __TI_INITARRAY_Limit                                         
UNDEFED   __TI_TLS_INIT_Base                                           
UNDEFED   __TI_TLS_INIT_Limit                                          

[1012 symbols]
